
Client URLBuilder | defaultOptions (tests/client/url_builder.spec.ts)
  ✔ defaultOptions prefixUrl is applied to all generated URLs (1.46ms)
  ✔ defaultOptions prefixUrl works with method-specific builders (0.48ms)
  ✔ per-call prefixUrl overrides defaultOptions prefixUrl (0.32ms)
  ✔ per-call options merge with defaultOptions (0.26ms)
  ✔ per-call prefixUrl empty string removes default prefix (0.32ms)
  ✔ defaultOptions qs is applied to all generated URLs (0.2ms)
  ✔ per-call qs overrides defaultOptions qs (0.33ms)

Cookie Client (tests/cookies/client.spec.ts)
  ✔ sign cookie (1.43ms)
  ✔ encrypt cookie (1.6ms)
  ✔ encode cookie (0.48ms)
  ✔ parse plain cookie (0.22ms)
  ✔ parse encrypted cookie (0.37ms)
  ✔ parse signed cookie (0.31ms)

Cookie | driver | encrypted (tests/cookies/drivers/encrypted.spec.ts)
  ✔ encrypt value (0.39ms)
  ✔ do not encrypt null or undefined values (0.16ms)
  ✔ decrypt value (0.32ms)
  ✔ do not decrypt invalid string value (0.13ms)

Cookie | driver | signed (tests/cookies/drivers/signed.spec.ts)
  ✔ sign value (0.22ms)
  ✔ do not sign null or undefined values (0.12ms)
  ✔ unsign value (0.17ms)
  ✔ do not unsign invalid string value (0.14ms)

Cookie | parse (tests/cookies/parser.spec.ts)
  ✔ get signed cookies (0.87ms)
  ✔ get signed cookies from the cache (0.24ms)
  ✔ get encrypted cookies (0.42ms)
  ✔ get encrypted cookies from the cache (0.23ms)
  ✔ get plain cookies (0.27ms)
  ✔ get plain cookies from the cache (0.15ms)
  ✔ get non-stringified plain cookies (0.22ms)

Cookie | parse | tampering (tests/cookies/parser.spec.ts)
  ✔ detect tampered encrypted cookie (1.36ms)
  ✔ detect tampered signed cookie (0.48ms)
  ✔ detect when signed cookies is tampered as plain cookie (0.29ms)
  ✔ detect when encrypted cookies is tampered as plain cookie (0.27ms)

Cookie | parse | swap (tests/cookies/parser.spec.ts)
  ✔ detect encrypted cookies swap (0.51ms)
  ✔ detect signed cookies swap (0.33ms)

Cookie | serialize (tests/cookies/serializer.spec.ts)
  ✔ serialize and sign cookie (0.23ms)
  ✔ serialize and encrypt cookie (0.27ms)
  ✔ serialize and base64 encode cookie (0.16ms)
  ✔ serialize and don't stringify cookie (0.15ms)
  ✔ set cookie domain (0.29ms)
  ✔ set httponly flag (0.13ms)
  ✔ invoke expires callback when defined as a function (1s)
  ✔ do not set expires when it is set to undefined (0.56ms)
  ✔ do not set max age when it is set to undefined (0.55ms)
  ✔ define max age as time expression (0.81ms)
  ✔ define max age in seconds (0.6ms)

Define config (tests/define_config.spec.ts)
  ✔ define server config (1.86ms)
  ✔ give preference to defined config (0.61ms)
  ✔ configure the tree matcher (0.5ms)
  ✔ compile trustProxy config when boolean (0.44ms)
  ✔ compile trustProxy config when string (0.3ms)
  ✔ compile trustProxy config when a function (0.26ms)
  ✔ deep merge user values with defaults (0.38ms)

Define named middleware (tests/define_named_middleware.spec.ts)
  ✔ define a collection of named middleware (0.92ms)
  ✔ infer types for middleware options (0.5ms)
  ✔ infer types for middleware optional options (0.43ms)

Exception handler | handle (tests/exceptions/exception_handler.spec.ts)
  ✔ handle error by pretty printing it using youch (15.25ms)
  ✔ pretty error as JSON when request accepts JSON (3.6ms)
  ✔ pretty error as JSON when request accepts JSONAPI (3.1ms)
  ✔ do not render stack trace when debugging is disabled (1.07ms)
  ✔ escape error message when rendering HTML without debug stack trace (1.22ms)
  ✔ do not render stack trace in JSON response when debugging is disabled (0.59ms)
  ✔ do not render stack trace in JSON API response when debugging is disabled (0.53ms)
  ✔ use error status code (6.66ms)
  ✔ render error using the error handle method (0.83ms)
  ✔ render status page (0.76ms)
  ✔ do not render status page for API requests (0.89ms)
  ✔ do not render status page when exception has handle method (0.59ms)
  ✔ handle literal values raised as exception (2.56ms)
  ✔ render validation error to a string (0.93ms)
  ✔ escape validation error messages when rendering HTML (0.7ms)
  ✔ overwrite public methods using macros (2.06ms)
  ✔ render validation error to JSON (0.64ms)
  ✔ render validation error to JSONAPI (0.51ms)
  ✔ use status page return value for response (0.58ms)
  ✔ do not overwrite response explicitly set via response.send method (0.64ms)

Exception handler | report (tests/exceptions/exception_handler.spec.ts)
  ✔ report error using logger (1.93ms)
  ✔ report errors with status code in 400 range as a warning (0.85ms)
  ✔ report errors with status code below 400 as info (0.77ms)
  ✔ do not report 400, 422 and 401 error codes (0.82ms)
  ✔ do not report internal exceptions (0.8ms)
  ✔ do not report when error reporting is turned off (0.61ms)
  ✔ report error using the error report method (0.84ms)
  ✔ ignore error codes when reporting error (0.71ms)
  ✔ log request id in logs when request id exists (0.92ms)

Http exception (tests/exceptions/http_exception.spec.ts)
  ✔ create http exception with an error object (0.24ms)
  ✔ create http exception with a string message (0.15ms)
  ✔ create http exception with an error of values (0.2ms)
  ✔ create http exception with an object without message (0.14ms)
  ✔ create http exception with null body (0.12ms)
  ✔ create http exception with undefined body (0.12ms)

Append query string (tests/helpers/append_query_string.spec.ts)
  ✔ return pathname as it is when there is no query string to append (0.42ms)
  ✔ append query string to the pathname (0.34ms)
  ✔ append query string to the pathname with existing query string (0.69ms)

getPreviousUrl (tests/helpers/get_previous_url.spec.ts)
  ✔ return fallback when no referer header is set (0.37ms)
  ✔ return fallback when referer header is empty (0.35ms)
  ✔ accept referer matching the host header (0.53ms)
  ✔ accept referer matching an allowed host (0.29ms)
  ✔ return fallback when referer host does not match (0.25ms)
  ✔ return fallback for malformed referer (0.2ms)
  ✔ accept relative referer URLs (0.29ms)
  ✔ accept referer matching the :authority pseudo header on HTTP/2 (0.23ms)
  ✔ prefer :authority over host when both are present (0.28ms)

isValidRedirectUrl (tests/helpers/is_valid_redirect_url.spec.ts)
  ✔ accept relative URLs starting with / (0.16ms)
  ✔ reject empty or non-string values (0.14ms)
  ✔ reject protocol-relative URLs (0.11ms)
  ✔ reject relative URLs that trick the URL parser (0.13ms)
  ✔ accept absolute URLs when no host constraints are provided (0.13ms)
  ✔ reject malformed absolute URLs (0.14ms)
  ✔ accept absolute URLs matching currentHost (0.13ms)
  ✔ reject absolute URLs not matching currentHost (0.12ms)
  ✔ accept absolute URLs in allowedHosts (0.21ms)
  ✔ reject absolute URLs not in allowedHosts or currentHost (0.17ms)
  ✔ relative URLs ignore host constraints (0.12ms)

Helpers | parse range (tests/helpers/parse_range.spec.ts)
  ✔ parse a range expression to an object (0.23ms)
  ✔ parse when both the numbers of the range are same (0.19ms)
  ✔ raise error when end value is smaller than starting value (0.45ms)
  ✔ return empty object when range has non-numeric values (0.15ms)
  ✔ parse when there is no range expression (0.12ms)
  ✔ return error when no ending value is provided in range (0.15ms)
  ✔ return empty object when ending value is not number (0.2ms)

Http context | local storage (tests/http_context/local_storage.spec.ts)
  ✔ get http context inside a local storage scope (1.04ms)
  ✔ maintain context scope during parallel calls (1.6ms)
  ✔ maintain context scope within setTimeout (4.15ms)

Match route (tests/match_route.spec.ts)
  ✔ return url params when a match is found (0.53ms)
  ✔ return null when unable to find a match (0.36ms)
  ✔ match routes with wildcards (0.31ms)

Middleware info (tests/middleware_info.spec.ts)
  ✔ get middleware info using closures (1.17ms)
  ✔ get named middleware info (1.72ms)
  ✔ get global middleware info (0.6ms)

Redirect (tests/redirect.spec.ts)
  ✔ redirect to given url (15.71ms)
  ✔ redirect to given url with query string (4.84ms)
  ✔ redirect to given url without overriding global query string forwarding (3.59ms)
  ✔ redirect to given url can disable global query string forwarding (3.36ms)
  ✔ redirect to given url and forward current query string (5.72ms)
  ✔ redirect to given url with custom query string (2.47ms)
  ✔ redirect to given url with custom query string overwriting the forward rules (2.83ms)
  ✔ redirect to given url with custom query given as object (2.53ms)
  ✔ do not set query string when originally there was no query string (2.84ms)
  ✔ redirect to given url and set custom statusCode (2.91ms)
  ✔ redirect to given url and set custom statusCode using fluent API (2.63ms)
  ✔ redirect back to referrer (2.34ms)
  ✔ redirect back to referrer with existing query string (2.56ms)
  ✔ redirect back to referrer with query string (2.17ms)
  ✔ redirect back to root (/) when referrer header is not set (1.65ms)
  ✔ redirect back to root (/) when referrer header is empty (2.17ms)
  ✔ redirect to given route (3.21ms)
  ✔ redirect to given route with params (2.18ms)
  ✔ encode route params before redirecting (0.45ms)
  ✔ redirect to given route with domain (0.45ms)
  ✔ redirect to given route and forward query string (2.42ms)
  ✔ redirect to given route and add qs via makeRoute (4.12ms)
  ✔ throw when given route is not found (1.52ms)
  ✔ merge query string values when withQs is called multiple times (2.03ms)
  ✔ merge query string with current url qs values (1.99ms)
  ✔ do not set query string original url has no qs (1.86ms)
  ✔ clear existing qs (1.65ms)

Request (tests/request.spec.ts)
  ✔ get http request query string (1.25ms)
  ✔ update request initial body (1.59ms)
  ✔ updating request body later must not impact the original body (1.32ms)
  ✔ updating nested properties of request body must not impact the original body (1.24ms)
  ✔ merge query string with all and original (1.66ms)
  ✔ raise error when setInitialBody is called twice (1.54ms)
  ✔ compute original and all even if body was never set (1.5ms)
  ✔ compute all when query string is updated (1.46ms)
  ✔ read input value from request (1.65ms)
  ✔ read nested input value from request (1.8ms)
  ✔ read array input value from request (2.62ms)
  ✔ get all except few keys (1.9ms)
  ✔ get all except few keys from nested object (1.47ms)
  ✔ get only few keys (1.26ms)
  ✔ get request params (1.62ms)
  ✔ get value for a given param (1.54ms)
  ✔ get only few keys from nested object (1.49ms)
  ✔ get request headers (1.8ms)
  ✔ get value for a given request header (1.42ms)
  ✔ get ip address (2.14ms)
  ✔ get ip addresses as an array (1.1ms)
  ✔ get request protocol (1.18ms)
(node:18) Warning: Setting the NODE_TLS_REJECT_UNAUTHORIZED environment variable to '0' makes TLS connections and HTTPS requests insecure by disabling certificate verification.
(Use `node --trace-warnings ...` to show where the warning was created)
  ✔ return boolean telling request is secure or not (261.9ms)
  ✔ get request hostname (2.36ms)
  ✔ return an array of subdomains (1.75ms)
  ✔ do not consider www a subdomain (1.79ms)
  ✔ return true for ajax when X-Requested-With is xmlhttprequest (1.5ms)
  ✔ return false for ajax when X-Requested-With header is missing (1.19ms)
  ✔ return true for ajax when X-Pjax header is set (1.31ms)
  ✔ return true for prefetch when Purpose header is prefetch (1.88ms)
  ✔ return true for prefetch when Sec-Purpose header includes prefetch (1.42ms)
  ✔ return true for prefetch when legacy X-Moz header is prefetch (1.57ms)
  ✔ return false for prefetch when no speculative headers are set (1.32ms)
  ✔ do not trust proxy when trustProxy does not allow it (2.01ms)
  ✔ trust proxy when trustProxy allows it (1.27ms)
  ✔ use the first forwarded host from a trusted proxy (1.44ms)
  ✔ trust all proxies when trustProxy is true (1.49ms)
  ✔ trust no proxy when trustProxy is false (1.12ms)
  ✔ return request url without query string (1.51ms)
  ✔ return request url with query string (1.25ms)
  ✔ return complete request url without query string (1.07ms)
  ✔ return complete request url with query string (1.23ms)
  ✔ call getIp method to return ip address when defined inside config (1.1ms)
  ✔ return default value when referer header does not exists (1.25ms)
  ✔ handle referer header spelling inconsistencies (1.15ms)
  ✔ return raw body as null when does not exists (0.91ms)
  ✔ update request raw body (0.98ms)
  ✔ get null when request hostname is missing (1.43ms)
  ✔ get empty array when for subdomains request hostname is missing (1.42ms)
  ✔ set x-request-id header when id method is called (1.33ms)
  ✔ do not generate request id when generateRequestId is false (1.07ms)
  ✔ do not append ? when query string is empty (2.87ms)
  ✔ find if an identifier matches the request route pattern (1.6ms)
  ✔ find if an identifier matches the request route handler name (1.41ms)
  ✔ find if an identifier matches the request route name (1.48ms)
  ✔ find if an one or more identifiers matches the request route name (1.23ms)
  ✔ get request json representation (1.1ms)

Request | Content negotiation (tests/request.spec.ts)
  ✔ content negotiate the request content-type (1.82ms)
  ✔ return null when request body is empty (1.14ms)
  ✔ return all types from most to least preferred (1.4ms)
  ✔ return the most relavant accept type (1.05ms)
  ✔ return all accept languages (1.39ms)
  ✔ return the most relavant language (1.36ms)
  ✔ return all accept charsets (1.25ms)
  ✔ return most relevant charset (1.13ms)
  ✔ return all encodings (1.28ms)
  ✔ return matching encoding (1.11ms)
  ✔ return false from request.stale when etag and if-match-none are same (1.46ms)

Request | cache (tests/request.spec.ts)
  ✔ return false from hasBody when request has no body (1.13ms)
  ✔ return true from hasBody when request has no body (1.02ms)
  ✔ return true from request.fresh when etag and if-match-none are same (1.1ms)
  ✔ return false from request.fresh when etag and if-match-none are same but method is POST (1.11ms)
  ✔ return false from request.fresh when etag and if-match-none are same but statusCode is 301 (1.2ms)

Request | Method spoofing (tests/request.spec.ts)
  ✔ return request http method (1ms)
  ✔ return request spoofed http method when spoofing is enabled (1.07ms)
  ✔ return original http method when spoofing is enabled but original method is GET (0.99ms)

Request | Cookies (tests/request.spec.ts)
  ✔ get all unparsed cookies (1.03ms)
  ✔ get all unsigned cookies via plainCookies (1.1ms)
  ✔ get all signed cookies (1.28ms)
  ✔ get value for a single cookie (1.25ms)
  ✔ use default value when actual value is missing (1.26ms)
  ✔ get value for a single plain cookie (1.26ms)
  ✔ use default value when actual plain cookie value is missing (1.17ms)
  ✔ get value for a single not encoded cookie (1.08ms)
  ✔ get value for a single not encoded cookie using options object (1.1ms)
  ✔ specify plain cookie default value via options object (1.13ms)
  ✔ get value for a single encrypted (1.4ms)
  ✔ use default value when actual value is missing (1.03ms)

Verify signed url (tests/request.spec.ts)
  ✔ return false when signature is not defined (0.98ms)
  ✔ return false when signature cannot be decrypted (1.09ms)
  ✔ return true when signature is valid (1.47ms)
  ✔ return true when signature is valid without any querystring (1.21ms)
  ✔ return false when signature is valid but expired (1.33ms)
  ✔ return true when expiry is in future (1.44ms)
  ✔ return false when purpose is different (1.37ms)
  ✔ return request url set during factory creation (0.33ms)
  ✔ define request url from route (0.44ms)

Response (tests/response.spec.ts)
  ✔ set http response headers (1.79ms)
  ✔ get recently set headers (1.49ms)
  ✔ get header from http res object (1.48ms)
  ✔ set x-request-id header (1.38ms)
  ✔ set x-request-id header when the response has no body (1.45ms)
  ✔ get merged from http res object (1.33ms)
  ✔ append header to existing header (1.17ms)
  ✔ add header via append when header doesn't exists already (0.99ms)
  ✔ append to the header value when it's an array (1.35ms)
  ✔ do not set header when already exists (1.3ms)
  ✔ remove existing response header (1.19ms)
  ✔ set HTTP status (1.21ms)
  ✔ parse buffer and set correct response header (1.28ms)
  ✔ parse Uint8Array and set correct response header (2.78ms)
  ✔ parse string and set correct response header (1.3ms)
  ✔ parse HTML string and return correct response header (1.29ms)
  ✔ get regex in response (1.43ms)
  ✔ parse array and set correct response type (1.17ms)
  ✔ parse object and set correct response type (1.17ms)
  ✔ do not set content type for empty strings (1.27ms)
  ✔ do not set content-type for null (1.19ms)
  ✔ do not write send body and headers unless finish is called explicitly (1.85ms)
  ✔ write send body and headers when finish is called explicitly (1.54ms)
  ✔ do not write response twice if finish is called twice (1.39ms)
  ✔ hasContent must return true after send has been called (1.34ms)
  ✔ hasLazyBody must return true after send has been called (1.34ms)
  ✔ hasLazyBody and hasFileToStream must return true after download has been called (1.21ms)
  ✔ hasContent must return false after download has been called (1.16ms)
  ✔ hasLazyBody and hasStream must return true after stream has been called (1.22ms)
  ✔ hasContent must return false after stream has been called (1.1ms)
  ✔ write jsonp response (1.09ms)
  ✔ use explicit value for callback name (1.2ms)
  ✔ use config value when explicit value is not defined and their is no query string (1.14ms)
  ✔ stream response (3.73ms)
  ✔ raise error when we try to stream a non-existing file (1.57ms)
  ✔ raise error when input is not a stream (1.21ms)
  ✔ raise error when input is a writable stream (2.99ms)
  ✔ should not hit the maxListeners when making more than 10 calls (11.39ms)
  ✔ raise error when stream raises one (2.8ms)
  ✔ send stream errors vs raising them (3.46ms)
  ✔ download file with correct content type (3.01ms)
  ✔ write errors as response when downloading folder (1.94ms)
  ✔ write errors as response when file is missing (3.09ms)
  ✔ return custom message and status when file is missing (1.72ms)
  ✔ do not stream file on HEAD calls (2.24ms)
  ✔ do not stream file when cache is fresh (2.85ms)
  ✔ set HTTP status to 304 when cache is fresh and request is HEAD (2.42ms)
  ✔ set HTTP status to 304 when cache is fresh and request is GET (2.35ms)
  ✔ serve actual response when cache is fresh but request method is POST (4.57ms)
  ✔ do not override status when cache is fresh but redirect status code is set (3.07ms)
  ✔ download file with correct content disposition (4.76ms)
  ✔ download file with custom file name (2.83ms)
  ✔ download file with custom disposition (2.63ms)
  ✔ add multiple vary fields (1.77ms)
  ✔ add multiple vary fields as an array (1.34ms)
  ✔ set status code to 204 when body is empty (1.44ms)
  ✔ do not override explicit status even when body is empty (1.28ms)
  ✔ remove previously set content headers when status code is 304 (1.19ms)
  ✔ generate etag when set to true (1.52ms)
  ✔ set HTTP status to 304 when cache is fresh and request is GET (1.47ms)
  ✔ convert number to string when sending as response (1.26ms)
  ✔ convert boolean to string when sending as response (1.31ms)
  ✔ convert date to string when sending as response (1.26ms)
  ✔ raise error when response data type is not valid (1.24ms)
  ✔ convert serializable objects to JSON representation (1.5ms)
  ✔ send response as 200 when request method is HEAD and cache is not fresh (2.21ms)
  ✔ stream the file when request method is GET and cache is not fresh (2.39ms)
  ✔ set response type with custom charset (1.44ms)
  ✔ set signed cookie (1.63ms)
  ✔ set plain cookie (1.58ms)
  ✔ set encrypted cookie (1.69ms)
  ✔ do not send cookies with null or undefined values (1.29ms)
  ✔ set cookie with custom domain (1.53ms)
  ✔ clear cookie by setting expiry and maxAge in past (1.26ms)
  ✔ abort request by raising exception (1.69ms)
  ✔ abort request with json body (1.6ms)
  ✔ abort request with custom status code (1.75ms)
  ✔ abortIf: abort request when condition is truthy (1.45ms)
  ✔ abortIf: do not abort request when condition is falsy (1.17ms)
  ✔ abortUnless: abort request when condition is falsy (1.52ms)
  ✔ abortUnless: do not abort request when condition is truthy (1.43ms)
  ✔ set appropriate status from the description methods (0.94ms)
  ✔ send null in body with an explicit http status code (1.3ms)
  ✔ do not send body or calculate content-length for a 304 response (1.31ms)
  ✔ get response body (1.27ms)
  ✔ return null when body is a stream (2.34ms)
  ✔ return response status when not defined explicitly (1.33ms)
  ✔ return response status when defined explicitly (1.27ms)
  ✔ listen for the event when response finishes (1.36ms)
  ✔ send JSON using web-native Response (3.5ms)
  ✔ redirect using web-native Response (1.83ms)
  ✔ set headers set by the web-native Response (2.56ms)
  ✔ preserve multiple Set-Cookie headers from a web-native Response (4.66ms)
  ✔ merge Set-Cookie headers from a web-native Response with existing headers (2.34ms)

Route handler info (tests/route_info.spec.ts)
  ✔ get route handler info using closure (0.58ms)
  ✔ get route controller info using dynamic import reference (0.6ms)
  ✔ get route controller info using dynamic import reference from a collection (0.43ms)
  ✔ get route controller info using direct reference (0.38ms)

Brisk Route (tests/router/brisk.spec.ts)
  ✔ define handler for the route (0.97ms)
  ✔ define handler via the redirect method (0.31ms)
  ✔ define handler via the redirectToPath method (0.21ms)

Route | execute (tests/router/execute.spec.ts)
  ✔ execute route handler function (4.18ms)
  ✔ execute route controller specified as a string (1.76ms)
  ✔ execute route controller specified as lazy import (1.38ms)
  ✔ execute route controller specified as a class constructor (1.47ms)
  ✔ execute route middleware defined as a function (1.48ms)
  ✔ do not execute handler when middleware does not call the next method (1.13ms)
  ✔ execute global middleware before the route middleware (1.28ms)
  ✔ do not run route middleware when global middleware does not call next (1.33ms)
  ✔ catch global middleware exceptions (1.4ms)
  ✔ catch route handler exceptions (1.31ms)
  ✔ pass arguments to the named middleware (1.21ms)

Route Group (tests/router/group.spec.ts)
  ✔ define resource inside the group (0.5ms)

Route group | prefix (tests/router/group.spec.ts)
  ✔ define routes prefix (0.36ms)
  ✔ define routes prefix in nested groups (0.3ms)
  ✔ define routes prefix on resourceful routes (0.42ms)
  ✔ define prefix on a brisk route (0.21ms)

Route group | as (tests/router/group.spec.ts)
  ✔ prepend name to the existing route names (0.32ms)
  ✔ prepend name inside nested groups (0.37ms)
  ✔ prepend name to resourceful routes (0.3ms)
  ✔ prepend name to the existing brisk route names (0.26ms)

Route group | middleware (tests/router/group.spec.ts)
  ✔ prepend middleware to existing route middleware (0.39ms)
  ✔ prepend multiple middleware to existing route middleware (0.25ms)
  ✔ keep group own middleware in right order (0.29ms)
  ✔ define nested group middleware in right order (0.27ms)
  ✔ define middleware on nested group route and resource (0.86ms)
  ✔ prepend middleware to existing brisk route middleware (0.29ms)

Route group | domain (tests/router/group.spec.ts)
  ✔ define routes domain (0.27ms)
  ✔ define route domain in nested groups (0.27ms)
  ✔ define domain on resourceful routes (0.41ms)
  ✔ define brisk route domain (0.21ms)

Route group | matchers (tests/router/group.spec.ts)
  ✔ add matcher to group routes (0.27ms)
  ✔ add matcher to nested group routes (0.23ms)
  ✔ do not overwrite matcher defined explicitly on the route (0.18ms)
  ✔ add matcher resource routes (0.3ms)
  ✔ add matcher to brisk routes in the group (0.21ms)

Legacy URL builder (tests/router/legacy_url_builder.spec.ts)
  ✔ create url for a route (0.37ms)
  ✔ create url for a route by its name (0.26ms)
  ✔ create url for a route by its name for the home path (0.39ms)
  ✔ create url for a route by the handler name (0.31ms)
  ✔ create url for a route by the handler name for the home path (0.23ms)
  ✔ raise error when unable to lookup route (0.26ms)
  ✔ create url without performing route lookup (0.22ms)
  ✔ define params as an object (0.2ms)
  ✔ do not overwrite existing params when undefined params are shared (0.22ms)
  ✔ raise error when one or params are missing (0.22ms)
  ✔ allow missing params when param is optional (0.17ms)
  ✔ make route with wildcard params (0.2ms)
  ✔ define wildcard param as an object (0.2ms)
  ✔ raise error when wildcard params are missing (0.25ms)
  ✔ prefix url (0.22ms)
  ✔ define query string with arrays (0.22ms)
  ✔ create and verify signed URLs (0.52ms)
  ✔ create and verify signed URLs with query string (0.49ms)
  ✔ build route with params and extension (0.24ms)

Matchers (tests/router/matchers.spec.ts)
  ✔ get matcher for a number (0.21ms)
  ✔ get matcher for a uuid (0.32ms)
  ✔ uuid matcher rejects non-hex characters (0.13ms)
  ✔ get matcher for a slug (0.29ms)
  ✔ slug matcher does not backtrack excessively on invalid input (0.69ms)

Route Resource (tests/router/resource.spec.ts)
  ✔ define resource routes (0.34ms)
  ✔ cleanup leading and trailing slashes (0.29ms)
  ✔ define resource with a parent path (0.41ms)
  ✔ raise error when resource name is a slash (0.25ms)
  ✔ define nested resource routes (1.55ms)
  ✔ add shallow nested resource routes (1.27ms)
  ✔ mark non-api routes deleted (0.33ms)
  ✔ mark all routes as deleted except the defined one's (0.36ms)
  ✔ mark routes for defined actions as deleted (0.48ms)
  ✔ tap into route by action name (0.26ms)
  ✔ tap into multiple routes by action names (0.43ms)
  ✔ do not tap into deleted routes (0.35ms)
  ✔ define matcher for params (0.77ms)
  ✔ create snake_case route names when resource name is in dash case (0.35ms)
  ✔ create snake_case param and route names when nested resource name is in dash-case (0.35ms)
  ✔ define base prefix for resource route names (0.35ms)
  ✔ allow re-defining resource name for multiple times (0.4ms)
  ✔ do not normalize resource name (0.29ms)
  ✔ rename the resource param (0.4ms)
  ✔ rename the resource param multiple times (0.32ms)
  ✔ define custom param name for nested resource (0.29ms)
  ✔ rename param name for a shallow resource (0.27ms)
  ✔ define resource controller as a class reference (0.32ms)
  ✔ define resource controller as a lazy import reference (0.29ms)
  ✔ define middleware on all routes (0.45ms)
  ✔ define middleware on selected routes (0.28ms)
  ✔ apply middleware in the order they are defined (0.37ms)

Route parser (tests/router/route_parser.spec.ts)
  ✔ parse route with params (0.24ms)
  ✔ parse route params with extensions (0.18ms)
  ✔ do not allow extensions with optional params (0.15ms)
  ✔ parse route params wildcard (0.14ms)

Route (tests/router/route.spec.ts)
  ✔ create a route instance (0.2ms)
  ✔ prefix route (0.22ms)
  ✔ apply multiple prefixes in reverse order (0.23ms)
  ✔ handle leading slash in pattern (0.22ms)
  ✔ handle leading slash in pattern along with prefix (0.21ms)
  ✔ define matcher for param as a string (0.19ms)
  ✔ define matcher for param as a regular expression (0.24ms)
  ✔ define match and cast methods for a param (0.21ms)
  ✔ do not overwrite existing params (0.19ms)
  ✔ define global matchers for params (0.16ms)
  ✔ give preference to local matcher over global (0.24ms)
  ✔ define route domain (0.2ms)
  ✔ do not overwrite route domain unless explicitly stated (0.18ms)
  ✔ use function as a route middleware (0.16ms)
  ✔ use multiple middleware (0.18ms)
  ✔ define a named middleware by reference (0.29ms)
  ✔ use multiple named middleware (0.26ms)
  ✔ give name to the route (0.15ms)
  ✔ prefix to the route name (0.14ms)
  ✔ throw error when prefix without an existing name (0.29ms)
  ✔ update route pattern (1.57ms)
  ✔ auto name route after its string based controller and method (0.23ms)
  ✔ auto name route after its lazily imported controller and method (0.2ms)
  ✔ auto name route after its eagerly imported controller and method (0.24ms)

Router | add (tests/router/router.spec.ts)
  ✔ add routes (0.48ms)
  ✔ raise error when route name is duplicate (0.31ms)
  ✔ create nested groups (0.33ms)
  ✔ apply middleware in nested groups (0.32ms)
  ✔ apply domain in nested groups (0.42ms)
  ✔ apply route matchers on nested groups (0.37ms)
  ✔ apply route matchers using shorthand methods (0.31ms)
  ✔ test empty string param against the matcher (0.52ms)
  ✔ apply route names in group (0.28ms)
  ✔ define global matcher as a string (0.36ms)
  ✔ define global matcher as a regex (0.28ms)
  ✔ define global matcher as an object (0.26ms)

Router | commit (tests/router/router.spec.ts)
  ✔ commit routes to the store (0.36ms)
  ✔ commit routes group to the store (0.3ms)
  ✔ define resource inside a group (0.63ms)
  ✔ define resource inside nested groups (0.39ms)
  ✔ define shallow resource (0.45ms)
  ✔ define nested resource (0.4ms)
  ✔ do not commit route when deleted flag is set to true (0.24ms)

Router | match (tests/router/router.spec.ts)
  ✔ do not match "/users" against "/users/:id" (0.74ms)
  ✔ match "/users" route registered after "/users/:id" (0.43ms)
  ✔ do not match "/posts" against "/posts/:slug?.json" (0.27ms)
  ✔ do not let a malformed repeated-separator route shadow the root route (0.28ms)
  ✔ normalize an empty route pattern to root without matching an empty request path (0.33ms)
  ✔ match routes using specificity precedence (0.46ms)
  ✔ match route using URL (0.46ms)
  ✔ apply uuid matcher when matching route (0.27ms)
  ✔ match route for a specific domain (0.44ms)

Brisk route (tests/router/router.spec.ts)
  ✔ define brisk route (0.25ms)
  ✔ define brisk route inside a group (0.3ms)
  ✔ register brisk route to store (0.29ms)

Router | Make url (tests/router/router.spec.ts)
  ✔ make url to a given route (0.24ms)
  ✔ make url to a given route by it's name (0.19ms)
  ✔ make url to a given route by it's controller method (0.21ms)
  ✔ make url for a specific domain (0.31ms)
  ✔ prefix url (0.25ms)
  ✔ disable routes lookup (0.2ms)

Make signed url (tests/router/router.spec.ts)
  ✔ make signed url to a given route (0.38ms)
  ✔ make signed url to a given route by it's name (0.35ms)
  ✔ make signed url to a given route by it's controller method (0.29ms)
  ✔ make url for a specific domain (0.33ms)
  ✔ make signed url with expiry (0.46ms)
  ✔ make signed url with custom query string (0.43ms)
  ✔ prefix url (0.32ms)
  ✔ disable route lookup (0.28ms)

Regression (tests/router/router.spec.ts)
  ✔ route where matchers should win over group matchers (0.36ms)
  ✔ apply prefixes in the correct order (0.28ms)
  ✔ route domain should win over group domain (0.24ms)
  ✔ apply route names in the right order (0.36ms)

Named middleware (tests/router/router.spec.ts)
  ✔ create a collection of named middleware factories (0.34ms)

Router | handler (tests/router/router.spec.ts)
  ✔ define route handler as a lazy loaded controller (0.69ms)
  ✔ define route handler as controller reference (0.5ms)

Router | parse route pattern (tests/router/router.spec.ts)
  ✔ parse static route pattern (0.24ms)
  ✔ parse route pattern with params (0.25ms)
  ✔ parse route pattern with optional params (0.2ms)
  ✔ parse route pattern with wildcard params (0.2ms)

Router | toJSON (tests/router/router.spec.ts)
  ✔ convert routes with different style of handlers to JSON (0.35ms)
  ✔ convert routes with global middleware to JSON (0.33ms)
  ✔ convert routes with inline and middleware (0.38ms)

Router | find (tests/router/router.spec.ts)
  ✔ find a route by route pattern (0.24ms)
  ✔ find a route by route name (0.25ms)
  ✔ find a route by route controller name (0.27ms)
  ✔ return null when unable to find route (0.18ms)
  ✔ do not match route handler name when it is defined as function (0.2ms)
  ✔ find a route across domains (0.2ms)
  ✔ limit search to a specific domain (0.2ms)
  ✔ limit search to a specific method (0.23ms)

Lookup store | findByOrFail (tests/router/router.spec.ts)
  ✔ find a route by route pattern (0.21ms)
  ✔ find a route by route name (0.22ms)
  ✔ find a route by route controller name (0.24ms)
  ✔ raise error when unable to lookup route (0.24ms)

Lookup store | has (tests/router/router.spec.ts)
  ✔ check if a route exists (0.23ms)

Router | generateTypes (tests/router/router.spec.ts)
  ✔ generate url builder types (1.42ms)
  ✔ generate url builder types across domains (0.71ms)
  ✔ do not prefix domain to the route identifier when routes are not duplicate across domains (0.68ms)

Router | macroable (tests/router/router.spec.ts)
  ✔ add macro to router (0.31ms)
  ✔ add getter to router (0.32ms)

Store | add (tests/router/store.spec.ts)
  ✔ add route without explicit domain (0.25ms)
  ✔ add route with a custom domain (0.26ms)
  ✔ raise error when duplicate routes are found (0.22ms)
  ✔ raise error when duplicate params are found (0.25ms)
  ✔ allow static path name same as the param name (0.26ms)
  ✔ allow duplicate routes across multiple methods (0.28ms)
  ✔ allow duplicate routes across multiple domains (0.26ms)
  ✔ add route for multiple methods (0.29ms)
  ✔ add multiple routes (0.3ms)

Store | match (tests/router/store.spec.ts)
  ✔ preserve registration order for equivalent static routes with repeated trailing separators (0.27ms)
  ✔ preserve registration order across static, parameter, optional, and wildcard routes (0.56ms)
  ✔ preserve separator semantics for static routes (0.23ms)
  ✔ return the same route object for repeated matches and routes with multiple methods (0.24ms)
  ✔ decode parameter and wildcard values only when requested (0.3ms)
  ✔ extract subdomains when matching an indexed static route on an explicit domain (0.24ms)
  ✔ apply matchers and casts on a dynamic route before an indexed static route (0.37ms)
  ✔ find route for a given url (0.25ms)
  ✔ find route and parse route params (0.23ms)
  ✔ find route and parse optional route params (0.29ms)
  ✔ match routes in the order they are registered (0.23ms)
  ✔ test params against matchers before matching (0.26ms)
  ✔ match hostname against route domain (0.2ms)
  ✔ match hostname against a dynamic route domain (0.21ms)
  ✔ return empty array when no domains have been registered (0.14ms)
  ✔ return empty array when unable to match the route domain (0.17ms)
  ✔ match routes for a domain (0.21ms)
  ✔ match routes for a dynamic domain (0.24ms)
  ✔ return null when unable to match the method (0.2ms)
  ✔ return null when unable to match the domain (0.16ms)
  ✔ return null when unable to match the route pattern (0.18ms)
  ✔ do not match param against regex when param is optional and missing (0.22ms)
  ✔ match param against regex when param is optional but defined in url (0.17ms)
  ✔ cast params using route matchers (0.23ms)
  ✔ do not cast optional params when not passed in the URL (0.2ms)
  ✔ cast multiple params (0.19ms)

Router types (tests/router/types.spec.ts)
  ✔ infer route handlers from controller constructor (0.14ms)
  ✔ preserve the legacy route token type (0.13ms)

URLBuilder (tests/router/url_builder.spec.ts)
  ✔ create url for a route by its name (0.37ms)
  ✔ encode route params as path segments (0.27ms)
  ✔ create url for specific methods (0.62ms)
  ✔ create url for a route by its name for the home path (0.24ms)
  ✔ create and verify signed routes (0.59ms)
  ✔ create and verify signed routes for specific methods (1.73ms)
  ✔ create and verify signed URLs with query string (0.55ms)
  ✔ create and verify signed URLs with route lookup disabled (0.93ms)
  ✔ raise error when unable to lookup route (0.33ms)
  ✔ raise error when unable to lookup route for a given method (0.36ms)
  ✔ allow missing params when param is optional (0.31ms)
  ✔ make route with wildcard params (0.31ms)
  ✔ encode each wildcard param as a path segment (0.29ms)
  ✔ raise error when wildcard params are missing (0.36ms)
  ✔ prefix url (0.26ms)
  ✔ define query string with arrays (0.33ms)
  ✔ create and verify signed URLs (0.44ms)
  ✔ create and verify signed URLs with query string (0.67ms)
  ✔ find route across domains (0.25ms)
  ✔ make url for a route from specific domain (0.27ms)
  ✔ create signed url for a route from specific domain (0.54ms)
  ✔ throw error when mentioned domain is unknown (0.32ms)

URLBuilder | types (tests/router/url_builder.spec.ts)
  ✔ return all available routes for a given method (0.19ms)
  ✔ create a URL builder from routes list (0.2ms)
  ✔ return arguments accepted by the URL builder for a given route (0.14ms)
  ✔ accept route patterns when signed URL route lookup is disabled (0.18ms)

Safe decode URI (tests/safe_decode_uri.spec.ts)
  ✔ decode URI (0.2ms)
  ✔ decode URI with query string (0.23ms)
  ✔ decode URI with unicode values (0.16ms)
  ✔ should instruct to decode params when it contains a %2 (0.16ms)
  ✔ throw URIError on malformed UTF-8 sequences (0.21ms)
  ✔ decode URI and parse query string params (0.23ms)

Server (tests/server.spec.ts)
  ✔ get router instance used by the server (0.57ms)
  ✔ store http server instance (0.5ms)
  ✔ emit request finished route handler (3.22ms)
  ✔ pass config to node http server (0.4ms)

Server | Response handling (tests/server.spec.ts)
  ✔ invoke router handler (10.93ms)
  ✔ use route handler return value when response.send is not called (3.86ms)
  ✔ use route handler return value when handler is not async (1.92ms)
  ✔ use route handler return value when middleware does not return it (2.55ms)
  ✔ use route handler return value when server middleware does not return it (2.37ms)
  ✔ do not use return value when response.send is called (1.84ms)
  ✔ redirect to given route (2.97ms)
  ✔ redirect to given path (3.74ms)
  ✔ invoke a domain specific router handler (2.07ms)
  ✔ return 404 when route for a top level domain does not exists (1.69ms)
  ✔ redirect to a route using route.redirect method (1.69ms)
  ✔ redirect to a route and forward the incoming query string (1.81ms)
  ✔ redirect to a path using route.redirectToPath method (1.67ms)
  ✔ redirect to a path and forward the incoming query string (1.41ms)
  ✔ redirect to a route with custom status code (1.67ms)
  ✔ redirect to a path with custom status code (1.52ms)
  ✔ decode unicodes in route params and query string (1.92ms)
  ✔ respond with 400 when request URI contains malformed UTF-8 sequences (1.36ms)
  ✔ invoke onBadUrl callback when defined and request URI is malformed (1.6ms)

Server | middleware (tests/server.spec.ts)
  ✔ execute server middleware before route handler (1.7ms)
  ✔ execute server middleware before route middleware and handler (1.67ms)
  ✔ terminate request from server middleware (1.59ms)
  ✔ terminate request from server by raising exception (1.8ms)
  ✔ run upstream code when server middleware raises an exception (1.56ms)
  ✔ run upstream code when route middleware raises an exception (1.53ms)
  ✔ run upstream code when route handler raises an exception (1.73ms)
  ✔ get list of server middleware stack (0.9ms)

Server | error handler (tests/server.spec.ts)
  ✔ pass server middleware errors to the error handler (1.51ms)
  ✔ pass router middleware errors to the error handler (1.58ms)
  ✔ pass named middleware errors to the error handler (1.46ms)
  ✔ pass route handler errors to the error handler (1.48ms)
  ✔ report response serialization errors (1.34ms)
  ✔ report when error handler raises exception (1.6ms)
  ✔ await async report before handling error (104.86ms)

Server (tests/server.spec.ts)
  ✔ raise 404 when route is missing (2.47ms)

Server | force content negotiation (tests/server.spec.ts)
  ✔ find if the signed url signature is valid (2.01ms)
  ✔ access context from the async local storage (1.93ms)
  ✔ run a callback outside the ALS context (1.67ms)
  ✔ disallow async local storage access when not enabled (2.33ms)
  ✔ run a callback outside the ALS context (1.48ms)

Server | Pipeline (tests/server.spec.ts)
  ✔ execute middleware pipeline (1.08ms)
  ✔ run final handler (0.78ms)
  ✔ run error handler when error is thrown (0.78ms)

 PASSED 

Tests  661 passed (661)
 Time  2s
