[INFO] Scanning for projects...
[INFO] Inspecting build with total of 1 modules
[INFO] Installing Central Publishing features
[INFO] 
[INFO] -------------------------< io.javalin:javalin >-------------------------
[INFO] Building Javalin 7.2.4-SNAPSHOT
[INFO]   from pom.xml
[INFO] --------------------------------[ jar ]---------------------------------
[INFO] 
[INFO] --- git-commit-id:10.0.0:revision (default) @ javalin ---
[INFO] 
[INFO] --- resources:3.5.0:copy-resources (copy-license) @ javalin ---
[INFO] Copying 1 resource from .. to target/classes/META-INF
[INFO] 
[INFO] --- resources:3.5.0:copy-resources (copy-pom-properties) @ javalin ---
[INFO] Copying 1 resource from .. to target
[INFO] 
[INFO] --- jacoco:0.8.15:prepare-agent (default) @ javalin ---
[INFO] argLine set to -javaagent:/tmp/m2/org/jacoco/org.jacoco.agent/0.8.15/org.jacoco.agent-0.8.15-runtime.jar=destfile=/tmp/w2fix/jav-025/javalin/target/jacoco.exec
[INFO] 
[INFO] --- resources:3.5.0:resources (default-resources) @ javalin ---
[INFO] skip non existing resourceDirectory /tmp/w2fix/jav-025/javalin/src/main/resources
[INFO] 
[INFO] --- kotlin:2.2.20:compile (compile) @ javalin ---
[WARNING] Source root doesn't exist: /tmp/w2fix/jav-025/javalin/src/main/kotlin
[WARNING] Using experimental Kotlin incremental compilation
[INFO] cannot connect to registry: Connection refused
[INFO] cannot connect to registry: Connection refused
[INFO] cannot connect to registry: Connection refused
[INFO] cannot connect to registry: Connection refused
[INFO] cannot connect to registry: Connection refused
[INFO] cannot connect to registry: Connection refused
[INFO] cannot connect to registry: Connection refused
[INFO] 
[INFO] --- compiler:3.15.0:compile (java-compile) @ javalin ---
[INFO] Nothing to compile - all classes are up to date.
[INFO] 
[INFO] --- resources:3.5.0:testResources (default-testResources) @ javalin ---
[INFO] Copying 42 resources from src/test/resources to target/test-classes
[INFO] 
[INFO] --- kotlin:2.2.20:test-compile (test-compile) @ javalin ---
[WARNING] Using experimental Kotlin incremental compilation
[INFO] cannot connect to registry: Connection refused
[INFO] cannot connect to registry: Connection refused
[INFO] cannot connect to registry: Connection refused
[INFO] cannot connect to registry: Connection refused
[INFO] cannot connect to registry: Connection refused
[INFO] cannot connect to registry: Connection refused
[INFO] cannot connect to registry: Connection refused
[INFO] 
[INFO] --- compiler:3.15.0:testCompile (java-test-compile) @ javalin ---
[INFO] Recompiling the module because of changed dependency.
[INFO] Compiling 42 source files with javac [debug release 17] to target/test-classes
[INFO] 
[INFO] --- surefire:3.5.6:test (default-test) @ javalin ---
[INFO] Using auto detected provider org.apache.maven.surefire.junitplatform.JUnitPlatformProvider
[INFO] 
[INFO] -------------------------------------------------------
[INFO]  T E S T S
[INFO] -------------------------------------------------------
[INFO] Running io.javalin.TestRedirectToLowercasePathPlugin
[main] ERROR io.javalin.Javalin - TestUtil#test failed - full log output below:
[main] INFO io.javalin.Javalin - Starting Javalin ...
[main] INFO org.eclipse.jetty.server.Server - jetty-12.1.12; built: 2026-08-03T22:37:55.389Z; git: 10dd3948f37767b84cc2c62358364f042e51dbbe; jvm 17.0.20.1+1
[main] INFO org.eclipse.jetty.session.DefaultSessionIdManager - Session workerName=node0
[main] INFO org.eclipse.jetty.server.handler.ContextHandler - Started oeje10s.ServletContextHandler@6f785a27{/blog,/blog,b=null,a=AVAILABLE,h=oeje10s.SessionHandler@443dae2{STARTED}}
[main] INFO org.eclipse.jetty.ee10.servlet.ServletContextHandler - Started oeje10s.ServletContextHandler@6f785a27{/blog,/blog,b=null,a=AVAILABLE,h=oeje10s.SessionHandler@443dae2{STARTED}}
[main] INFO org.eclipse.jetty.server.AbstractConnector - Started oejs.ServerConnector@8f09a02{HTTP/1.1, (http/1.1)}{0.0.0.0:35467}
[main] INFO org.eclipse.jetty.server.Server - Started oejs.Server@5454be{STARTING}[12.1.12,sto=0] @3ms
[main] INFO io.javalin.Javalin - 
       __                  ___          _____
      / /___ __   ______ _/ (_)___     /__  /
 __  / / __ `/ | / / __ `/ / / __ \      / /
/ /_/ / /_/ /| |/ / /_/ / / / / / /     / /
\____/\__,_/ |___/\__,_/_/_/_/ /_/     /_/

       https://javalin.io/documentation

[main] INFO io.javalin.Javalin - Javalin started in 5ms \o/
[main] INFO io.javalin.Javalin - Listening on http://localhost:35467/blog

[ERROR] Tests run: 9, Failures: 0, Errors: 1, Skipped: 0, Time elapsed: 1.033 s <<< FAILURE! -- in io.javalin.TestRedirectToLowercasePathPlugin
[ERROR] io.javalin.TestRedirectToLowercasePathPlugin.redirect keeps the context path -- Time elapsed: 0.026 s <<< ERROR!
java.lang.RuntimeException: 
java.lang.Exception: Assertion error: 
expected: "/blog/users/John"
 but was: "/users/John"
	at io.javalin.testing.TestUtil.testWithResult(TestUtil.java:56)
	at io.javalin.testing.TestUtil.test(TestUtil.java:33)
	at io.javalin.TestRedirectToLowercasePathPlugin.redirect keeps the context path(TestRedirectToLowercasePathPlugin.kt:94)
Caused by: java.lang.Exception: Assertion error: 
expected: "/blog/users/John"
 but was: "/users/John"
	at io.javalin.testing.TestUtil.runAndCaptureLogs(TestUtil.java:75)
	at io.javalin.testing.TestUtil.testWithResult(TestUtil.java:41)
	... 2 more

[INFO] Running io.javalin.TestRedirectToLowercasePathPlugin
[main] ERROR io.javalin.Javalin - TestUtil#test failed - full log output below:
[main] INFO io.javalin.Javalin - Starting Javalin ...
[main] INFO org.eclipse.jetty.server.Server - jetty-12.1.12; built: 2026-08-03T22:37:55.389Z; git: 10dd3948f37767b84cc2c62358364f042e51dbbe; jvm 17.0.20.1+1
[main] INFO org.eclipse.jetty.session.DefaultSessionIdManager - Session workerName=node0
[main] INFO org.eclipse.jetty.server.handler.ContextHandler - Started oeje10s.ServletContextHandler@75c8d8e7{/blog,/blog,b=null,a=AVAILABLE,h=oeje10s.SessionHandler@3c68e82{STARTED}}
[main] INFO org.eclipse.jetty.ee10.servlet.ServletContextHandler - Started oeje10s.ServletContextHandler@75c8d8e7{/blog,/blog,b=null,a=AVAILABLE,h=oeje10s.SessionHandler@3c68e82{STARTED}}
[main] INFO org.eclipse.jetty.server.AbstractConnector - Started oejs.ServerConnector@1e66bf2d{HTTP/1.1, (http/1.1)}{0.0.0.0:43201}
[main] INFO org.eclipse.jetty.server.Server - Started oejs.Server@7112fa5{STARTING}[12.1.12,sto=0] @15ms
[main] INFO io.javalin.Javalin - 
       __                  ___          _____
      / /___ __   ______ _/ (_)___     /__  /
 __  / / __ `/ | / / __ `/ / / __ \      / /
/ /_/ / /_/ /| |/ / /_/ / / / / / /     / /
\____/\__,_/ |___/\__,_/_/_/_/ /_/     /_/

       https://javalin.io/documentation

[main] INFO io.javalin.Javalin - Javalin started in 17ms \o/
[main] INFO io.javalin.Javalin - Listening on http://localhost:43201/blog

[ERROR] Tests run: 1, Failures: 0, Errors: 1, Skipped: 0, Time elapsed: 0.029 s <<< FAILURE! -- in io.javalin.TestRedirectToLowercasePathPlugin
[ERROR] io.javalin.TestRedirectToLowercasePathPlugin.redirect keeps the context path -- Time elapsed: 0.028 s <<< ERROR!
java.lang.RuntimeException: 
java.lang.Exception: Assertion error: 
expected: "/blog/users/John"
 but was: "/users/John"
	at io.javalin.testing.TestUtil.testWithResult(TestUtil.java:56)
	at io.javalin.testing.TestUtil.test(TestUtil.java:33)
	at io.javalin.TestRedirectToLowercasePathPlugin.redirect keeps the context path(TestRedirectToLowercasePathPlugin.kt:94)
Caused by: java.lang.Exception: Assertion error: 
expected: "/blog/users/John"
 but was: "/users/John"
	at io.javalin.testing.TestUtil.runAndCaptureLogs(TestUtil.java:75)
	at io.javalin.testing.TestUtil.testWithResult(TestUtil.java:41)
	... 2 more

[INFO] Running io.javalin.TestRedirectToLowercasePathPlugin
[main] ERROR io.javalin.Javalin - TestUtil#test failed - full log output below:
[main] INFO io.javalin.Javalin - Starting Javalin ...
[main] INFO org.eclipse.jetty.server.Server - jetty-12.1.12; built: 2026-08-03T22:37:55.389Z; git: 10dd3948f37767b84cc2c62358364f042e51dbbe; jvm 17.0.20.1+1
[main] INFO org.eclipse.jetty.session.DefaultSessionIdManager - Session workerName=node0
[main] INFO org.eclipse.jetty.server.handler.ContextHandler - Started oeje10s.ServletContextHandler@5690c2a8{/blog,/blog,b=null,a=AVAILABLE,h=oeje10s.SessionHandler@17e2835c{STARTED}}
[main] INFO org.eclipse.jetty.ee10.servlet.ServletContextHandler - Started oeje10s.ServletContextHandler@5690c2a8{/blog,/blog,b=null,a=AVAILABLE,h=oeje10s.SessionHandler@17e2835c{STARTED}}
[main] INFO org.eclipse.jetty.server.AbstractConnector - Started oejs.ServerConnector@4d2bc56a{HTTP/1.1, (http/1.1)}{0.0.0.0:42697}
[main] INFO org.eclipse.jetty.server.Server - Started oejs.Server@7cbfbcd1{STARTING}[12.1.12,sto=0] @2ms
[main] INFO io.javalin.Javalin - 
       __                  ___          _____
      / /___ __   ______ _/ (_)___     /__  /
 __  / / __ `/ | / / __ `/ / / __ \      / /
/ /_/ / /_/ /| |/ / /_/ / / / / / /     / /
\____/\__,_/ |___/\__,_/_/_/_/ /_/     /_/

       https://javalin.io/documentation

[main] INFO io.javalin.Javalin - Javalin started in 3ms \o/
[main] INFO io.javalin.Javalin - Listening on http://localhost:42697/blog

[ERROR] Tests run: 1, Failures: 0, Errors: 1, Skipped: 0, Time elapsed: 0.018 s <<< FAILURE! -- in io.javalin.TestRedirectToLowercasePathPlugin
[ERROR] io.javalin.TestRedirectToLowercasePathPlugin.redirect keeps the context path -- Time elapsed: 0.014 s <<< ERROR!
java.lang.RuntimeException: 
java.lang.Exception: Assertion error: 
expected: "/blog/users/John"
 but was: "/users/John"
	at io.javalin.testing.TestUtil.testWithResult(TestUtil.java:56)
	at io.javalin.testing.TestUtil.test(TestUtil.java:33)
	at io.javalin.TestRedirectToLowercasePathPlugin.redirect keeps the context path(TestRedirectToLowercasePathPlugin.kt:94)
Caused by: java.lang.Exception: Assertion error: 
expected: "/blog/users/John"
 but was: "/users/John"
	at io.javalin.testing.TestUtil.runAndCaptureLogs(TestUtil.java:75)
	at io.javalin.testing.TestUtil.testWithResult(TestUtil.java:41)
	... 2 more

[INFO] 
[INFO] Results:
[INFO] 
[ERROR] Errors: 
[ERROR] io.javalin.TestRedirectToLowercasePathPlugin.redirect keeps the context path
[ERROR]   Run 1: TestRedirectToLowercasePathPlugin.redirect keeps the context path:94 » Runtime java.lang.Exception: Assertion error: 
expected: "/blog/users/John"
 but was: "/users/John"
[ERROR]   Run 2: TestRedirectToLowercasePathPlugin.redirect keeps the context path:94 » Runtime java.lang.Exception: Assertion error: 
expected: "/blog/users/John"
 but was: "/users/John"
[ERROR]   Run 3: TestRedirectToLowercasePathPlugin.redirect keeps the context path:94 » Runtime java.lang.Exception: Assertion error: 
expected: "/blog/users/John"
 but was: "/users/John"
[INFO] 
[INFO] 
[ERROR] Tests run: 9, Failures: 0, Errors: 1, Skipped: 0
[INFO] 
[INFO] ------------------------------------------------------------------------
[INFO] BUILD FAILURE
[INFO] ------------------------------------------------------------------------
[INFO] Total time:  9.007 s
[INFO] Finished at: 2026-09-30T23:25:25-04:00
[INFO] ------------------------------------------------------------------------
[ERROR] Failed to execute goal org.apache.maven.plugins:maven-surefire-plugin:3.5.6:test (default-test) on project javalin: 
[ERROR] 
[ERROR] See /tmp/w2fix/jav-025/javalin/target/surefire-reports for the individual test results.
[ERROR] See dump files (if any exist) [date].dump, [date]-jvmRun[N].dump and [date].dumpstream.
[ERROR] -> [Help 1]
[ERROR] 
[ERROR] To see the full stack trace of the errors, re-run Maven with the -e switch.
[ERROR] Re-run Maven using the -X switch to enable full debug logging.
[ERROR] 
[ERROR] For more information about the errors and possible solutions, please read the following articles:
[ERROR] [Help 1] http://cwiki.apache.org/confluence/display/MAVEN/MojoFailureException
