

  res
    .cookie(name, object)
      ✔ should generate a JSON cookie
    .cookie(name, string)
      ✔ should set a cookie
      ✔ should allow multiple calls
    .cookie(name, string, options)
      ✔ should set params
      expires
        ✔ should throw on invalid date
      partitioned
        ✔ should set partitioned
      maxAge
        ✔ should set relative expires
        ✔ should set max-age
        1) should not set Max-Age=0 for a positive sub-second maxAge
        ✔ should set Max-Age=0 for a maxAge of 0
        ✔ should not mutate the options object
        ✔ should not throw on null
        ✔ should not throw on undefined
        ✔ should throw an error with invalid maxAge
      priority
        ✔ should set low priority
        ✔ should set medium priority
        ✔ should set high priority
        ✔ should throw with invalid priority
      signed
        ✔ should generate a signed JSON cookie
      signed without secret
        ✔ should throw an error
      .signedCookie(name, string)
        ✔ should set a signed cookie


  20 passing (44ms)
  1 failing

  1) res
       .cookie(name, string, options)
         maxAge
           should not set Max-Age=0 for a positive sub-second maxAge:
     Error: expected "Set-Cookie" matching /name=tobi; Max-Age=1; Path=\/; Expires=/, got "name=tobi; Max-Age=0; Path=/; Expires=Sun, 27 Sep 2026 20:10:54 GMT"
      at Context.<anonymous> (test/res.cookie.js:138:12)
      at process.processImmediate (node:internal/timers:484:21)
  ----
      at Test._assertHeader (node_modules/supertest/lib/test.js:232:16)
      at /tmp/express/node_modules/supertest/lib/test.js:308:13
      at Test._assertFunction (node_modules/supertest/lib/test.js:285:13)
      at Test.assert (node_modules/supertest/lib/test.js:164:23)
      at Server.localAssert (node_modules/supertest/lib/test.js:120:14)
      at Object.onceWrapper (node:events:633:28)
      at Server.emit (node:events:519:28)
      at emitCloseNT (node:net:2420:8)
      at process.processTicksAndRejections (node:internal/process/task_queues:88:21)



EXIT: 1
