== harness: repo=/tmp/review/exec/B/otel-urlparser/repo suite=incubator HEAD=88472a149d7b45c83c2afd667a3fbd30bd1c572c dirty=3
== javac: javac 25.0.4.1
/tmp/review/exec/B/otel-urlparser/repo/instrumentation-api/src/main/java/io/opentelemetry/instrumentation/api/internal/SupportabilityMetrics.java:114: warning: [removal] getSecurityManager() in System has been deprecated and marked for removal
    if (System.getSecurityManager() == null) {
              ^
/tmp/review/exec/B/otel-urlparser/repo/instrumentation-api/src/main/java/io/opentelemetry/instrumentation/api/internal/SupportabilityMetrics.java:117: warning: [removal] AccessController in java.security has been deprecated and marked for removal
    return java.security.AccessController.doPrivileged(action);
                        ^
2 warnings
== junit selection: --select-class io.opentelemetry.instrumentation.api.incubator.semconv.net.internal.UrlParserTest --select-class io.opentelemetry.instrumentation.api.incubator.semconv.service.peer.internal.ServicePeerResolverTest --select-class io.opentelemetry.instrumentation.api.incubator.semconv.service.peer.ServicePeerAttributesExtractorTest --select-class io.opentelemetry.instrumentation.api.incubator.semconv.http.HttpClientServicePeerAttributesExtractorTest
WARNING: A terminally deprecated method in sun.misc.Unsafe has been called
WARNING: sun.misc.Unsafe::objectFieldOffset has been called by net.bytebuddy.dynamic.loading.ClassInjector$UsingUnsafe$Dispatcher$CreationAction (file:/tmp/deps/byte-buddy-1.18.14.jar)
WARNING: Please consider reporting this to the maintainers of class net.bytebuddy.dynamic.loading.ClassInjector$UsingUnsafe$Dispatcher$CreationAction
WARNING: sun.misc.Unsafe::objectFieldOffset will be removed in a future release
Sep 27, 2026 11:30:36 PM io.opentelemetry.instrumentation.api.incubator.semconv.service.peer.internal.ServicePeerResolver lambda$new$0
WARNING: Invalid service_peer_mapping entry - peer is required: Mock for DeclarativeConfigProperties, hashCode: 1210600718
Sep 27, 2026 11:30:36 PM io.opentelemetry.instrumentation.api.incubator.semconv.service.peer.internal.ServicePeerResolver lambda$new$0
WARNING: Invalid service_peer_mapping entry - at least one of service_name or service_namespace is required: Mock for DeclarativeConfigProperties, hashCode: 887230059
╷
├─ JUnit Platform Suite ✔
├─ JUnit Jupiter ✔
│  ├─ UrlParserTest ✔
│  │  ├─ testGetHostWithPort() ✔
│  │  ├─ testGetPathWithPort() ✔
│  │  ├─ testGetHost() ✔
│  │  ├─ testGetPath() ✔
│  │  ├─ testGetPort() ✔
│  │  ├─ testGetPortWithPort() ✔
│  │  ├─ testGetHostWithNoAuthority() ✔
│  │  ├─ testGetPathtWithNoScheme() ✔
│  │  ├─ testGetPortWithNoAuthority() ✔
│  │  ├─ testGetHostWithNoScheme() ✔
│  │  ├─ testGetPortWithNoScheme() ✔
│  │  ├─ testGetHostAndPortWithIpv6() ✘ 
│  │  │        expected: "::1"
│  │  │         but was: "["
│  │  └─ testGetPathWithNoAuthority() ✔
│  ├─ ServicePeerResolverTest ✔
│  │  ├─ configuredTargetDoesNotAlsoMatchItsFirstHost() ✔
│  │  ├─ oracleDescriptorDoesNotAlsoMatchParsedHost(String) ✔
│  │  │  ├─ [1] oracle:thin:@(description=(address=(host=h1))(address=(host=h2))) ✔
│  │  │  └─ [2] oracle:thin:@(DESCRIPTION=(ADDRESS = (HOST=h1))(ADDRESS = (HOST=h2))) ✔
│  │  ├─ shouldSkipEntryWithNullPeer() ✔
│  │  ├─ shouldSkipEntryWithNullNameAndNamespace() ✔
│  │  ├─ commaInPathStillUsesHostAndPathMatching() ✔
│  │  ├─ nonEmptyWithValidMapping() ✔
│  │  ├─ shouldResolve(String, Integer, String, String, String) ✔
│  │  │  ├─ [1] example.com, null, null, baseSvc, baseNs ✔
│  │  │  ├─ [2] example.com, 8080, null, portSvc, null ✔
│  │  │  ├─ [3] example.com, 8080, /api, null, apiNs ✔
│  │  │  ├─ [4] example.com, 9090, null, baseSvc, baseNs ✔
│  │  │  ├─ [5] example.com, 8080, /other, portSvc, null ✔
│  │  │  ├─ [6] unknown.com, null, null, null, null ✔
│  │  │  ├─ [7] nsonly.com, null, null, null, nsOnly ✔
│  │  │  ├─ [8] 1.2.3.4, null, /api, ipApiSvc, null ✔
│  │  │  ├─ [9] 1.2.3.4, 8080, /api, ipPortApi, ipPortApiNs ✔
│  │  │  ├─ [10] 1.2.3.4, 8080, null, ipSvc, ipNs ✔
│  │  │  ├─ [11] 1.2.3.4, 9000, /api, ipSvc, ipNs ✔
│  │  │  ├─ [12] ::1, 8080, null, ipv6PortSvc, null ✘ 
│  │  │  │        expected: "ipv6PortSvc"
│  │  │  │         but was: null
│  │  │  └─ [13] ::1, 9090, null, null, null ✔
│  │  └─ emptyWhenNoMappings() ✔
│  ├─ ServicePeerAttributesExtractorTest ✔
│  │  ├─ shouldNotSetAnyValueIfPeerNameDoesNotMatch() ✔
│  │  ├─ shouldSetPeerNameIfItMatches() ✔
│  │  ├─ shouldMatchConfiguredTargetExactly() ✔
│  │  └─ shouldNotSetAnyValueIfNetExtractorReturnsNulls() ✔
│  └─ HttpClientServicePeerAttributesExtractorTest ✔
│     ├─ shouldNotSetAnyValueIfPeerNameDoesNotMatch() ✔
│     ├─ shouldSetPeerNameIfItMatches() ✔
│     ├─ shouldFallbackToHostHeaderWhenServerAddressIsNull() ✔
│     └─ shouldNotSetAnyValueIfNetExtractorReturnsNulls() ✔
└─ JUnit Vintage ✔

Failures (2):
  JUnit Jupiter:UrlParserTest:testGetHostAndPortWithIpv6()
    MethodSource [className = 'io.opentelemetry.instrumentation.api.incubator.semconv.net.internal.UrlParserTest', methodName = 'testGetHostAndPortWithIpv6', methodParameterTypes = '']
    => org.opentest4j.AssertionFailedError: 
expected: "::1"
 but was: "["
       io.opentelemetry.instrumentation.api.incubator.semconv.net.internal.UrlParserTest.testGetHostAndPortWithIpv6(UrlParserTest.java:252)
       java.base/java.lang.reflect.Method.invoke(Method.java:565)
       java.base/java.util.ArrayList.forEach(ArrayList.java:1604)
       java.base/java.util.ArrayList.forEach(ArrayList.java:1604)
  JUnit Jupiter:ServicePeerResolverTest:shouldResolve(String, Integer, String, String, String):[12] ::1, 8080, null, ipv6PortSvc, null
    MethodSource [className = 'io.opentelemetry.instrumentation.api.incubator.semconv.service.peer.internal.ServicePeerResolverTest', methodName = 'shouldResolve', methodParameterTypes = 'java.lang.String, java.lang.Integer, java.lang.String, java.lang.String, java.lang.String']
    => org.opentest4j.AssertionFailedError: 
expected: "ipv6PortSvc"
 but was: null
       io.opentelemetry.instrumentation.api.incubator.semconv.service.peer.internal.ServicePeerResolverTest.assertName(ServicePeerResolverTest.java:177)
       io.opentelemetry.instrumentation.api.incubator.semconv.service.peer.internal.ServicePeerResolverTest.shouldResolve(ServicePeerResolverTest.java:56)
       java.base/java.lang.reflect.Method.invoke(Method.java:565)
       java.base/java.util.Optional.ifPresent(Optional.java:178)
       java.base/java.util.stream.ForEachOps$ForEachOp$OfRef.accept(ForEachOps.java:186)
       java.base/java.util.stream.ReferencePipeline$3$1.accept(ReferencePipeline.java:214)
       java.base/java.util.stream.ForEachOps$ForEachOp$OfRef.accept(ForEachOps.java:186)
       java.base/java.util.stream.ForEachOps$ForEachOp$OfRef.accept(ForEachOps.java:186)
       java.base/java.util.stream.ReferencePipeline$3$1.accept(ReferencePipeline.java:214)
       java.base/java.util.Spliterators$ArraySpliterator.forEachRemaining(Spliterators.java:1024)
       [...]

Test run finished after 541 ms
[         9 containers found      ]
[         0 containers skipped    ]
[         9 containers started    ]
[         0 containers aborted    ]
[         9 containers successful ]
[         0 containers failed     ]
[        42 tests found           ]
[         0 tests skipped         ]
[        42 tests started         ]
[         0 tests aborted         ]
[        40 tests successful      ]
[         2 tests failed          ]

== junit exit code: 1
== harness: repo=/tmp/review/exec/B/otel-urlparser/repo suite=reactor HEAD=88472a149d7b45c83c2afd667a3fbd30bd1c572c dirty=3
== javac: javac 25.0.4.1
== junit selection: --select-class io.opentelemetry.javaagent.instrumentation.reactornetty.v1_0.UrlParserTest
╷
├─ JUnit Platform Suite ✔
├─ JUnit Jupiter ✔
│  └─ UrlParserTest ✔
│     ├─ testGetHostWithPort() ✔
│     ├─ testGetHost() ✔
│     ├─ testGetPort() ✔
│     ├─ testGetPortWithPort() ✔
│     ├─ testGetHostWithNoAuthority() ✔
│     ├─ testGetPortWithNoAuthority() ✔
│     ├─ testGetHostWithNoScheme() ✔
│     ├─ testGetPortWithNoScheme() ✔
│     └─ testGetHostAndPortWithIpv6() ✘ 
│              expected: "::1"
│               but was: "["
└─ JUnit Vintage ✔

Failures (1):
  JUnit Jupiter:UrlParserTest:testGetHostAndPortWithIpv6()
    MethodSource [className = 'io.opentelemetry.javaagent.instrumentation.reactornetty.v1_0.UrlParserTest', methodName = 'testGetHostAndPortWithIpv6', methodParameterTypes = '']
    => org.opentest4j.AssertionFailedError: 
expected: "::1"
 but was: "["
       io.opentelemetry.javaagent.instrumentation.reactornetty.v1_0.UrlParserTest.testGetHostAndPortWithIpv6(UrlParserTest.java:160)
       java.base/java.lang.reflect.Method.invoke(Method.java:565)
       java.base/java.util.ArrayList.forEach(ArrayList.java:1604)
       java.base/java.util.ArrayList.forEach(ArrayList.java:1604)

Test run finished after 80 ms
[         4 containers found      ]
[         0 containers skipped    ]
[         4 containers started    ]
[         0 containers aborted    ]
[         4 containers successful ]
[         0 containers failed     ]
[         9 tests found           ]
[         0 tests skipped         ]
[         9 tests started         ]
[         0 tests aborted         ]
[         8 tests successful      ]
[         1 tests failed          ]

== junit exit code: 1
