== harness: repo=/tmp/review/src/otel/base suite=incubator HEAD=78d71b585a77d7f2312c1b8751ff6c95a72722d7 dirty=0
== javac: javac 25.0.4.1
/tmp/review/src/otel/base/instrumentation-api/src/main/java/io/opentelemetry/instrumentation/api/internal/SupportabilityMetrics.java:114: warning: [removal] getSecurityManager() in System has been deprecated and marked for removal
    if (System.getSecurityManager() == null) {
              ^
/tmp/review/src/otel/base/instrumentation-api/src/main/java/io/opentelemetry/instrumentation/api/internal/SupportabilityMetrics.java:117: warning: [removal] AccessController in java.security has been deprecated and marked for removal
    return java.security.AccessController.doPrivileged(action);
                        ^
2 warnings
== junit selection: --select-class io.opentelemetry.instrumentation.api.incubator.semconv.net.internal.UrlParserTest --select-class io.opentelemetry.instrumentation.api.incubator.semconv.service.peer.internal.ServicePeerResolverTest --select-class io.opentelemetry.instrumentation.api.incubator.semconv.service.peer.ServicePeerAttributesExtractorTest --select-class io.opentelemetry.instrumentation.api.incubator.semconv.http.HttpClientServicePeerAttributesExtractorTest
WARNING: A terminally deprecated method in sun.misc.Unsafe has been called
WARNING: sun.misc.Unsafe::objectFieldOffset has been called by net.bytebuddy.dynamic.loading.ClassInjector$UsingUnsafe$Dispatcher$CreationAction (file:/tmp/deps/byte-buddy-1.18.14.jar)
WARNING: Please consider reporting this to the maintainers of class net.bytebuddy.dynamic.loading.ClassInjector$UsingUnsafe$Dispatcher$CreationAction
WARNING: sun.misc.Unsafe::objectFieldOffset will be removed in a future release
Sep 27, 2026 11:33:54 PM io.opentelemetry.instrumentation.api.incubator.semconv.service.peer.internal.ServicePeerResolver lambda$new$0
WARNING: Invalid service_peer_mapping entry - peer is required: Mock for DeclarativeConfigProperties, hashCode: 876881599
Sep 27, 2026 11:33:54 PM io.opentelemetry.instrumentation.api.incubator.semconv.service.peer.internal.ServicePeerResolver lambda$new$0
WARNING: Invalid service_peer_mapping entry - at least one of service_name or service_namespace is required: Mock for DeclarativeConfigProperties, hashCode: 1350377659
╷
├─ JUnit Platform Suite ✔
├─ JUnit Jupiter ✔
│  ├─ UrlParserTest ✔
│  │  ├─ testGetHostWithPort() ✔
│  │  ├─ testGetPathWithPort() ✔
│  │  ├─ testGetHost() ✔
│  │  ├─ testGetPath() ✔
│  │  ├─ testGetPort() ✔
│  │  ├─ testGetPortWithPort() ✔
│  │  ├─ testGetHostWithNoAuthority() ✔
│  │  ├─ testGetPathtWithNoScheme() ✔
│  │  ├─ testGetPortWithNoAuthority() ✔
│  │  ├─ testGetHostWithNoScheme() ✔
│  │  ├─ testGetPortWithNoScheme() ✔
│  │  └─ testGetPathWithNoAuthority() ✔
│  ├─ ServicePeerResolverTest ✔
│  │  ├─ configuredTargetDoesNotAlsoMatchItsFirstHost() ✔
│  │  ├─ oracleDescriptorDoesNotAlsoMatchParsedHost(String) ✔
│  │  │  ├─ [1] oracle:thin:@(description=(address=(host=h1))(address=(host=h2))) ✔
│  │  │  └─ [2] oracle:thin:@(DESCRIPTION=(ADDRESS = (HOST=h1))(ADDRESS = (HOST=h2))) ✔
│  │  ├─ shouldSkipEntryWithNullPeer() ✔
│  │  ├─ shouldSkipEntryWithNullNameAndNamespace() ✔
│  │  ├─ commaInPathStillUsesHostAndPathMatching() ✔
│  │  ├─ nonEmptyWithValidMapping() ✔
│  │  ├─ shouldResolve(String, Integer, String, String, String) ✔
│  │  │  ├─ [1] example.com, null, null, baseSvc, baseNs ✔
│  │  │  ├─ [2] example.com, 8080, null, portSvc, null ✔
│  │  │  ├─ [3] example.com, 8080, /api, null, apiNs ✔
│  │  │  ├─ [4] example.com, 9090, null, baseSvc, baseNs ✔
│  │  │  ├─ [5] example.com, 8080, /other, portSvc, null ✔
│  │  │  ├─ [6] unknown.com, null, null, null, null ✔
│  │  │  ├─ [7] nsonly.com, null, null, null, nsOnly ✔
│  │  │  ├─ [8] 1.2.3.4, null, /api, ipApiSvc, null ✔
│  │  │  ├─ [9] 1.2.3.4, 8080, /api, ipPortApi, ipPortApiNs ✔
│  │  │  ├─ [10] 1.2.3.4, 8080, null, ipSvc, ipNs ✔
│  │  │  └─ [11] 1.2.3.4, 9000, /api, ipSvc, ipNs ✔
│  │  └─ emptyWhenNoMappings() ✔
│  ├─ ServicePeerAttributesExtractorTest ✔
│  │  ├─ shouldNotSetAnyValueIfPeerNameDoesNotMatch() ✔
│  │  ├─ shouldSetPeerNameIfItMatches() ✔
│  │  ├─ shouldMatchConfiguredTargetExactly() ✔
│  │  └─ shouldNotSetAnyValueIfNetExtractorReturnsNulls() ✔
│  └─ HttpClientServicePeerAttributesExtractorTest ✔
│     ├─ shouldNotSetAnyValueIfPeerNameDoesNotMatch() ✔
│     ├─ shouldSetPeerNameIfItMatches() ✔
│     ├─ shouldFallbackToHostHeaderWhenServerAddressIsNull() ✔
│     └─ shouldNotSetAnyValueIfNetExtractorReturnsNulls() ✔
└─ JUnit Vintage ✔

Test run finished after 473 ms
[         9 containers found      ]
[         0 containers skipped    ]
[         9 containers started    ]
[         0 containers aborted    ]
[         9 containers successful ]
[         0 containers failed     ]
[        39 tests found           ]
[         0 tests skipped         ]
[        39 tests started         ]
[         0 tests aborted         ]
[        39 tests successful      ]
[         0 tests failed          ]

== junit exit code: 0
== harness: repo=/tmp/review/src/otel/base suite=reactor HEAD=78d71b585a77d7f2312c1b8751ff6c95a72722d7 dirty=0
== javac: javac 25.0.4.1
== junit selection: --select-class io.opentelemetry.javaagent.instrumentation.reactornetty.v1_0.UrlParserTest
╷
├─ JUnit Platform Suite ✔
├─ JUnit Jupiter ✔
│  └─ UrlParserTest ✔
│     ├─ testGetHostWithPort() ✔
│     ├─ testGetHost() ✔
│     ├─ testGetPort() ✔
│     ├─ testGetPortWithPort() ✔
│     ├─ testGetHostWithNoAuthority() ✔
│     ├─ testGetPortWithNoAuthority() ✔
│     ├─ testGetHostWithNoScheme() ✔
│     └─ testGetPortWithNoScheme() ✔
└─ JUnit Vintage ✔

Test run finished after 69 ms
[         4 containers found      ]
[         0 containers skipped    ]
[         4 containers started    ]
[         0 containers aborted    ]
[         4 containers successful ]
[         0 containers failed     ]
[         8 tests found           ]
[         0 tests skipped         ]
[         8 tests started         ]
[         0 tests aborted         ]
[         8 tests successful      ]
[         0 tests failed          ]

== junit exit code: 0
== harness: repo=/tmp/review/src/otel/base suite=api HEAD=78d71b585a77d7f2312c1b8751ff6c95a72722d7 dirty=0
== javac: javac 25.0.4.1
/tmp/review/src/otel/base/instrumentation-api/src/main/java/io/opentelemetry/instrumentation/api/internal/SupportabilityMetrics.java:114: warning: [removal] getSecurityManager() in System has been deprecated and marked for removal
    if (System.getSecurityManager() == null) {
              ^
/tmp/review/src/otel/base/instrumentation-api/src/main/java/io/opentelemetry/instrumentation/api/internal/SupportabilityMetrics.java:117: warning: [removal] AccessController in java.security has been deprecated and marked for removal
    return java.security.AccessController.doPrivileged(action);
                        ^
2 warnings
== junit selection: --select-package io.opentelemetry.instrumentation.api.semconv.http
WARNING: A terminally deprecated method in sun.misc.Unsafe has been called
WARNING: sun.misc.Unsafe::objectFieldOffset has been called by net.bytebuddy.dynamic.loading.ClassInjector$UsingUnsafe$Dispatcher$CreationAction (file:/tmp/deps/byte-buddy-1.18.14.jar)
WARNING: Please consider reporting this to the maintainers of class net.bytebuddy.dynamic.loading.ClassInjector$UsingUnsafe$Dispatcher$CreationAction
WARNING: sun.misc.Unsafe::objectFieldOffset will be removed in a future release
╷
├─ JUnit Platform Suite ✔
├─ JUnit Jupiter ✔
│  ├─ ForwardedHostAddressAndPortExtractorTest ✔
│  │  ├─ shouldParsePseudoAuthority(List, String, Integer) ✔
│  │  │  ├─ [1] [], null, null ✔
│  │  │  ├─ [2] ["], null, null ✔
│  │  │  ├─ [3] [""], null, null ✔
│  │  │  ├─ [4] [example.com], example.com, null ✔
│  │  │  ├─ [5] [example.com:port], example.com, null ✔
│  │  │  ├─ [6] [example.com:42], example.com, 42 ✔
│  │  │  ├─ [7] ["example.com"], example.com, null ✔
│  │  │  ├─ [8] ["example.com:port"], example.com, null ✔
│  │  │  ├─ [9] ["example.com:42"], example.com, 42 ✔
│  │  │  └─ [10] [example.com, github.com:1234], example.com, null ✔
│  │  ├─ shouldParseForwarded(List, String, Integer) ✔
│  │  │  ├─ [1] [], null, null ✔
│  │  │  ├─ [2] [host=], null, null ✔
│  │  │  ├─ [3] [host=;], null, null ✔
│  │  │  ├─ [4] [host="], null, null ✔
│  │  │  ├─ [5] [host=""], null, null ✔
│  │  │  ├─ [6] [host="example.com], null, null ✔
│  │  │  ├─ [7] [by=1.2.3.4, test=abc], null, null ✔
│  │  │  ├─ [8] [host=example.com], example.com, null ✔
│  │  │  ├─ [9] [host="example.com"], example.com, null ✔
│  │  │  ├─ [10] [host=example.com; test=abc:1234], example.com, null ✔
│  │  │  ├─ [11] [host="example.com"; test=abc:1234], example.com, null ✔
│  │  │  ├─ [12] [host=example.com:port], example.com, null ✔
│  │  │  ├─ [13] [host="example.com:port"], example.com, null ✔
│  │  │  ├─ [14] [host=example.com:42], example.com, 42 ✔
│  │  │  ├─ [15] [host="example.com:42"], example.com, 42 ✔
│  │  │  ├─ [16] [host=example.com:42; test=abc:1234], example.com, 42 ✔
│  │  │  ├─ [17] [host="example.com:42"; test=abc:1234], example.com, 42 ✔
│  │  │  └─ [18] [proto=https, host=example.com, host=github.com:1234], example.com, null ✔
│  │  ├─ shouldParseForwardedHost(List, String, Integer) ✔
│  │  │  ├─ [1] [], null, null ✔
│  │  │  ├─ [2] ["], null, null ✔
│  │  │  ├─ [3] [""], null, null ✔
│  │  │  ├─ [4] [example.com], example.com, null ✔
│  │  │  ├─ [5] [example.com:port], example.com, null ✔
│  │  │  ├─ [6] [example.com:42], example.com, 42 ✔
│  │  │  ├─ [7] ["example.com"], example.com, null ✔
│  │  │  ├─ [8] ["example.com:port"], example.com, null ✔
│  │  │  ├─ [9] ["example.com:42"], example.com, 42 ✔
│  │  │  └─ [10] [example.com, github.com:1234], example.com, null ✔
│  │  └─ shouldParseHost(List, String, Integer) ✔
│  │     ├─ [1] [], null, null ✔
│  │     ├─ [2] ["], null, null ✔
│  │     ├─ [3] [""], null, null ✔
│  │     ├─ [4] [example.com], example.com, null ✔
│  │     ├─ [5] [example.com:port], example.com, null ✔
│  │     ├─ [6] [example.com:42], example.com, 42 ✔
│  │     ├─ [7] ["example.com"], example.com, null ✔
│  │     ├─ [8] ["example.com:port"], example.com, null ✔
│  │     ├─ [9] ["example.com:42"], example.com, 42 ✔
│  │     └─ [10] [example.com, github.com:1234], example.com, null ✔
│  ├─ HttpStatusCodeConverterServerTest ✔
│  │  └─ httpStatusCodeToOtelStatus(int, boolean) ✔
│  │     ├─ [1] 100, false ✔
│  │     ├─ [2] 101, false ✔
│  │     ├─ [3] 102, false ✔
│  │     ├─ [4] 103, false ✔
│  │     ├─ [5] 200, false ✔
│  │     ├─ [6] 201, false ✔
│  │     ├─ [7] 202, false ✔
│  │     ├─ [8] 203, false ✔
│  │     ├─ [9] 204, false ✔
│  │     ├─ [10] 205, false ✔
│  │     ├─ [11] 206, false ✔
│  │     ├─ [12] 207, false ✔
│  │     ├─ [13] 208, false ✔
│  │     ├─ [14] 226, false ✔
│  │     ├─ [15] 300, false ✔
│  │     ├─ [16] 301, false ✔
│  │     ├─ [17] 302, false ✔
│  │     ├─ [18] 303, false ✔
│  │     ├─ [19] 304, false ✔
│  │     ├─ [20] 305, false ✔
│  │     ├─ [21] 306, false ✔
│  │     ├─ [22] 307, false ✔
│  │     ├─ [23] 308, false ✔
│  │     ├─ [24] 400, false ✔
│  │     ├─ [25] 401, false ✔
│  │     ├─ [26] 403, false ✔
│  │     ├─ [27] 404, false ✔
│  │     ├─ [28] 405, false ✔
│  │     ├─ [29] 406, false ✔
│  │     ├─ [30] 407, false ✔
│  │     ├─ [31] 408, false ✔
│  │     ├─ [32] 409, false ✔
│  │     ├─ [33] 410, false ✔
│  │     ├─ [34] 411, false ✔
│  │     ├─ [35] 412, false ✔
│  │     ├─ [36] 413, false ✔
│  │     ├─ [37] 414, false ✔
│  │     ├─ [38] 415, false ✔
│  │     ├─ [39] 416, false ✔
│  │     ├─ [40] 417, false ✔
│  │     ├─ [41] 418, false ✔
│  │     ├─ [42] 421, false ✔
│  │     ├─ [43] 422, false ✔
│  │     ├─ [44] 423, false ✔
│  │     ├─ [45] 424, false ✔
│  │     ├─ [46] 425, false ✔
│  │     ├─ [47] 426, false ✔
│  │     ├─ [48] 428, false ✔
│  │     ├─ [49] 429, false ✔
│  │     ├─ [50] 431, false ✔
│  │     ├─ [51] 451, false ✔
│  │     ├─ [52] 500, true ✔
│  │     ├─ [53] 501, true ✔
│  │     ├─ [54] 502, true ✔
│  │     ├─ [55] 503, true ✔
│  │     ├─ [56] 504, true ✔
│  │     ├─ [57] 505, true ✔
│  │     ├─ [58] 506, true ✔
│  │     ├─ [59] 507, true ✔
│  │     ├─ [60] 508, true ✔
│  │     ├─ [61] 510, true ✔
│  │     ├─ [62] 511, true ✔
│  │     ├─ [63] 99, true ✔
│  │     └─ [64] 600, true ✔
│  ├─ ForwardedUrlSchemeProviderTest ✔
│  │  ├─ parseForwardedHeader(List, String) ✔
│  │  │  ├─ [1] [for=1.1.1.1;proto=xyz], xyz ✔
│  │  │  ├─ [2] [for=1.1.1.1;proto=xyz;], xyz ✔
│  │  │  ├─ [3] [for=1.1.1.1;proto=xyz,], xyz ✔
│  │  │  ├─ [4] [for=1.1.1.1;proto=], null ✔
│  │  │  ├─ [5] [for=1.1.1.1;proto=;], null ✔
│  │  │  ├─ [6] [for=1.1.1.1;proto=,], null ✔
│  │  │  ├─ [7] [for=1.1.1.1;proto="xyz"], xyz ✔
│  │  │  ├─ [8] [for=1.1.1.1;proto="xyz";], xyz ✔
│  │  │  ├─ [9] [for=1.1.1.1;proto="xyz",], xyz ✔
│  │  │  ├─ [10] [for=1.1.1.1;proto="], null ✔
│  │  │  ├─ [11] [for=1.1.1.1;proto=""], null ✔
│  │  │  ├─ [12] [for=1.1.1.1;proto="";], null ✔
│  │  │  ├─ [13] [for=1.1.1.1;proto="",], null ✔
│  │  │  └─ [14] [for=1.1.1.1, proto=xyz, proto=abc], xyz ✔
│  │  ├─ parseForwardedProtoHeader(List, String) ✔
│  │  │  ├─ [1] [xyz], xyz ✔
│  │  │  ├─ [2] ["xyz"], xyz ✔
│  │  │  ├─ [3] ["], null ✔
│  │  │  └─ [4] [xyz, abc], xyz ✔
│  │  └─ noHeaders() ✔
│  ├─ HttpClientRequestResendCountTest ✔
│  │  ├─ incrementResendCount() ✔
│  │  └─ resendCountShouldBeZeroWhenNotInitialized() ✔
│  ├─ HostAddressAndPortExtractorTest ✔
│  │  ├─ ipv6Host() ✔
│  │  ├─ ipv6HostAndPort() ✔
│  │  ├─ justHost() ✔
│  │  ├─ noHostHeader() ✔
│  │  ├─ portIsNotNumeric() ✔
│  │  └─ hostAndPort() ✔
│  ├─ HttpStatusCodeConverterClientTest ✔
│  │  └─ httpStatusCodeToOtelStatus(int, boolean) ✔
│  │     ├─ [1] 100, false ✔
│  │     ├─ [2] 101, false ✔
│  │     ├─ [3] 102, false ✔
│  │     ├─ [4] 103, false ✔
│  │     ├─ [5] 200, false ✔
│  │     ├─ [6] 201, false ✔
│  │     ├─ [7] 202, false ✔
│  │     ├─ [8] 203, false ✔
│  │     ├─ [9] 204, false ✔
│  │     ├─ [10] 205, false ✔
│  │     ├─ [11] 206, false ✔
│  │     ├─ [12] 207, false ✔
│  │     ├─ [13] 208, false ✔
│  │     ├─ [14] 226, false ✔
│  │     ├─ [15] 300, false ✔
│  │     ├─ [16] 301, false ✔
│  │     ├─ [17] 302, false ✔
│  │     ├─ [18] 303, false ✔
│  │     ├─ [19] 304, false ✔
│  │     ├─ [20] 305, false ✔
│  │     ├─ [21] 306, false ✔
│  │     ├─ [22] 307, false ✔
│  │     ├─ [23] 308, false ✔
│  │     ├─ [24] 400, true ✔
│  │     ├─ [25] 401, true ✔
│  │     ├─ [26] 403, true ✔
│  │     ├─ [27] 404, true ✔
│  │     ├─ [28] 405, true ✔
│  │     ├─ [29] 406, true ✔
│  │     ├─ [30] 407, true ✔
│  │     ├─ [31] 408, true ✔
│  │     ├─ [32] 409, true ✔
│  │     ├─ [33] 410, true ✔
│  │     ├─ [34] 411, true ✔
│  │     ├─ [35] 412, true ✔
│  │     ├─ [36] 413, true ✔
│  │     ├─ [37] 414, true ✔
│  │     ├─ [38] 415, true ✔
│  │     ├─ [39] 416, true ✔
│  │     ├─ [40] 417, true ✔
│  │     ├─ [41] 418, true ✔
│  │     ├─ [42] 421, true ✔
│  │     ├─ [43] 422, true ✔
│  │     ├─ [44] 423, true ✔
│  │     ├─ [45] 424, true ✔
│  │     ├─ [46] 425, true ✔
│  │     ├─ [47] 426, true ✔
│  │     ├─ [48] 428, true ✔
│  │     ├─ [49] 429, true ✔
│  │     ├─ [50] 431, true ✔
│  │     ├─ [51] 451, true ✔
│  │     ├─ [52] 500, true ✔
│  │     ├─ [53] 501, true ✔
│  │     ├─ [54] 502, true ✔
│  │     ├─ [55] 503, true ✔
│  │     ├─ [56] 504, true ✔
│  │     ├─ [57] 505, true ✔
│  │     ├─ [58] 506, true ✔
│  │     ├─ [59] 507, true ✔
│  │     ├─ [60] 508, true ✔
│  │     ├─ [61] 510, true ✔
│  │     ├─ [62] 511, true ✔
│  │     ├─ [63] 99, true ✔
│  │     └─ [64] 600, true ✔
│  ├─ HttpServerAddressAndPortExtractorTest ✔
│  │  ├─ shouldParseForwarded(List, String) ✔
│  │  │  ├─ [1] [], null ✔
│  │  │  ├─ [2] [for=], null ✔
│  │  │  ├─ [3] [for=;], null ✔
│  │  │  ├─ [4] [for="], null ✔
│  │  │  ├─ [5] [for=""], null ✔
│  │  │  ├─ [6] [for="1.2.3.4], null ✔
│  │  │  ├─ [7] [for="[::1]], null ✔
│  │  │  ├─ [8] [for=[::1], null ✔
│  │  │  ├─ [9] [for="[::1"], null ✔
│  │  │  ├─ [10] [for="[::1"]], null ✔
│  │  │  ├─ [11] [by=1.2.3.4, test=abc], null ✔
│  │  │  ├─ [12] [for=[::1]], ::1 ✔
│  │  │  ├─ [13] [For=[::1]], ::1 ✔
│  │  │  ├─ [14] [for="[::1]":42], ::1 ✔
│  │  │  ├─ [15] [for=[::1]:42], ::1 ✔
│  │  │  ├─ [16] [for="[::1]:42"], ::1 ✔
│  │  │  ├─ [17] [for=[::1], for=1.2.3.4], ::1 ✔
│  │  │  ├─ [18] [for=[::1]; for=1.2.3.4:42], ::1 ✔
│  │  │  ├─ [19] [for=[::1]:42abc], ::1 ✔
│  │  │  ├─ [20] [for=[::1]:abc], ::1 ✔
│  │  │  ├─ [21] [for=1.2.3.4], 1.2.3.4 ✔
│  │  │  ├─ [22] [FOR=1.2.3.4], 1.2.3.4 ✔
│  │  │  ├─ [23] [for=1.2.3.4, :42], 1.2.3.4 ✔
│  │  │  ├─ [24] [for=1.2.3.4;proto=https;by=4.3.2.1], 1.2.3.4 ✔
│  │  │  ├─ [25] [for=1.2.3.4:42], 1.2.3.4 ✔
│  │  │  ├─ [26] [for=1.2.3.4:42abc], 1.2.3.4 ✔
│  │  │  ├─ [27] [for=1.2.3.4:abc], 1.2.3.4 ✔
│  │  │  ├─ [28] [for=1.2.3.4; for=4.3.2.1:42], 1.2.3.4 ✔
│  │  │  └─ [29] [proto=https, for=1.2.3.4, for=[::1]:42], 1.2.3.4 ✔
│  │  └─ shouldParseForwardedFor(List, String) ✔
│  │     ├─ [1] [], null ✔
│  │     ├─ [2] [;], null ✔
│  │     ├─ [3] ["], null ✔
│  │     ├─ [4] [""], null ✔
│  │     ├─ [5] ["1.2.3.4], null ✔
│  │     ├─ [6] ["[::1]], null ✔
│  │     ├─ [7] [[::1], null ✔
│  │     ├─ [8] ["[::1"], null ✔
│  │     ├─ [9] ["[::1"]], null ✔
│  │     ├─ [10] [[::1]], ::1 ✔
│  │     ├─ [11] ["[::1]":42], ::1 ✔
│  │     ├─ [12] [[::1]:42], ::1 ✔
│  │     ├─ [13] ["[::1]:42"], ::1 ✔
│  │     ├─ [14] [[::1],1.2.3.4], ::1 ✔
│  │     ├─ [15] [[::1];1.2.3.4:42], ::1 ✔
│  │     ├─ [16] [[::1]:42abc], ::1 ✔
│  │     ├─ [17] [[::1]:abc], ::1 ✔
│  │     ├─ [18] [1.2.3.4], 1.2.3.4 ✔
│  │     ├─ [19] [1.2.3.4, :42], 1.2.3.4 ✔
│  │     ├─ [20] [1.2.3.4,4.3.2.1], 1.2.3.4 ✔
│  │     ├─ [21] [1.2.3.4:42], 1.2.3.4 ✔
│  │     ├─ [22] [1.2.3.4:42abc], 1.2.3.4 ✔
│  │     ├─ [23] [1.2.3.4:abc], 1.2.3.4 ✔
│  │     ├─ [24] [::1], ::1 ✔
│  │     ├─ [25] [::1,::2,1.2.3.4], ::1 ✔
│  │     ├─ [26] [::1;::2;1.2.3.4], ::1 ✔
│  │     └─ [27] [1.2.3.4, ::1], 1.2.3.4 ✔
│  ├─ HttpClientAttributesExtractorTest ✔
│  │  ├─ shouldUseOtherForUnknownMethods(String) ✔
│  │  │  ├─ [1] PURGE ✔
│  │  │  └─ [2] not a method really ✔
│  │  ├─ shouldExtractKnownMethods(String) ✔
│  │  │  ├─ [1] TRACE ✔
│  │  │  ├─ [2] HEAD ✔
│  │  │  ├─ [3] DELETE ✔
│  │  │  ├─ [4] POST ✔
│  │  │  ├─ [5] GET ✔
│  │  │  ├─ [6] CONNECT ✔
│  │  │  ├─ [7] OPTIONS ✔
│  │  │  ├─ [8] PATCH ✔
│  │  │  └─ [9] PUT ✔
│  │  ├─ shouldExtractKnownMethods_override(String) ✔
│  │  │  ├─ [1] only ✔
│  │  │  ├─ [2] custom ✔
│  │  │  ├─ [3] methods ✔
│  │  │  └─ [4] allowed ✔
│  │  ├─ shouldExtractErrorType_httpStatusCode() ✔
│  │  ├─ normal() ✔
│  │  ├─ shouldExtractErrorType_exceptionClassName() ✔
│  │  ├─ shouldTreatMethodsAsCaseSensitive(String) ✔
│  │  │  ├─ [1] get ✔
│  │  │  └─ [2] Get ✔
│  │  ├─ shouldApplyUrlSanitizer() ✔
│  │  ├─ shouldExtractServerAddressAndPortFromHostHeader() ✔
│  │  ├─ shouldUseOtherForUnknownMethods_override(String) ✔
│  │  │  ├─ [1] TRACE ✔
│  │  │  ├─ [2] HEAD ✔
│  │  │  ├─ [3] DELETE ✔
│  │  │  ├─ [4] POST ✔
│  │  │  ├─ [5] GET ✔
│  │  │  ├─ [6] CONNECT ✔
│  │  │  ├─ [7] OPTIONS ✔
│  │  │  ├─ [8] PATCH ✔
│  │  │  └─ [9] PUT ✔
│  │  ├─ shouldExtractProtocolNameDifferentFromHttp() ✔
│  │  ├─ shouldExtractPeerAddressEvenIfItDuplicatesServerAddress() ✔
│  │  ├─ shouldExtractErrorType_other() ✔
│  │  └─ shouldExtractErrorType_getter() ✔
│  ├─ HttpHeaderSelectorTest ✔
│  │  ├─ exactNamesAreCapturedWithoutHeaderNameEnumeration() ✔
│  │  ├─ excludeOnlySelectorCapturesEveryOtherHeader() ✔
│  │  ├─ capturesSingleCharacterWildcardIncludedNames() ✔
│  │  ├─ capturesExactIncludedNames() ✔
│  │  ├─ deprecatedCapturedHeadersSettersMatchHeaderNamesLiterally() ✔
│  │  ├─ emptySelectorCapturesNothing() ✔
│  │  ├─ exclusionTakesPrecedenceOverInclusion() ✔
│  │  ├─ absentSelectorCapturesNothing() ✔
│  │  ├─ capturesWildcardIncludedNames() ✔
│  │  ├─ deprecatedCapturedHeadersSettersSelectExactNames() ✔
│  │  ├─ deprecatedCapturedHeadersSettersCaptureListedNames() ✔
│  │  ├─ matchingHeaderNameIsCapturedOnlyOnce() ✔
│  │  ├─ deprecatedCapturedHeadersSettersOnlyCapturePresentLiteralNames() ✔
│  │  ├─ matchesHeaderNamesCaseInsensitively() ✔
│  │  └─ wildcardCapturesNothingWithoutHeaderNameEnumeration() ✔
│  ├─ HttpServerAttributesExtractorTest ✔
│  │  ├─ shouldUseOtherForUnknownMethods(String) ✔
│  │  │  ├─ [1] PURGE ✔
│  │  │  └─ [2] not a method really ✔
│  │  ├─ shouldExtractKnownMethods(String) ✔
│  │  │  ├─ [1] TRACE ✔
│  │  │  ├─ [2] HEAD ✔
│  │  │  ├─ [3] DELETE ✔
│  │  │  ├─ [4] POST ✔
│  │  │  ├─ [5] GET ✔
│  │  │  ├─ [6] CONNECT ✔
│  │  │  ├─ [7] OPTIONS ✔
│  │  │  ├─ [8] PATCH ✔
│  │  │  └─ [9] PUT ✔
│  │  ├─ shouldExtractKnownMethods_override(String) ✔
│  │  │  ├─ [1] only ✔
│  │  │  ├─ [2] custom ✔
│  │  │  ├─ [3] methods ✔
│  │  │  └─ [4] allowed ✔
│  │  ├─ shouldExtractErrorType_httpStatusCode() ✔
│  │  ├─ shouldRedactQueryParameters(String, String) ✔
│  │  │  ├─ [1] paramA=valA&paramB=valB, paramA=valA&paramB=valB ✔
│  │  │  ├─ [2] AWSAccessKeyId=AKIAIOSFODNN7, AWSAccessKeyId=REDACTED ✔
│  │  │  ├─ [3] Signature=39Up9jzHkxhuIhFE9594DJxe7w6cIRCg0V6ICGS0%3A377, Signature=REDACTED ✔
│  │  │  ├─ [4] X-Amz-Signature=39Up9jzHkxhuIhFE9594DJxe7w6cIRCg0V6ICGS0, X-Amz-Signature=RE... ✔
│  │  │  ├─ [5] X-Amz-Credential=AKIAIOSFODNN7%2F20260101%2Fus-east-1%2Fs3%2Faws4_request, X... ✔
│  │  │  ├─ [6] X-Amz-Security-Token=FwoGZXIvYXdzEBYaDG, X-Amz-Security-Token=REDACTED ✔
│  │  │  ├─ [7] sig=39Up9jzHkxhuIhFE9594DJxe7w6cIRCg0V6ICGS0, sig=REDACTED ✔
│  │  │  ├─ [8] X-Goog-Signature=39Up9jzHkxhuIhFE9594DJxe7w6cIRCg0V6ICGS0, X-Goog-Signature=... ✔
│  │  │  ├─ [9] paramA=valA&AWSAccessKeyId=AKIAIOSFODNN7&paramB=valB, paramA=valA&AWSAccessK... ✔
│  │  │  ├─ [10] AWSAccessKeyId=AKIAIOSFODNN7&paramA=valA, AWSAccessKeyId=REDACTED&paramA=va... ✔
│  │  │  ├─ [11] paramA=valA&AWSAccessKeyId=AKIAIOSFODNN7, paramA=valA&AWSAccessKeyId=REDACT... ✔
│  │  │  ├─ [12] AWSAccessKeyId=AKIAIOSFODNN7&AWSAccessKeyId=ZGIAIOSFODNN7, AWSAccessKeyId=R... ✔
│  │  │  ├─ [13] AWSAccessKeyId=AKIAIOSFODNN7#ref, AWSAccessKeyId=REDACTED#ref ✔
│  │  │  ├─ [14] AWSAccessKeyId=AKIAIOSFODNN7&aa&bb, AWSAccessKeyId=REDACTED&aa&bb ✔
│  │  │  ├─ [15] aa&bb&AWSAccessKeyId=AKIAIOSFODNN7, aa&bb&AWSAccessKeyId=REDACTED ✔
│  │  │  ├─ [16] AWSAccessKeyId=AKIAIOSFODNN7&&, AWSAccessKeyId=REDACTED&& ✔
│  │  │  ├─ [17] &&AWSAccessKeyId=AKIAIOSFODNN7, &&AWSAccessKeyId=REDACTED ✔
│  │  │  └─ [18] AWSAccessKeyId=AKIAIOSFODNN7&a&b#fragment, AWSAccessKeyId=REDACTED&a&b#frag... ✔
│  │  ├─ normal() ✔
│  │  ├─ shouldExtractServerAddressAndPortFromForwardedHostHeader() ✔
│  │  ├─ shouldExtractErrorType_exceptionClassName() ✔
│  │  ├─ shouldPreferUrlSchemeFromForwardedHeader() ✔
│  │  ├─ shouldExtractServerAddressAndPortFromAuthorityPseudoHeader() ✔
│  │  ├─ shouldTreatMethodsAsCaseSensitive(String) ✔
│  │  │  ├─ [1] get ✔
│  │  │  └─ [2] Get ✔
│  │  ├─ shouldExtractServerAddressAndPortFromForwardedHeader() ✔
│  │  ├─ shouldExtractPeerAddressEvenIfItDuplicatesClientAddress() ✔
│  │  ├─ shouldExtractServerAddressAndPortFromHostHeader() ✔
│  │  ├─ shouldUseOtherForUnknownMethods_override(String) ✔
│  │  │  ├─ [1] TRACE ✔
│  │  │  ├─ [2] HEAD ✔
│  │  │  ├─ [3] DELETE ✔
│  │  │  ├─ [4] POST ✔
│  │  │  ├─ [5] GET ✔
│  │  │  ├─ [6] CONNECT ✔
│  │  │  ├─ [7] OPTIONS ✔
│  │  │  ├─ [8] PATCH ✔
│  │  │  └─ [9] PUT ✔
│  │  ├─ shouldExtractProtocolNameDifferentFromHttp() ✔
│  │  ├─ shouldExtractErrorType_other() ✔
│  │  └─ shouldExtractErrorType_getter() ✔
│  ├─ HttpServerRouteTest ✔
│  │  ├─ shouldUpdateRoute_betterMatch() ✔
│  │  ├─ shouldNotUpdateRoute_worseMatch() ✔
│  │  ├─ shouldNotUpdateRoute_sameSource() ✔
│  │  ├─ shouldUseHttp_unknownMethod() ✔
│  │  ├─ shouldUpdateRoute_higherOrderSource() ✔
│  │  ├─ shouldUseHttp_noMethod() ✔
│  │  ├─ nonServerRootSpan() ✔
│  │  ├─ shouldSetRoute() ✔
│  │  ├─ shouldNotUpdateRoute_lowerOrderSource() ✔
│  │  └─ nonInstrumenerParentLocalRootSpan() ✔
│  └─ HttpSpanStatusExtractorTest ✔
│     ├─ hasNoClientStatus_fallsBackToDefault_error() ✔
│     ├─ hasNoClientStatus_fallsBackToDefault_unset() ✔
│     ├─ hasServerStatus(int) ✔
│     │  ├─ [1] 1 ✔
│     │  ├─ [2] 100 ✔
│     │  ├─ [3] 101 ✔
│     │  ├─ [4] 200 ✔
│     │  ├─ [5] 201 ✔
│     │  ├─ [6] 300 ✔
│     │  ├─ [7] 301 ✔
│     │  ├─ [8] 500 ✔
│     │  ├─ [9] 501 ✔
│     │  ├─ [10] 600 ✔
│     │  └─ [11] 601 ✔
│     ├─ hasNoServerStatus_fallsBackToDefault_error() ✔
│     ├─ hasNoServerStatus_fallsBackToDefault_unset() ✔
│     ├─ hasClientStatus(int) ✔
│     │  ├─ [1] 1 ✔
│     │  ├─ [2] 100 ✔
│     │  ├─ [3] 101 ✔
│     │  ├─ [4] 200 ✔
│     │  ├─ [5] 201 ✔
│     │  ├─ [6] 300 ✔
│     │  ├─ [7] 301 ✔
│     │  ├─ [8] 400 ✔
│     │  ├─ [9] 401 ✔
│     │  ├─ [10] 500 ✔
│     │  ├─ [11] 501 ✔
│     │  ├─ [12] 600 ✔
│     │  └─ [13] 601 ✔
│     ├─ hasServerStatusAndException(int) ✔
│     │  ├─ [1] 1 ✔
│     │  ├─ [2] 100 ✔
│     │  ├─ [3] 101 ✔
│     │  ├─ [4] 200 ✔
│     │  ├─ [5] 201 ✔
│     │  ├─ [6] 300 ✔
│     │  ├─ [7] 301 ✔
│     │  ├─ [8] 400 ✔
│     │  ├─ [9] 401 ✔
│     │  ├─ [10] 500 ✔
│     │  ├─ [11] 501 ✔
│     │  ├─ [12] 600 ✔
│     │  └─ [13] 601 ✔
│     └─ hasClientStatusAndException(int) ✔
│        ├─ [1] 1 ✔
│        ├─ [2] 100 ✔
│        ├─ [3] 101 ✔
│        ├─ [4] 200 ✔
│        ├─ [5] 201 ✔
│        ├─ [6] 300 ✔
│        ├─ [7] 301 ✔
│        ├─ [8] 400 ✔
│        ├─ [9] 401 ✔
│        ├─ [10] 500 ✔
│        ├─ [11] 501 ✔
│        ├─ [12] 600 ✔
│        └─ [13] 601 ✔
└─ JUnit Vintage ✔

Test run finished after 732 ms
[        40 containers found      ]
[         0 containers skipped    ]
[        40 containers started    ]
[         0 containers aborted    ]
[        40 containers successful ]
[         0 containers failed     ]
[       429 tests found           ]
[         0 tests skipped         ]
[       429 tests started         ]
[         0 tests aborted         ]
[       429 tests successful      ]
[         0 tests failed          ]

== junit exit code: 0
