
Redirect (tests/redirect.spec.ts)
  ✔ redirect to given url (22.74ms)
  ✔ redirect to given url with query string (6.09ms)
  ✔ redirect to given url without overriding global query string forwarding (4.54ms)
  ✔ redirect to given url can disable global query string forwarding (3.58ms)
  ✔ redirect to given url and forward current query string (7.07ms)
  ✔ redirect to given url with custom query string (2.58ms)
  ✔ redirect to given url with custom query string overwriting the forward rules (2.49ms)
  ✔ redirect to given url with custom query given as object (2.6ms)
  ✔ do not set query string when originally there was no query string (3.13ms)
  ✔ redirect to given url and set custom statusCode (5.68ms)
  ✔ redirect to given url and set custom statusCode using fluent API (2.18ms)
  ✔ redirect back to referrer (3.34ms)
  ✔ redirect back to referrer with existing query string (2.22ms)
  ✔ redirect back to referrer with query string (2.04ms)
  ✔ redirect back to root (/) when referrer header is not set (2.03ms)
  ✔ redirect back to root (/) when referrer header is empty (2.03ms)
  ✔ redirect to given route (4.01ms)
  ✔ redirect to given route with params (2.79ms)
  ✔ encode route params before redirecting (0.87ms)
  ✔ redirect to given route with domain (0.64ms)
  ✔ redirect to given route and forward query string (2.48ms)
  ✔ redirect to given route and add qs via makeRoute (2.29ms)
  ✖ reuse the same options object across multiple toRoute calls (2.69ms)
  ✔ throw when given route is not found (4.39ms)
  ✔ merge query string values when withQs is called multiple times (5.63ms)
  ✔ merge query string with current url qs values (5.07ms)
  ✔ do not set query string original url has no qs (3ms)
  ✔ clear existing qs (2.45ms)
 ERRORS 

❯ Redirect / reuse the same options object across multiple toRoute calls

- Expected  - 1
+ Received  + 1

- /posts/1?published=true
+ /posts/1

[31mℹ AssertionError: expected '/posts/1' to equal '/posts/1?published=true'[39m

 ⁃ at Assert.equal [33m(/tmp/adonw/node_modules/@japa/assert/build/index.js:69:19)[39m
 ⁃ at Object.executor [33m(tests/redirect.spec.ts:389:12)[39m

   [2m384[22m [2m┃[22m      })
   [2m385[22m [2m┃[22m  
   [2m386[22m [2m┃[22m      [31mconst[0m first [34m=[0m [31mawait[0m [35msupertest[0m(url)[34m.[0m[31mget[0m([32m'/'[0m)
   [2m387[22m [2m┃[22m      [31mconst[0m second [34m=[0m [31mawait[0m [35msupertest[0m(url)[34m.[0m[31mget[0m([32m'/'[0m)
   [2m388[22m [2m┃[22m      assert[34m.[0m[35mequal[0m(first[34m.[0mheader[34m.[0mlocation[34m,[0m [32m'/posts/1?published=true'[0m)
 [41m❯ 389 ┃      assert.equal(second.header.location, '/posts/1?published=true')[49m
   [2m390[22m [2m┃[22m    })
   [2m391[22m [2m┃[22m  
   [2m392[22m [2m┃[22m    [35mtest[0m([32m'throw when given route is not found'[0m[34m,[0m [31masync[0m ({ assert }) [31m=>[0m {
   [2m393[22m [2m┃[22m      [31mconst[0m { url } [34m=[0m [31mawait[0m httpServer[34m.[0m[35mcreate[0m((req[34m,[0m res) [31m=>[0m {
   [2m394[22m [2m┃[22m        [31mconst[0m response [34m=[0m [31mnew[0m [33mHttpResponseFactory[0m()[34m.[0m[35mmerge[0m({ req[34m,[0m res[34m,[0m encryption[34m,[0m router })[34m.[0m[35mcreate[0m()

[2m ⁃ at [3mprocess.processTicksAndRejections[23m ([3mnode:internal/process/task_queues:103:5[23m)[22m
 ⁃ at async #wrapTestInTimeout [33m(/tmp/adonw/node_modules/@japa/core/build/index.js:680:4)[39m
 ⁃ at async TestRunner.run [33m(/tmp/adonw/node_modules/@japa/core/build/index.js:710:4)[39m
 ⁃ at async Test$1.exec [33m(/tmp/adonw/node_modules/@japa/core/build/index.js:918:3)[39m
 ⁃ at async GroupRunner.run [33m(/tmp/adonw/node_modules/@japa/core/build/index.js:259:4)[39m
 ⁃ at async Group$1.exec [33m(/tmp/adonw/node_modules/@japa/core/build/index.js:354:3)[39m
 ⁃ at async SuiteRunner.run [33m(/tmp/adonw/node_modules/@japa/core/build/index.js:1100:4)[39m
 ⁃ at async Suite$1.exec [33m(/tmp/adonw/node_modules/@japa/core/build/index.js:1175:3)[39m
[1/1]─

 FAILED 

Tests  27 passed, 1 failed (28)
 Time  116ms
