# Section A: pristine master e11d2836203a21bec59095498e578d37801027e7 (no changes)
$ AIOHTTP_NO_EXTENSIONS=1 PYTHONPATH=. python -m pytest tests/test_streams.py tests/test_flowcontrol_streams.py tests/test_multipart.py tests/test_benchmarks_multipart.py tests/test_http_parser.py tests/test_client_proto.py tests/test_client_response.py tests/test_client_functional.py tests/test_client_ws_functional.py tests/test_web_functional.py tests/test_web_request.py tests/test_web_app.py tests/test_web_middleware.py tests/test_web_urldispatcher.py tests/test_web_websocket_functional.py tests/test_run_app.py --no-cov -q -p no:randomly
bringing up nodes...
bringing up nodes...

........................................................................ [  3%]
........................................................................ [  7%]
............................s.............................s............. [ 11%]
......................s.s.s............................................. [ 14%]
........................................................................ [ 18%]
........................................................................ [ 22%]
........................................................................ [ 26%]
........................................................................ [ 29%]
........................................................................ [ 33%]
........s.sssss..sss.ss.ss.ss.ss.s.sssss..ss.ssss.ss.................... [ 37%]
...................................................................s.... [ 41%]
.......s................................................................ [ 44%]
........................................................................ [ 48%]
........................................................................ [ 52%]
.......................................................x................ [ 55%]
.....................................s.................................. [ 59%]
........................................................................ [ 63%]
........................................................................ [ 67%]
........................................................................ [ 70%]
........................................................................ [ 74%]
........................................................................ [ 78%]
........................................................................ [ 82%]
............................s........................................... [ 85%]
........................................................................ [ 89%]
........................................................................ [ 93%]
........................................................................ [ 97%]
.........................................................                [100%]
============================= slowest 10 durations =============================
1.10s call     tests/test_client_functional.py::test_set_cookies_max_age
1.01s call     tests/test_run_app.py::TestShutdown::test_shutdown_timeout_handler
1.00s call     tests/test_client_functional.py::test_readline_error_on_conn_close
1.00s call     tests/test_client_functional.py::test_timeout_on_reading_data
0.91s call     tests/test_run_app.py::TestShutdown::test_shutdown_handler_cancellation_suppressed
0.51s call     tests/test_run_app.py::TestShutdown::test_shutdown_wait_for_handler
0.51s call     tests/test_client_functional.py::test_read_timeout_on_write
0.51s call     tests/test_run_app.py::TestShutdown::test_shutdown_pending_handler_responds
0.51s call     tests/test_client_functional.py::test_no_error_on_conn_close_if_eof
0.50s call     tests/test_client_functional.py::test_timeout_with_full_buffer
=========================== short test summary info ============================
SKIPPED [1] tests/test_multipart.py:1874: No wbits parameter
SKIPPED [1] tests/test_http_parser.py:148: Extensions available but not imported
SKIPPED [1] tests/test_multipart.py:368: wbits not available
SKIPPED [1] tests/test_http_parser.py:284: Only tests C parser.
SKIPPED [1] tests/test_http_parser.py:309: Only tests C parser.
SKIPPED [8] tests/test_http_parser.py:2381: Only tests C parser.
SKIPPED [2] tests/test_http_parser.py:2402: Only tests C parser.
SKIPPED [1] tests/test_http_parser.py:2420: Python parser lacks error pos output
SKIPPED [20] tests/test_http_parser.py:2437: Only tests C parser.
SKIPPED [1] tests/test_http_parser.py:2930: C based HTTP parser not available
SKIPPED [1] tests/test_client_functional.py:754: ssl_shutdown_timeout requires Python 3.11+
SKIPPED [1] tests/test_web_functional.py:215: Needs Task.cancelling()
SKIPPED [1] tests/test_web_functional.py:3130: C based HTTP parser not available
XFAIL tests/test_client_functional.py::test_broken_connection
1888 passed, 40 skipped, 1 xfailed in 9.34s
exit: 0

# Section B: master e11d2836203a21bec59095498e578d37801027e7, aiohttp/ unmodified (yes), new tests added to tests/test_streams.py
$ AIOHTTP_NO_EXTENSIONS=1 PYTHONPATH=. python -m pytest tests/test_streams.py tests/test_flowcontrol_streams.py tests/test_multipart.py tests/test_benchmarks_multipart.py tests/test_http_parser.py tests/test_client_proto.py tests/test_client_response.py tests/test_client_functional.py tests/test_client_ws_functional.py tests/test_web_functional.py tests/test_web_request.py tests/test_web_app.py tests/test_web_middleware.py tests/test_web_urldispatcher.py tests/test_web_websocket_functional.py tests/test_run_app.py --no-cov -q -p no:randomly
bringing up nodes...
bringing up nodes...

........................................................................ [  3%]
........................................................................ [  7%]
...................................................................s.... [ 11%]
F..........s.....F......F........F.s.s................F................. [ 14%]
.............F.........s..........F.................F................... [ 18%]
F.................F...............................F.............F....... [ 22%]
..........F........................................s.sssss.sssss.ssss.ss [ 25%]
sss.ssssss.ssss.s....................................................... [ 29%]
........................................................................ [ 33%]
.............s............................F............................. [ 36%]
........................................................................ [ 40%]
........................................................................ [ 44%]
..................................................F..F.................. [ 47%]
...................................................s.................... [ 51%]
........................................................................ [ 55%]
.................................x...................................... [ 58%]
........................................................................ [ 62%]
..............................................................s......... [ 66%]
........................................................................ [ 69%]
................................s....................................... [ 73%]
........................................................................ [ 77%]
........................................................................ [ 81%]
........................................................................ [ 84%]
........................................................................ [ 88%]
........................................................................ [ 92%]
........................................................................ [ 95%]
........................................................................ [ 99%]
...........                                                              [100%]
=================================== FAILURES ===================================
____ TestStreamReader.test_readuntil_separator_split_between_chunks[\r\n-1] ____
[gw0] linux -- Python 3.10.12 /tmp/aiohttp-venv/bin/python

self = <test_streams.TestStreamReader object at 0xea8bb50d84f0>
separator = b'\r\n', split = 1

    @pytest.mark.parametrize(
        ("separator", "split"),
        [
            (separator, split)
            for separator in (b"\r\n", b"\r\n\r\n", b"--xyz")
            for split in range(len(separator) + 1)
        ],
    )
    async def test_readuntil_separator_split_between_chunks(
        self, separator: bytes, split: int
    ) -> None:
        stream = self._make_one()
        stream.feed_data(b"line1" + separator[:split])
        stream.feed_data(separator[split:] + b"line2")
        stream.feed_eof()
    
        line = await stream.readuntil(separator)
>       assert b"line1" + separator == line
E       AssertionError: assert b'line1\r\n' == b'line1\r\nline2'
E         
E         Use -v to get more diff

line       = b'line1\r\nline2'
self       = <test_streams.TestStreamReader object at 0xea8bb50d84f0>
separator  = b'\r\n'
split      = 1
stream     = <StreamReader eof>

tests/test_streams.py:524: AssertionError
__ TestStreamReader.test_readuntil_separator_split_between_chunks[\r\n\r\n-1] __
[gw0] linux -- Python 3.10.12 /tmp/aiohttp-venv/bin/python

self = <test_streams.TestStreamReader object at 0xea8bb50db970>
separator = b'\r\n\r\n', split = 1

    @pytest.mark.parametrize(
        ("separator", "split"),
        [
            (separator, split)
            for separator in (b"\r\n", b"\r\n\r\n", b"--xyz")
            for split in range(len(separator) + 1)
        ],
    )
    async def test_readuntil_separator_split_between_chunks(
        self, separator: bytes, split: int
    ) -> None:
        stream = self._make_one()
        stream.feed_data(b"line1" + separator[:split])
        stream.feed_data(separator[split:] + b"line2")
        stream.feed_eof()
    
        line = await stream.readuntil(separator)
>       assert b"line1" + separator == line
E       AssertionError: assert b'line1\r\n\r\n' == b'line1\r\n\r\nline2'
E         
E         Use -v to get more diff

line       = b'line1\r\n\r\nline2'
self       = <test_streams.TestStreamReader object at 0xea8bb50db970>
separator  = b'\r\n\r\n'
split      = 1
stream     = <StreamReader eof>

tests/test_streams.py:524: AssertionError
__ TestStreamReader.test_readuntil_separator_split_between_chunks[\r\n\r\n-2] __
[gw0] linux -- Python 3.10.12 /tmp/aiohttp-venv/bin/python

self = <test_streams.TestStreamReader object at 0xea8bb50db5b0>
separator = b'\r\n\r\n', split = 2

    @pytest.mark.parametrize(
        ("separator", "split"),
        [
            (separator, split)
            for separator in (b"\r\n", b"\r\n\r\n", b"--xyz")
            for split in range(len(separator) + 1)
        ],
    )
    async def test_readuntil_separator_split_between_chunks(
        self, separator: bytes, split: int
    ) -> None:
        stream = self._make_one()
        stream.feed_data(b"line1" + separator[:split])
        stream.feed_data(separator[split:] + b"line2")
        stream.feed_eof()
    
        line = await stream.readuntil(separator)
>       assert b"line1" + separator == line
E       AssertionError: assert b'line1\r\n\r\n' == b'line1\r\n\r\nline2'
E         
E         Use -v to get more diff

line       = b'line1\r\n\r\nline2'
self       = <test_streams.TestStreamReader object at 0xea8bb50db5b0>
separator  = b'\r\n\r\n'
split      = 2
stream     = <StreamReader eof>

tests/test_streams.py:524: AssertionError
__ TestStreamReader.test_readuntil_separator_split_between_chunks[\r\n\r\n-3] __
[gw0] linux -- Python 3.10.12 /tmp/aiohttp-venv/bin/python

self = <test_streams.TestStreamReader object at 0xea8bb50da6e0>
separator = b'\r\n\r\n', split = 3

    @pytest.mark.parametrize(
        ("separator", "split"),
        [
            (separator, split)
            for separator in (b"\r\n", b"\r\n\r\n", b"--xyz")
            for split in range(len(separator) + 1)
        ],
    )
    async def test_readuntil_separator_split_between_chunks(
        self, separator: bytes, split: int
    ) -> None:
        stream = self._make_one()
        stream.feed_data(b"line1" + separator[:split])
        stream.feed_data(separator[split:] + b"line2")
        stream.feed_eof()
    
        line = await stream.readuntil(separator)
>       assert b"line1" + separator == line
E       AssertionError: assert b'line1\r\n\r\n' == b'line1\r\n\r\nline2'
E         
E         Use -v to get more diff

line       = b'line1\r\n\r\nline2'
self       = <test_streams.TestStreamReader object at 0xea8bb50da6e0>
separator  = b'\r\n\r\n'
split      = 3
stream     = <StreamReader eof>

tests/test_streams.py:524: AssertionError
___ TestStreamReader.test_readuntil_separator_split_between_chunks[--xyz-1] ____
[gw0] linux -- Python 3.10.12 /tmp/aiohttp-venv/bin/python

self = <test_streams.TestStreamReader object at 0xea8bb50d9ea0>
separator = b'--xyz', split = 1

    @pytest.mark.parametrize(
        ("separator", "split"),
        [
            (separator, split)
            for separator in (b"\r\n", b"\r\n\r\n", b"--xyz")
            for split in range(len(separator) + 1)
        ],
    )
    async def test_readuntil_separator_split_between_chunks(
        self, separator: bytes, split: int
    ) -> None:
        stream = self._make_one()
        stream.feed_data(b"line1" + separator[:split])
        stream.feed_data(separator[split:] + b"line2")
        stream.feed_eof()
    
        line = await stream.readuntil(separator)
>       assert b"line1" + separator == line
E       AssertionError: assert b'line1--xyz' == b'line1--xyzline2'
E         
E         Use -v to get more diff

line       = b'line1--xyzline2'
self       = <test_streams.TestStreamReader object at 0xea8bb50d9ea0>
separator  = b'--xyz'
split      = 1
stream     = <StreamReader eof>

tests/test_streams.py:524: AssertionError
___ TestStreamReader.test_readuntil_separator_split_between_chunks[--xyz-2] ____
[gw0] linux -- Python 3.10.12 /tmp/aiohttp-venv/bin/python

self = <test_streams.TestStreamReader object at 0xea8bb50dab00>
separator = b'--xyz', split = 2

    @pytest.mark.parametrize(
        ("separator", "split"),
        [
            (separator, split)
            for separator in (b"\r\n", b"\r\n\r\n", b"--xyz")
            for split in range(len(separator) + 1)
        ],
    )
    async def test_readuntil_separator_split_between_chunks(
        self, separator: bytes, split: int
    ) -> None:
        stream = self._make_one()
        stream.feed_data(b"line1" + separator[:split])
        stream.feed_data(separator[split:] + b"line2")
        stream.feed_eof()
    
        line = await stream.readuntil(separator)
>       assert b"line1" + separator == line
E       AssertionError: assert b'line1--xyz' == b'line1--xyzline2'
E         
E         Use -v to get more diff

line       = b'line1--xyzline2'
self       = <test_streams.TestStreamReader object at 0xea8bb50dab00>
separator  = b'--xyz'
split      = 2
stream     = <StreamReader eof>

tests/test_streams.py:524: AssertionError
___ TestStreamReader.test_readuntil_separator_split_between_chunks[--xyz-3] ____
[gw0] linux -- Python 3.10.12 /tmp/aiohttp-venv/bin/python

self = <test_streams.TestStreamReader object at 0xea8bb50da7a0>
separator = b'--xyz', split = 3

    @pytest.mark.parametrize(
        ("separator", "split"),
        [
            (separator, split)
            for separator in (b"\r\n", b"\r\n\r\n", b"--xyz")
            for split in range(len(separator) + 1)
        ],
    )
    async def test_readuntil_separator_split_between_chunks(
        self, separator: bytes, split: int
    ) -> None:
        stream = self._make_one()
        stream.feed_data(b"line1" + separator[:split])
        stream.feed_data(separator[split:] + b"line2")
        stream.feed_eof()
    
        line = await stream.readuntil(separator)
>       assert b"line1" + separator == line
E       AssertionError: assert b'line1--xyz' == b'line1--xyzline2'
E         
E         Use -v to get more diff

line       = b'line1--xyzline2'
self       = <test_streams.TestStreamReader object at 0xea8bb50da7a0>
separator  = b'--xyz'
split      = 3
stream     = <StreamReader eof>

tests/test_streams.py:524: AssertionError
___ TestStreamReader.test_readuntil_separator_split_between_chunks[--xyz-4] ____
[gw0] linux -- Python 3.10.12 /tmp/aiohttp-venv/bin/python

self = <test_streams.TestStreamReader object at 0xea8bb50d9e70>
separator = b'--xyz', split = 4

    @pytest.mark.parametrize(
        ("separator", "split"),
        [
            (separator, split)
            for separator in (b"\r\n", b"\r\n\r\n", b"--xyz")
            for split in range(len(separator) + 1)
        ],
    )
    async def test_readuntil_separator_split_between_chunks(
        self, separator: bytes, split: int
    ) -> None:
        stream = self._make_one()
        stream.feed_data(b"line1" + separator[:split])
        stream.feed_data(separator[split:] + b"line2")
        stream.feed_eof()
    
        line = await stream.readuntil(separator)
>       assert b"line1" + separator == line
E       AssertionError: assert b'line1--xyz' == b'line1--xyzline2'
E         
E         Use -v to get more diff

line       = b'line1--xyzline2'
self       = <test_streams.TestStreamReader object at 0xea8bb50d9e70>
separator  = b'--xyz'
split      = 4
stream     = <StreamReader eof>

tests/test_streams.py:524: AssertionError
_ TestStreamReader.test_readuntil_separator_split_one_byte_per_chunk[\r\n\r\n] _
[gw0] linux -- Python 3.10.12 /tmp/aiohttp-venv/bin/python

self = <test_streams.TestStreamReader object at 0xea8bb4e13220>
separator = b'\r\n\r\n'

    @pytest.mark.parametrize("separator", [b"\r\n\r\n", b"--xyz"])
    async def test_readuntil_separator_split_one_byte_per_chunk(
        self, separator: bytes
    ) -> None:
        stream = self._make_one()
        for byte in b"line1" + separator + b"line2":
            stream.feed_data(bytes([byte]))
        stream.feed_eof()
    
        line = await stream.readuntil(separator)
>       assert b"line1" + separator == line
E       AssertionError: assert b'line1\r\n\r\n' == b'line1\r\n\r\nline2'
E         
E         Use -v to get more diff

byte       = 50
line       = b'line1\r\n\r\nline2'
self       = <test_streams.TestStreamReader object at 0xea8bb4e13220>
separator  = b'\r\n\r\n'
stream     = <StreamReader eof>

tests/test_streams.py:537: AssertionError
__ TestStreamReader.test_readuntil_separator_split_one_byte_per_chunk[--xyz] ___
[gw0] linux -- Python 3.10.12 /tmp/aiohttp-venv/bin/python

self = <test_streams.TestStreamReader object at 0xea8bb4e13a60>
separator = b'--xyz'

    @pytest.mark.parametrize("separator", [b"\r\n\r\n", b"--xyz"])
    async def test_readuntil_separator_split_one_byte_per_chunk(
        self, separator: bytes
    ) -> None:
        stream = self._make_one()
        for byte in b"line1" + separator + b"line2":
            stream.feed_data(bytes([byte]))
        stream.feed_eof()
    
        line = await stream.readuntil(separator)
>       assert b"line1" + separator == line
E       AssertionError: assert b'line1--xyz' == b'line1--xyzline2'
E         
E         Use -v to get more diff

byte       = 50
line       = b'line1--xyzline2'
self       = <test_streams.TestStreamReader object at 0xea8bb4e13a60>
separator  = b'--xyz'
stream     = <StreamReader eof>

tests/test_streams.py:537: AssertionError
_ TestStreamReader.test_readuntil_separator_split_partial_overlap[chunks0-xaab] _
[gw0] linux -- Python 3.10.12 /tmp/aiohttp-venv/bin/python

self = <test_streams.TestStreamReader object at 0xea8bb50dbac0>
chunks = (b'xa', b'a', b'b', b'rest'), expected = b'xaab'

    @pytest.mark.parametrize(
        ("chunks", "expected"),
        [
            ((b"xa", b"a", b"b", b"rest"), b"xaab"),
            ((b"xaa", b"ab", b"rest"), b"xaaab"),
            ((b"xa", b"aab", b"rest"), b"xaaab"),
        ],
    )
    async def test_readuntil_separator_split_partial_overlap(
        self, chunks: tuple[bytes, ...], expected: bytes
    ) -> None:
        stream = self._make_one()
        for data in chunks:
            stream.feed_data(data)
        stream.feed_eof()
    
        line = await stream.readuntil(b"aab")
>       assert expected == line
E       AssertionError: assert b'xaab' == b'xaabrest'
E         
E         Use -v to get more diff

chunks     = (b'xa', b'a', b'b', b'rest')
data       = b'rest'
expected   = b'xaab'
line       = b'xaabrest'
self       = <test_streams.TestStreamReader object at 0xea8bb50dbac0>
stream     = <StreamReader eof>

tests/test_streams.py:557: AssertionError
_ TestStreamReader.test_readuntil_separator_split_partial_overlap[chunks1-xaaab] _
[gw0] linux -- Python 3.10.12 /tmp/aiohttp-venv/bin/python

self = <test_streams.TestStreamReader object at 0xea8bb50d82e0>
chunks = (b'xaa', b'ab', b'rest'), expected = b'xaaab'

    @pytest.mark.parametrize(
        ("chunks", "expected"),
        [
            ((b"xa", b"a", b"b", b"rest"), b"xaab"),
            ((b"xaa", b"ab", b"rest"), b"xaaab"),
            ((b"xa", b"aab", b"rest"), b"xaaab"),
        ],
    )
    async def test_readuntil_separator_split_partial_overlap(
        self, chunks: tuple[bytes, ...], expected: bytes
    ) -> None:
        stream = self._make_one()
        for data in chunks:
            stream.feed_data(data)
        stream.feed_eof()
    
        line = await stream.readuntil(b"aab")
>       assert expected == line
E       AssertionError: assert b'xaaab' == b'xaaabrest'
E         
E         Use -v to get more diff

chunks     = (b'xaa', b'ab', b'rest')
data       = b'rest'
expected   = b'xaaab'
line       = b'xaaabrest'
self       = <test_streams.TestStreamReader object at 0xea8bb50d82e0>
stream     = <StreamReader eof>

tests/test_streams.py:557: AssertionError
_______ TestStreamReader.test_readuntil_separator_split_with_false_start _______
[gw0] linux -- Python 3.10.12 /tmp/aiohttp-venv/bin/python

self = <test_streams.TestStreamReader object at 0xea8bb4e131f0>

    async def test_readuntil_separator_split_with_false_start(self) -> None:
        stream = self._make_one()
        stream.feed_data(b"a\r\n\r")
        stream.feed_data(b"b\r\n\r")
        stream.feed_data(b"\nrest")
        stream.feed_eof()
    
        line = await stream.readuntil(b"\r\n\r\n")
>       assert b"a\r\n\rb\r\n\r\n" == line
E       AssertionError: assert b'a\r\n\rb\r\n\r\n' == b'a\r\n\rb\r\n\r\nrest'
E         
E         Use -v to get more diff

line       = b'a\r\n\rb\r\n\r\nrest'
self       = <test_streams.TestStreamReader object at 0xea8bb4e131f0>
stream     = <StreamReader eof>

tests/test_streams.py:568: AssertionError
_______ TestStreamReader.test_readuntil_separator_split_after_wait[\r\n] _______
[gw0] linux -- Python 3.10.12 /tmp/aiohttp-venv/bin/python

self = <StreamReader>, separator = b'\r\n', max_size = 524288

    async def readuntil(
        self, separator: bytes = b"\n", *, max_size: int | None = None
    ) -> bytes:
        seplen = len(separator)
        if seplen == 0:
            raise ValueError("Separator should be at least one-byte string")
    
        if self._exception is not None:
            raise self._exception
    
        chunk = b""
        chunk_size = 0
        not_enough = True
        max_size = max_size or self._high_water
    
        while not_enough:
            while self._buffer and not_enough:
                offset = self._buffer_offset
                ichar = self._buffer[0].find(separator, offset) + 1
                # Read from current offset to found separator or to the end.
                data = self._read_nowait_chunk(
                    ichar - offset + seplen - 1 if ichar else -1
                )
                chunk += data
                chunk_size += len(data)
                if ichar:
                    not_enough = False
    
                if chunk_size > max_size:
                    raise LineTooLong(chunk[:100] + b"...", max_size)
    
            if self._eof:
                break
    
            if not_enough:
>               await self._wait("readuntil")

chunk      = b'line1\r\nline2'
chunk_size = 12
data       = b'\nline2'
ichar      = 0
max_size   = 524288
not_enough = True
offset     = 0
self       = <StreamReader>
separator  = b'\r\n'
seplen     = 2

aiohttp/streams.py:416: 
_ _ _ _ _ _ _ _ _ _ _ _ _ _ _ _ _ _ _ _ _ _ _ _ _ _ _ _ _ _ _ _ _ _ _ _ _ _ _ _ 

self = <StreamReader>, func_name = 'readuntil'

    async def _wait(self, func_name: str) -> None:
        if not self._protocol.connected:
            raise RuntimeError("Connection closed.")
    
        # StreamReader uses a future to link the protocol feed_data() method
        # to a read coroutine. Running two read coroutines at the same time
        # would have an unexpected behaviour. It would not possible to know
        # which coroutine would get the next data.
        if self._waiter is not None:
            raise RuntimeError(
                "%s() called while another coroutine is "
                "already waiting for incoming data" % func_name
            )
    
        waiter = self._waiter = self._loop.create_future()
        try:
            with self._timer:
>               await waiter
E               asyncio.exceptions.CancelledError

func_name  = 'readuntil'
self       = <StreamReader>
waiter     = <Future cancelled>

aiohttp/streams.py:366: CancelledError

During handling of the above exception, another exception occurred:

fut = <Task cancelled name='Task-128' coro=<StreamReader.readuntil() done, defined at /tmp/aiohttp/aiohttp/streams.py:381>>
timeout = 1

    async def wait_for(fut, timeout):
        """Wait for the single Future or coroutine to complete, with timeout.
    
        Coroutine will be wrapped in Task.
    
        Returns result of the Future or coroutine.  When a timeout occurs,
        it cancels the task and raises TimeoutError.  To avoid the task
        cancellation, wrap it in shield().
    
        If the wait is cancelled, the task is also cancelled.
    
        This function is a coroutine.
        """
        loop = events.get_running_loop()
    
        if timeout is None:
            return await fut
    
        if timeout <= 0:
            fut = ensure_future(fut, loop=loop)
    
            if fut.done():
                return fut.result()
    
            await _cancel_and_wait(fut, loop=loop)
            try:
                return fut.result()
            except exceptions.CancelledError as exc:
                raise exceptions.TimeoutError() from exc
    
        waiter = loop.create_future()
        timeout_handle = loop.call_later(timeout, _release_waiter, waiter)
        cb = functools.partial(_release_waiter, waiter)
    
        fut = ensure_future(fut, loop=loop)
        fut.add_done_callback(cb)
    
        try:
            # wait until the future completes or the timeout
            try:
                await waiter
            except exceptions.CancelledError:
                if fut.done():
                    return fut.result()
                else:
                    fut.remove_done_callback(cb)
                    # We must ensure that the task is not running
                    # after wait_for() returns.
                    # See https://bugs.python.org/issue32751
                    await _cancel_and_wait(fut, loop=loop)
                    raise
    
            if fut.done():
                return fut.result()
            else:
                fut.remove_done_callback(cb)
                # We must ensure that the task is not running
                # after wait_for() returns.
                # See https://bugs.python.org/issue32751
                await _cancel_and_wait(fut, loop=loop)
                # In case task cancellation failed with some
                # exception, we should re-raise it
                # See https://bugs.python.org/issue40607
                try:
>                   return fut.result()
E                   asyncio.exceptions.CancelledError

cb         = functools.partial(<function _release_waiter at 0xea8bb6a4f7f0>, <Future finished result=None>)
fut        = <Task cancelled name='Task-128' coro=<StreamReader.readuntil() done, defined at /tmp/aiohttp/aiohttp/streams.py:381>>
loop       = <_UnixSelectorEventLoop running=False closed=False debug=False>
timeout    = 1
timeout_handle = <TimerHandle cancelled when=56252.985403155>
waiter     = <Future finished result=None>

/usr/lib/python3.10/asyncio/tasks.py:456: CancelledError

The above exception was the direct cause of the following exception:

self = <test_streams.TestStreamReader object at 0xea8bb4e13c10>
separator = b'\r\n'

    @pytest.mark.parametrize("separator", [b"\r\n", b"\r\n\r\n"])
    async def test_readuntil_separator_split_after_wait(self, separator: bytes) -> None:
        loop = asyncio.get_running_loop()
        stream = self._make_one()
        stream.feed_data(b"line1" + separator[:1])
        read_task = loop.create_task(stream.readuntil(separator))
        for byte in separator[1:-1]:
            for _ in range(3):
                await asyncio.sleep(0)
            assert stream._waiter is not None
            stream.feed_data(bytes([byte]))
    
        for _ in range(3):
            await asyncio.sleep(0)
        assert stream._waiter is not None
        stream.feed_data(separator[-1:] + b"line2")
>       line = await asyncio.wait_for(read_task, timeout=1)

_          = 2
loop       = <_UnixSelectorEventLoop running=False closed=False debug=False>
read_task  = <Task cancelled name='Task-128' coro=<StreamReader.readuntil() done, defined at /tmp/aiohttp/aiohttp/streams.py:381>>
self       = <test_streams.TestStreamReader object at 0xea8bb4e13c10>
separator  = b'\r\n'
stream     = <StreamReader>

tests/test_streams.py:587: 
_ _ _ _ _ _ _ _ _ _ _ _ _ _ _ _ _ _ _ _ _ _ _ _ _ _ _ _ _ _ _ _ _ _ _ _ _ _ _ _ 

fut = <Task cancelled name='Task-128' coro=<StreamReader.readuntil() done, defined at /tmp/aiohttp/aiohttp/streams.py:381>>
timeout = 1

    async def wait_for(fut, timeout):
        """Wait for the single Future or coroutine to complete, with timeout.
    
        Coroutine will be wrapped in Task.
    
        Returns result of the Future or coroutine.  When a timeout occurs,
        it cancels the task and raises TimeoutError.  To avoid the task
        cancellation, wrap it in shield().
    
        If the wait is cancelled, the task is also cancelled.
    
        This function is a coroutine.
        """
        loop = events.get_running_loop()
    
        if timeout is None:
            return await fut
    
        if timeout <= 0:
            fut = ensure_future(fut, loop=loop)
    
            if fut.done():
                return fut.result()
    
            await _cancel_and_wait(fut, loop=loop)
            try:
                return fut.result()
            except exceptions.CancelledError as exc:
                raise exceptions.TimeoutError() from exc
    
        waiter = loop.create_future()
        timeout_handle = loop.call_later(timeout, _release_waiter, waiter)
        cb = functools.partial(_release_waiter, waiter)
    
        fut = ensure_future(fut, loop=loop)
        fut.add_done_callback(cb)
    
        try:
            # wait until the future completes or the timeout
            try:
                await waiter
            except exceptions.CancelledError:
                if fut.done():
                    return fut.result()
                else:
                    fut.remove_done_callback(cb)
                    # We must ensure that the task is not running
                    # after wait_for() returns.
                    # See https://bugs.python.org/issue32751
                    await _cancel_and_wait(fut, loop=loop)
                    raise
    
            if fut.done():
                return fut.result()
            else:
                fut.remove_done_callback(cb)
                # We must ensure that the task is not running
                # after wait_for() returns.
                # See https://bugs.python.org/issue32751
                await _cancel_and_wait(fut, loop=loop)
                # In case task cancellation failed with some
                # exception, we should re-raise it
                # See https://bugs.python.org/issue40607
                try:
                    return fut.result()
                except exceptions.CancelledError as exc:
>                   raise exceptions.TimeoutError() from exc
E                   asyncio.exceptions.TimeoutError

cb         = functools.partial(<function _release_waiter at 0xea8bb6a4f7f0>, <Future finished result=None>)
fut        = <Task cancelled name='Task-128' coro=<StreamReader.readuntil() done, defined at /tmp/aiohttp/aiohttp/streams.py:381>>
loop       = <_UnixSelectorEventLoop running=False closed=False debug=False>
timeout    = 1
timeout_handle = <TimerHandle cancelled when=56252.985403155>
waiter     = <Future finished result=None>

/usr/lib/python3.10/asyncio/tasks.py:458: TimeoutError
_____ TestStreamReader.test_readuntil_separator_split_after_wait[\r\n\r\n] _____
[gw0] linux -- Python 3.10.12 /tmp/aiohttp-venv/bin/python

self = <StreamReader>, separator = b'\r\n\r\n', max_size = 524288

    async def readuntil(
        self, separator: bytes = b"\n", *, max_size: int | None = None
    ) -> bytes:
        seplen = len(separator)
        if seplen == 0:
            raise ValueError("Separator should be at least one-byte string")
    
        if self._exception is not None:
            raise self._exception
    
        chunk = b""
        chunk_size = 0
        not_enough = True
        max_size = max_size or self._high_water
    
        while not_enough:
            while self._buffer and not_enough:
                offset = self._buffer_offset
                ichar = self._buffer[0].find(separator, offset) + 1
                # Read from current offset to found separator or to the end.
                data = self._read_nowait_chunk(
                    ichar - offset + seplen - 1 if ichar else -1
                )
                chunk += data
                chunk_size += len(data)
                if ichar:
                    not_enough = False
    
                if chunk_size > max_size:
                    raise LineTooLong(chunk[:100] + b"...", max_size)
    
            if self._eof:
                break
    
            if not_enough:
>               await self._wait("readuntil")

chunk      = b'line1\r\n\r\nline2'
chunk_size = 14
data       = b'\nline2'
ichar      = 0
max_size   = 524288
not_enough = True
offset     = 0
self       = <StreamReader>
separator  = b'\r\n\r\n'
seplen     = 4

aiohttp/streams.py:416: 
_ _ _ _ _ _ _ _ _ _ _ _ _ _ _ _ _ _ _ _ _ _ _ _ _ _ _ _ _ _ _ _ _ _ _ _ _ _ _ _ 

self = <StreamReader>, func_name = 'readuntil'

    async def _wait(self, func_name: str) -> None:
        if not self._protocol.connected:
            raise RuntimeError("Connection closed.")
    
        # StreamReader uses a future to link the protocol feed_data() method
        # to a read coroutine. Running two read coroutines at the same time
        # would have an unexpected behaviour. It would not possible to know
        # which coroutine would get the next data.
        if self._waiter is not None:
            raise RuntimeError(
                "%s() called while another coroutine is "
                "already waiting for incoming data" % func_name
            )
    
        waiter = self._waiter = self._loop.create_future()
        try:
            with self._timer:
>               await waiter
E               asyncio.exceptions.CancelledError

func_name  = 'readuntil'
self       = <StreamReader>
waiter     = <Future cancelled>

aiohttp/streams.py:366: CancelledError

During handling of the above exception, another exception occurred:

fut = <Task cancelled name='Task-131' coro=<StreamReader.readuntil() done, defined at /tmp/aiohttp/aiohttp/streams.py:381>>
timeout = 1

    async def wait_for(fut, timeout):
        """Wait for the single Future or coroutine to complete, with timeout.
    
        Coroutine will be wrapped in Task.
    
        Returns result of the Future or coroutine.  When a timeout occurs,
        it cancels the task and raises TimeoutError.  To avoid the task
        cancellation, wrap it in shield().
    
        If the wait is cancelled, the task is also cancelled.
    
        This function is a coroutine.
        """
        loop = events.get_running_loop()
    
        if timeout is None:
            return await fut
    
        if timeout <= 0:
            fut = ensure_future(fut, loop=loop)
    
            if fut.done():
                return fut.result()
    
            await _cancel_and_wait(fut, loop=loop)
            try:
                return fut.result()
            except exceptions.CancelledError as exc:
                raise exceptions.TimeoutError() from exc
    
        waiter = loop.create_future()
        timeout_handle = loop.call_later(timeout, _release_waiter, waiter)
        cb = functools.partial(_release_waiter, waiter)
    
        fut = ensure_future(fut, loop=loop)
        fut.add_done_callback(cb)
    
        try:
            # wait until the future completes or the timeout
            try:
                await waiter
            except exceptions.CancelledError:
                if fut.done():
                    return fut.result()
                else:
                    fut.remove_done_callback(cb)
                    # We must ensure that the task is not running
                    # after wait_for() returns.
                    # See https://bugs.python.org/issue32751
                    await _cancel_and_wait(fut, loop=loop)
                    raise
    
            if fut.done():
                return fut.result()
            else:
                fut.remove_done_callback(cb)
                # We must ensure that the task is not running
                # after wait_for() returns.
                # See https://bugs.python.org/issue32751
                await _cancel_and_wait(fut, loop=loop)
                # In case task cancellation failed with some
                # exception, we should re-raise it
                # See https://bugs.python.org/issue40607
                try:
>                   return fut.result()
E                   asyncio.exceptions.CancelledError

cb         = functools.partial(<function _release_waiter at 0xea8bb6a4f7f0>, <Future finished result=None>)
fut        = <Task cancelled name='Task-131' coro=<StreamReader.readuntil() done, defined at /tmp/aiohttp/aiohttp/streams.py:381>>
loop       = <_UnixSelectorEventLoop running=False closed=False debug=False>
timeout    = 1
timeout_handle = <TimerHandle cancelled when=56254.02721578>
waiter     = <Future finished result=None>

/usr/lib/python3.10/asyncio/tasks.py:456: CancelledError

The above exception was the direct cause of the following exception:

self = <test_streams.TestStreamReader object at 0xea8bb4e10040>
separator = b'\r\n\r\n'

    @pytest.mark.parametrize("separator", [b"\r\n", b"\r\n\r\n"])
    async def test_readuntil_separator_split_after_wait(self, separator: bytes) -> None:
        loop = asyncio.get_running_loop()
        stream = self._make_one()
        stream.feed_data(b"line1" + separator[:1])
        read_task = loop.create_task(stream.readuntil(separator))
        for byte in separator[1:-1]:
            for _ in range(3):
                await asyncio.sleep(0)
            assert stream._waiter is not None
            stream.feed_data(bytes([byte]))
    
        for _ in range(3):
            await asyncio.sleep(0)
        assert stream._waiter is not None
        stream.feed_data(separator[-1:] + b"line2")
>       line = await asyncio.wait_for(read_task, timeout=1)

_          = 2
byte       = 13
loop       = <_UnixSelectorEventLoop running=False closed=False debug=False>
read_task  = <Task cancelled name='Task-131' coro=<StreamReader.readuntil() done, defined at /tmp/aiohttp/aiohttp/streams.py:381>>
self       = <test_streams.TestStreamReader object at 0xea8bb4e10040>
separator  = b'\r\n\r\n'
stream     = <StreamReader>

tests/test_streams.py:587: 
_ _ _ _ _ _ _ _ _ _ _ _ _ _ _ _ _ _ _ _ _ _ _ _ _ _ _ _ _ _ _ _ _ _ _ _ _ _ _ _ 

fut = <Task cancelled name='Task-131' coro=<StreamReader.readuntil() done, defined at /tmp/aiohttp/aiohttp/streams.py:381>>
timeout = 1

    async def wait_for(fut, timeout):
        """Wait for the single Future or coroutine to complete, with timeout.
    
        Coroutine will be wrapped in Task.
    
        Returns result of the Future or coroutine.  When a timeout occurs,
        it cancels the task and raises TimeoutError.  To avoid the task
        cancellation, wrap it in shield().
    
        If the wait is cancelled, the task is also cancelled.
    
        This function is a coroutine.
        """
        loop = events.get_running_loop()
    
        if timeout is None:
            return await fut
    
        if timeout <= 0:
            fut = ensure_future(fut, loop=loop)
    
            if fut.done():
                return fut.result()
    
            await _cancel_and_wait(fut, loop=loop)
            try:
                return fut.result()
            except exceptions.CancelledError as exc:
                raise exceptions.TimeoutError() from exc
    
        waiter = loop.create_future()
        timeout_handle = loop.call_later(timeout, _release_waiter, waiter)
        cb = functools.partial(_release_waiter, waiter)
    
        fut = ensure_future(fut, loop=loop)
        fut.add_done_callback(cb)
    
        try:
            # wait until the future completes or the timeout
            try:
                await waiter
            except exceptions.CancelledError:
                if fut.done():
                    return fut.result()
                else:
                    fut.remove_done_callback(cb)
                    # We must ensure that the task is not running
                    # after wait_for() returns.
                    # See https://bugs.python.org/issue32751
                    await _cancel_and_wait(fut, loop=loop)
                    raise
    
            if fut.done():
                return fut.result()
            else:
                fut.remove_done_callback(cb)
                # We must ensure that the task is not running
                # after wait_for() returns.
                # See https://bugs.python.org/issue32751
                await _cancel_and_wait(fut, loop=loop)
                # In case task cancellation failed with some
                # exception, we should re-raise it
                # See https://bugs.python.org/issue40607
                try:
                    return fut.result()
                except exceptions.CancelledError as exc:
>                   raise exceptions.TimeoutError() from exc
E                   asyncio.exceptions.TimeoutError

cb         = functools.partial(<function _release_waiter at 0xea8bb6a4f7f0>, <Future finished result=None>)
fut        = <Task cancelled name='Task-131' coro=<StreamReader.readuntil() done, defined at /tmp/aiohttp/aiohttp/streams.py:381>>
loop       = <_UnixSelectorEventLoop running=False closed=False debug=False>
timeout    = 1
timeout_handle = <TimerHandle cancelled when=56254.02721578>
waiter     = <Future finished result=None>

/usr/lib/python3.10/asyncio/tasks.py:458: TimeoutError
___________ TestStreamReader.test_readuntil_separator_split_max_size ___________
[gw0] linux -- Python 3.10.12 /tmp/aiohttp-venv/bin/python

self = <test_streams.TestStreamReader object at 0xea8bb4e10910>

    async def test_readuntil_separator_split_max_size(self) -> None:
        stream = self._make_one()
        stream.feed_data(b"12\r")
        stream.feed_data(b"\n3456")
        stream.feed_eof()
    
>       line = await stream.readuntil(b"\r\n", max_size=4)

self       = <test_streams.TestStreamReader object at 0xea8bb4e10910>
stream     = <StreamReader eof>

tests/test_streams.py:618: 
_ _ _ _ _ _ _ _ _ _ _ _ _ _ _ _ _ _ _ _ _ _ _ _ _ _ _ _ _ _ _ _ _ _ _ _ _ _ _ _ 

self = <StreamReader eof>, separator = b'\r\n', max_size = 4

    async def readuntil(
        self, separator: bytes = b"\n", *, max_size: int | None = None
    ) -> bytes:
        seplen = len(separator)
        if seplen == 0:
            raise ValueError("Separator should be at least one-byte string")
    
        if self._exception is not None:
            raise self._exception
    
        chunk = b""
        chunk_size = 0
        not_enough = True
        max_size = max_size or self._high_water
    
        while not_enough:
            while self._buffer and not_enough:
                offset = self._buffer_offset
                ichar = self._buffer[0].find(separator, offset) + 1
                # Read from current offset to found separator or to the end.
                data = self._read_nowait_chunk(
                    ichar - offset + seplen - 1 if ichar else -1
                )
                chunk += data
                chunk_size += len(data)
                if ichar:
                    not_enough = False
    
                if chunk_size > max_size:
>                   raise LineTooLong(chunk[:100] + b"...", max_size)
E                   aiohttp.http_exceptions.LineTooLong: 400, message:
E                     Got more than 4 bytes when reading: b'12\r\n3456...'.

chunk      = b'12\r\n3456'
chunk_size = 8
data       = b'\n3456'
ichar      = 0
max_size   = 4
not_enough = True
offset     = 0
self       = <StreamReader eof>
separator  = b'\r\n'
seplen     = 2

aiohttp/streams.py:410: LineTooLong
============================= slowest 10 durations =============================
1.10s call     tests/test_client_functional.py::test_set_cookies_max_age
1.01s call     tests/test_client_functional.py::test_readline_error_on_conn_close
1.01s call     tests/test_run_app.py::TestShutdown::test_shutdown_timeout_handler
1.00s call     tests/test_streams.py::TestStreamReader::test_readuntil_separator_split_after_wait[\r\n]
1.00s call     tests/test_streams.py::TestStreamReader::test_readuntil_separator_split_after_wait[\r\n\r\n]
1.00s call     tests/test_client_functional.py::test_timeout_on_reading_data
0.91s call     tests/test_run_app.py::TestShutdown::test_shutdown_handler_cancellation_suppressed
0.52s call     tests/test_run_app.py::TestShutdown::test_shutdown_pending_handler_responds
0.51s call     tests/test_run_app.py::TestShutdown::test_shutdown_wait_for_handler
0.51s call     tests/test_client_functional.py::test_timeout_with_full_buffer
=========================== short test summary info ============================
SKIPPED [1] tests/test_multipart.py:1874: No wbits parameter
SKIPPED [1] tests/test_http_parser.py:148: Extensions available but not imported
SKIPPED [1] tests/test_http_parser.py:284: Only tests C parser.
SKIPPED [1] tests/test_http_parser.py:309: Only tests C parser.
SKIPPED [1] tests/test_multipart.py:368: wbits not available
SKIPPED [8] tests/test_http_parser.py:2381: Only tests C parser.
SKIPPED [2] tests/test_http_parser.py:2402: Only tests C parser.
SKIPPED [1] tests/test_http_parser.py:2420: Python parser lacks error pos output
SKIPPED [20] tests/test_http_parser.py:2437: Only tests C parser.
SKIPPED [1] tests/test_client_functional.py:754: ssl_shutdown_timeout requires Python 3.11+
SKIPPED [1] tests/test_http_parser.py:2930: C based HTTP parser not available
SKIPPED [1] tests/test_web_functional.py:215: Needs Task.cancelling()
SKIPPED [1] tests/test_web_functional.py:3130: C based HTTP parser not available
XFAIL tests/test_client_functional.py::test_broken_connection
FAILED tests/test_streams.py::TestStreamReader::test_readuntil_separator_split_between_chunks[\r\n-1]
FAILED tests/test_streams.py::TestStreamReader::test_readuntil_separator_split_between_chunks[\r\n\r\n-1]
FAILED tests/test_streams.py::TestStreamReader::test_readuntil_separator_split_between_chunks[\r\n\r\n-2]
FAILED tests/test_streams.py::TestStreamReader::test_readuntil_separator_split_between_chunks[\r\n\r\n-3]
FAILED tests/test_streams.py::TestStreamReader::test_readuntil_separator_split_between_chunks[--xyz-1]
FAILED tests/test_streams.py::TestStreamReader::test_readuntil_separator_split_between_chunks[--xyz-2]
FAILED tests/test_streams.py::TestStreamReader::test_readuntil_separator_split_between_chunks[--xyz-3]
FAILED tests/test_streams.py::TestStreamReader::test_readuntil_separator_split_between_chunks[--xyz-4]
FAILED tests/test_streams.py::TestStreamReader::test_readuntil_separator_split_one_byte_per_chunk[\r\n\r\n]
FAILED tests/test_streams.py::TestStreamReader::test_readuntil_separator_split_one_byte_per_chunk[--xyz]
FAILED tests/test_streams.py::TestStreamReader::test_readuntil_separator_split_partial_overlap[chunks0-xaab]
FAILED tests/test_streams.py::TestStreamReader::test_readuntil_separator_split_partial_overlap[chunks1-xaaab]
FAILED tests/test_streams.py::TestStreamReader::test_readuntil_separator_split_with_false_start
FAILED tests/test_streams.py::TestStreamReader::test_readuntil_separator_split_after_wait[\r\n]
FAILED tests/test_streams.py::TestStreamReader::test_readuntil_separator_split_after_wait[\r\n\r\n]
FAILED tests/test_streams.py::TestStreamReader::test_readuntil_separator_split_max_size
16 failed, 1898 passed, 40 skipped, 1 xfailed in 8.36s
exit: 1
