$ go test -count=1 -v -run 'TestRecoverer' ./middleware/
=== RUN   TestRecoverer
--- PASS: TestRecoverer (0.00s)
=== RUN   TestRecovererNoColor
--- PASS: TestRecovererNoColor (0.00s)
=== RUN   TestRecovererAbortHandler
--- PASS: TestRecovererAbortHandler (0.00s)
=== RUN   TestRecovererUpgradeConnection
=== RUN   TestRecovererUpgradeConnection/Upgrade
=== RUN   TestRecovererUpgradeConnection/upgrade
=== RUN   TestRecovererUpgradeConnection/keep-alive,_Upgrade
=== RUN   TestRecovererUpgradeConnection/Upgrade,_keep-alive
--- PASS: TestRecovererUpgradeConnection (0.00s)
    --- PASS: TestRecovererUpgradeConnection/Upgrade (0.00s)
    --- PASS: TestRecovererUpgradeConnection/upgrade (0.00s)
    --- PASS: TestRecovererUpgradeConnection/keep-alive,_Upgrade (0.00s)
    --- PASS: TestRecovererUpgradeConnection/Upgrade,_keep-alive (0.00s)
PASS
ok  	github.com/go-chi/chi/v5/middleware	0.004s
exit=0
