
Response (tests/response.spec.ts)
  ✔ set http response headers (34.85ms)
  ✔ get recently set headers (16.34ms)
  ✔ get header from http res object (5.4ms)
  ✔ set x-request-id header (5.96ms)
  ✔ set x-request-id header when the response has no body (14.58ms)
  ✔ get merged from http res object (7.77ms)
  ✔ append header to existing header (7.37ms)
  ✔ add header via append when header doesn't exists already (6.13ms)
  ✔ append to the header value when it's an array (6.31ms)
  ✔ do not set header when already exists (2.36ms)
  ✔ remove existing response header (3.44ms)
  ✔ set HTTP status (3ms)
  ✔ parse buffer and set correct response header (5.3ms)
  ✔ parse Uint8Array and set correct response header (2.44ms)
  ✔ parse string and set correct response header (1.8ms)
  ✔ parse HTML string and return correct response header (2.04ms)
  ✔ get regex in response (2.5ms)
  ✔ parse array and set correct response type (2.22ms)
  ✔ parse object and set correct response type (1.91ms)
  ✔ do not set content type for empty strings (3.14ms)
  ✔ do not set content-type for null (2.33ms)
  ✔ do not write send body and headers unless finish is called explicitly (1.83ms)
  ✔ write send body and headers when finish is called explicitly (3.27ms)
  ✔ do not write response twice if finish is called twice (2.63ms)
  ✔ hasContent must return true after send has been called (1.84ms)
  ✔ hasLazyBody must return true after send has been called (1.71ms)
  ✔ hasLazyBody and hasFileToStream must return true after download has been called (3.45ms)
  ✔ hasContent must return false after download has been called (2.02ms)
  ✔ hasLazyBody and hasStream must return true after stream has been called (1.62ms)
  ✔ hasContent must return false after stream has been called (2.84ms)
  ✔ write jsonp response (1.57ms)
  ✔ use explicit value for callback name (2.53ms)
  ✔ use config value when explicit value is not defined and their is no query string (3.59ms)
  ✔ stream response (6.36ms)
  ✔ raise error when we try to stream a non-existing file (3.7ms)
  ✔ raise error when input is not a stream (3.02ms)
  ✔ raise error when input is a writable stream (5.64ms)
  ✔ should not hit the maxListeners when making more than 10 calls (16.15ms)
  ✔ raise error when stream raises one (3.3ms)
  ✔ send stream errors vs raising them (4.43ms)
  ✔ download file with correct content type (4.08ms)
  ✔ write errors as response when downloading folder (3.99ms)
  ✔ write errors as response when file is missing (2.55ms)
  ✔ return custom message and status when file is missing (3.72ms)
  ✔ do not stream file on HEAD calls (4.36ms)
  ✔ do not stream file when cache is fresh (6.01ms)
  ✔ set HTTP status to 304 when cache is fresh and request is HEAD (3.42ms)
  ✔ set HTTP status to 304 when cache is fresh and request is GET (5.84ms)
  ✔ serve actual response when cache is fresh but request method is POST (5.86ms)
  ✔ do not override status when cache is fresh but redirect status code is set (3.68ms)
  ✔ download file with correct content disposition (5.43ms)
  ✔ download file with custom file name (5.97ms)
  ✔ download file with custom disposition (3.52ms)
  ✔ add multiple vary fields (2.39ms)
  ✔ add multiple vary fields as an array (3.26ms)
  ✔ set status code to 204 when body is empty (1.81ms)
  ✔ do not override explicit status even when body is empty (2.44ms)
  ✔ remove previously set content headers when status code is 304 (2.89ms)
  ✔ generate etag when set to true (3.52ms)
  ✔ set HTTP status to 304 when cache is fresh and request is GET (1.68ms)
  ✔ convert number to string when sending as response (2.39ms)
  ✔ convert boolean to string when sending as response (2.82ms)
  ✔ convert date to string when sending as response (1.75ms)
  ✔ raise error when response data type is not valid (1.69ms)
  ✔ convert serializable objects to JSON representation (3.18ms)
  ✔ send response as 200 when request method is HEAD and cache is not fresh (2.53ms)
  ✔ stream the file when request method is GET and cache is not fresh (2.6ms)
  ✔ set response type with custom charset (2.68ms)
  ✔ set signed cookie (3.24ms)
  ✔ set plain cookie (2.37ms)
  ✔ set encrypted cookie (3.33ms)
  ✔ do not send cookies with null or undefined values (1.5ms)
  ✔ set cookie with custom domain (1.55ms)
  ✔ clear cookie by setting expiry and maxAge in past (1.59ms)
  ✔ abort request by raising exception (2.51ms)
  ✔ abort request with json body (1.8ms)
  ✔ abort request with custom status code (1.49ms)
  ✔ abortIf: abort request when condition is truthy (1.51ms)
  ✔ abortIf: do not abort request when condition is falsy (2.61ms)
  ✔ abortUnless: abort request when condition is falsy (1.64ms)
  ✔ abortUnless: do not abort request when condition is truthy (1.38ms)
  ✔ set appropriate status from the description methods (0.98ms)
  ✔ send null in body with an explicit http status code (1.24ms)
  ✔ do not send body or calculate content-length for a 304 response (2.06ms)
  ✖ do not send body for a 205 response (2.07ms)
  ✔ get response body (1.29ms)
  ✔ return null when body is a stream (2.46ms)
  ✔ return response status when not defined explicitly (1.19ms)
  ✔ return response status when defined explicitly (2.76ms)
  ✔ listen for the event when response finishes (1.92ms)
  ✔ send JSON using web-native Response (3.45ms)
  ✔ redirect using web-native Response (2.84ms)
  ✔ set headers set by the web-native Response (2.36ms)
  ✔ preserve multiple Set-Cookie headers from a web-native Response (2.04ms)
  ✔ merge Set-Cookie headers from a web-native Response with existing headers (2.13ms)
 ERRORS 

❯ Response / do not send body for a 205 response

- Expected  - 1
+ Received  + 1

- 0
+ 11

[31mℹ AssertionError: expected '11' to equal '0'[39m

 ⁃ at Assert.equal [33m(/tmp/adonw/node_modules/@japa/assert/build/index.js:69:19)[39m
 ⁃ at Object.executor [33m(tests/response.spec.ts:1502:12)[39m

   [2m1497[22m [2m┃[22m        response[34m.[0m[35mstatus[0m([33m205[0m)[34m.[0m[35msend[0m([32m'hello world'[0m)
   [2m1498[22m [2m┃[22m        response[34m.[0m[35mfinish[0m()
   [2m1499[22m [2m┃[22m      })
   [2m1500[22m [2m┃[22m  
   [2m1501[22m [2m┃[22m      [31mconst[0m { header[34m,[0m text } [34m=[0m [31mawait[0m [35msupertest[0m(url)[34m.[0m[31mget[0m([32m'/'[0m)[34m.[0m[35mexpect[0m([33m205[0m)
 [41m❯ 1502 ┃      assert.equal(header['content-length'], '0')[49m
   [2m1503[22m [2m┃[22m      assert[34m.[0m[35mnotProperty[0m(header[34m,[0m [32m'content-type'[0m)
   [2m1504[22m [2m┃[22m      assert[34m.[0m[35mequal[0m(text[34m,[0m [32m''[0m)
   [2m1505[22m [2m┃[22m    })
   [2m1506[22m [2m┃[22m  
   [2m1507[22m [2m┃[22m    [35mtest[0m([32m'get response body'[0m[34m,[0m [31masync[0m ({ assert }) [31m=>[0m {

[2m ⁃ at [3mprocess.processTicksAndRejections[23m ([3mnode:internal/process/task_queues:103:5[23m)[22m
 ⁃ at async #wrapTestInTimeout [33m(/tmp/adonw/node_modules/@japa/core/build/index.js:680:4)[39m
 ⁃ at async TestRunner.run [33m(/tmp/adonw/node_modules/@japa/core/build/index.js:710:4)[39m
 ⁃ at async Test$1.exec [33m(/tmp/adonw/node_modules/@japa/core/build/index.js:918:3)[39m
 ⁃ at async GroupRunner.run [33m(/tmp/adonw/node_modules/@japa/core/build/index.js:259:4)[39m
 ⁃ at async Group$1.exec [33m(/tmp/adonw/node_modules/@japa/core/build/index.js:354:3)[39m
 ⁃ at async SuiteRunner.run [33m(/tmp/adonw/node_modules/@japa/core/build/index.js:1100:4)[39m
 ⁃ at async Suite$1.exec [33m(/tmp/adonw/node_modules/@japa/core/build/index.js:1175:3)[39m
[1/1]─

 FAILED 

Tests  94 passed, 1 failed (95)
 Time  374ms
