=== RUN   TestTriageQuotedCharset
    triage_test.go:6: text/plain; charset=utf-8 -> 204
    triage_test.go:6: text/plain; charset="utf-8" -> 415
    triage_test.go:6: valid utf-8 charset rejected: 415
--- FAIL: TestTriageQuotedCharset (0.00s)
=== RUN   TestTriageCompression
    triage_test.go:11: Accept-Encoding="gzip" -> Content-Encoding="gzip"
    triage_test.go:11: Accept-Encoding="gzip;q=0" -> Content-Encoding="gzip"
    triage_test.go:11: rejected/nonmatching encoding used
    triage_test.go:11: Accept-Encoding="x-gzip" -> Content-Encoding="gzip"
    triage_test.go:11: rejected/nonmatching encoding used
--- FAIL: TestTriageCompression (0.00s)
=== RUN   TestTriageSupressPattern
    triage_test.go:14: SupressNotFound=false -> "/users/{id}"
    triage_test.go:14: SupressNotFound=true -> "/users/{id}/users/{id}"
    triage_test.go:14: route pattern polluted
--- FAIL: TestTriageSupressPattern (0.00s)
FAIL
FAIL	github.com/go-chi/chi/v5	0.268s
FAIL
