[INFO] Scanning for projects...
[INFO] Inspecting build with total of 1 modules
[INFO] Installing Central Publishing features
[INFO] 
[INFO] -------------------------< io.javalin:javalin >-------------------------
[INFO] Building Javalin 7.2.4-SNAPSHOT
[INFO]   from pom.xml
[INFO] --------------------------------[ jar ]---------------------------------
[INFO] 
[INFO] --- git-commit-id:10.0.0:revision (default) @ javalin ---
[INFO] 
[INFO] --- resources:3.5.0:copy-resources (copy-license) @ javalin ---
[INFO] Copying 1 resource from .. to target/classes/META-INF
[INFO] 
[INFO] --- resources:3.5.0:copy-resources (copy-pom-properties) @ javalin ---
[INFO] Copying 1 resource from .. to target
[INFO] 
[INFO] --- jacoco:0.8.15:prepare-agent (default) @ javalin ---
[INFO] argLine set to -javaagent:/tmp/m2/org/jacoco/org.jacoco.agent/0.8.15/org.jacoco.agent-0.8.15-runtime.jar=destfile=/tmp/w2fix/jav-011/javalin/target/jacoco.exec
[INFO] 
[INFO] --- resources:3.5.0:resources (default-resources) @ javalin ---
[INFO] skip non existing resourceDirectory /tmp/w2fix/jav-011/javalin/src/main/resources
[INFO] 
[INFO] --- kotlin:2.2.20:compile (compile) @ javalin ---
[WARNING] Source root doesn't exist: /tmp/w2fix/jav-011/javalin/src/main/kotlin
[WARNING] Using experimental Kotlin incremental compilation
[INFO] cannot connect to registry: Connection refused
[INFO] starting the daemon as: /tmp/jdk17/bin/java -cp /tmp/m2/org/jetbrains/kotlin/kotlin-build-tools-impl/2.2.20/kotlin-build-tools-impl-2.2.20.jar:/tmp/m2/org/jetbrains/kotlin/kotlin-build-tools-api/2.2.20/kotlin-build-tools-api-2.2.20.jar:/tmp/m2/org/jetbrains/kotlin/kotlin-stdlib/2.2.20/kotlin-stdlib-2.2.20.jar:/tmp/m2/org/jetbrains/annotations/13.0/annotations-13.0.jar:/tmp/m2/org/jetbrains/kotlin/kotlin-compiler-embeddable/2.2.20/kotlin-compiler-embeddable-2.2.20.jar:/tmp/m2/org/jetbrains/kotlin/kotlin-script-runtime/2.2.20/kotlin-script-runtime-2.2.20.jar:/tmp/m2/org/jetbrains/kotlin/kotlin-reflect/1.6.10/kotlin-reflect-1.6.10.jar:/tmp/m2/org/jetbrains/kotlin/kotlin-daemon-embeddable/2.2.20/kotlin-daemon-embeddable-2.2.20.jar:/tmp/m2/org/jetbrains/kotlinx/kotlinx-coroutines-core-jvm/1.8.0/kotlinx-coroutines-core-jvm-1.8.0.jar:/tmp/m2/org/jetbrains/kotlin/kotlin-compiler-runner/2.2.20/kotlin-compiler-runner-2.2.20.jar:/tmp/m2/org/jetbrains/kotlin/kotlin-daemon-client/2.2.20/kotlin-daemon-client-2.2.20.jar:/tmp/m2/org/jetbrains/kotlin/kotlin-scripting-compiler-embeddable/2.2.20/kotlin-scripting-compiler-embeddable-2.2.20.jar:/tmp/m2/org/jetbrains/kotlin/kotlin-scripting-common/2.2.20/kotlin-scripting-common-2.2.20.jar:/tmp/m2/org/jetbrains/kotlin/kotlin-scripting-jvm/2.2.20/kotlin-scripting-jvm-2.2.20.jar:/tmp/m2/org/jetbrains/kotlin/kotlin-scripting-compiler-impl-embeddable/2.2.20/kotlin-scripting-compiler-impl-embeddable-2.2.20.jar -Djava.awt.headless=true -Djava.rmi.server.hostname=127.0.0.1 -Xmx978m -XX:ReservedCodeCacheSize=320m -ea -XX:+UseCodeCacheFlushing -XX:+UseParallelGC -Dkotlin.daemon.initiator.marker.file=/tmp/kotlin-compiler-client-8484893212138376177-is-running --add-exports java.base/sun.nio.ch=ALL-UNNAMED org.jetbrains.kotlin.daemon.KotlinCompileDaemon --daemon-runFilesPath /sessions/kind-zealous-edison/.local/share/kotlin/daemon --daemon-autoshutdownIdleSeconds=7200 --daemon-shutdownDelayMilliseconds=1800000 --daemon-compilerClasspath /tmp/m2/org/jetbrains/kotlin/kotlin-build-tools-impl/2.2.20/kotlin-build-tools-impl-2.2.20.jar:/tmp/m2/org/jetbrains/kotlin/kotlin-build-tools-api/2.2.20/kotlin-build-tools-api-2.2.20.jar:/tmp/m2/org/jetbrains/kotlin/kotlin-stdlib/2.2.20/kotlin-stdlib-2.2.20.jar:/tmp/m2/org/jetbrains/annotations/13.0/annotations-13.0.jar:/tmp/m2/org/jetbrains/kotlin/kotlin-compiler-embeddable/2.2.20/kotlin-compiler-embeddable-2.2.20.jar:/tmp/m2/org/jetbrains/kotlin/kotlin-script-runtime/2.2.20/kotlin-script-runtime-2.2.20.jar:/tmp/m2/org/jetbrains/kotlin/kotlin-reflect/1.6.10/kotlin-reflect-1.6.10.jar:/tmp/m2/org/jetbrains/kotlin/kotlin-daemon-embeddable/2.2.20/kotlin-daemon-embeddable-2.2.20.jar:/tmp/m2/org/jetbrains/kotlinx/kotlinx-coroutines-core-jvm/1.8.0/kotlinx-coroutines-core-jvm-1.8.0.jar:/tmp/m2/org/jetbrains/kotlin/kotlin-compiler-runner/2.2.20/kotlin-compiler-runner-2.2.20.jar:/tmp/m2/org/jetbrains/kotlin/kotlin-daemon-client/2.2.20/kotlin-daemon-client-2.2.20.jar:/tmp/m2/org/jetbrains/kotlin/kotlin-scripting-compiler-embeddable/2.2.20/kotlin-scripting-compiler-embeddable-2.2.20.jar:/tmp/m2/org/jetbrains/kotlin/kotlin-scripting-common/2.2.20/kotlin-scripting-common-2.2.20.jar:/tmp/m2/org/jetbrains/kotlin/kotlin-scripting-jvm/2.2.20/kotlin-scripting-jvm-2.2.20.jar:/tmp/m2/org/jetbrains/kotlin/kotlin-scripting-compiler-impl-embeddable/2.2.20/kotlin-scripting-compiler-impl-embeddable-2.2.20.jar
[INFO] #1 retrying connecting to the daemon 
[INFO] cannot connect to registry: Connection refused
[INFO] 
[INFO] --- compiler:3.15.0:compile (java-compile) @ javalin ---
[INFO] Nothing to compile - all classes are up to date.
[INFO] 
[INFO] --- resources:3.5.0:testResources (default-testResources) @ javalin ---
[INFO] Copying 42 resources from src/test/resources to target/test-classes
[INFO] 
[INFO] --- kotlin:2.2.20:test-compile (test-compile) @ javalin ---
[WARNING] Using experimental Kotlin incremental compilation
[INFO] cannot connect to registry: Connection refused
[INFO] 
[INFO] --- compiler:3.15.0:testCompile (java-test-compile) @ javalin ---
[INFO] Recompiling the module because of changed dependency.
[INFO] Compiling 42 source files with javac [debug release 17] to target/test-classes
[INFO] 
[INFO] --- surefire:3.5.6:test (default-test) @ javalin ---
[INFO] Using auto detected provider org.apache.maven.surefire.junitplatform.JUnitPlatformProvider
[INFO] 
[INFO] -------------------------------------------------------
[INFO]  T E S T S
[INFO] -------------------------------------------------------
[INFO] Running io.javalin.staticfiles.TestStaticFilesPrecompressor
[main] INFO io.javalin.Javalin - Static file handler added: StaticFileConfig(hostedPath=/, directory=public, location=CLASSPATH, precompressMaxSize=2097152, aliasCheck=null, headers={Cache-Control=max-age=0}, skipFileFunction=null, mimeTypes={}, roles=[]). File system location: 'file:///tmp/w2fix/jav-011/javalin/target/test-classes/public/'
[main] INFO io.javalin.Javalin - Static file handler added: StaticFileConfig(hostedPath=/webjars, directory=META-INF/resources/webjars, location=CLASSPATH, precompressMaxSize=2097152, aliasCheck=null, headers={Cache-Control=max-age=0}, skipFileFunction=null, mimeTypes={}, roles=[]). File system location: '[jar:file:///tmp/m2/org/webjars/swagger-ui/4.10.3/swagger-ui-4.10.3.jar!/META-INF/resources/webjars/, jar:file:///tmp/m2/org/webjars/swagger-ui/4.10.3/swagger-ui-4.10.3.jar!/META-INF/resources/webjars/]'
[main] INFO io.javalin.Javalin - Static file handler added: StaticFileConfig(hostedPath=/, directory=/public/immutable, location=CLASSPATH, precompressMaxSize=2097152, aliasCheck=null, headers={Cache-Control=max-age=0}, skipFileFunction=null, mimeTypes={}, roles=[]). File system location: 'file:///tmp/w2fix/jav-011/javalin/target/test-classes/public/immutable/'
[main] INFO io.javalin.Javalin - Static file handler added: StaticFileConfig(hostedPath=/, directory=/public/protected, location=CLASSPATH, precompressMaxSize=2097152, aliasCheck=null, headers={Cache-Control=max-age=0}, skipFileFunction=null, mimeTypes={}, roles=[]). File system location: 'file:///tmp/w2fix/jav-011/javalin/target/test-classes/public/protected/'
[main] INFO io.javalin.Javalin - Static file handler added: StaticFileConfig(hostedPath=/webjars, directory=META-INF/resources/webjars, location=CLASSPATH, precompressMaxSize=2097152, aliasCheck=null, headers={Cache-Control=max-age=0}, skipFileFunction=null, mimeTypes={}, roles=[]). File system location: '[jar:file:///tmp/m2/org/webjars/swagger-ui/4.10.3/swagger-ui-4.10.3.jar!/META-INF/resources/webjars/, jar:file:///tmp/m2/org/webjars/swagger-ui/4.10.3/swagger-ui-4.10.3.jar!/META-INF/resources/webjars/]'
[main] INFO io.javalin.Javalin - Static file handler added: StaticFileConfig(hostedPath=/, directory=/public/immutable, location=CLASSPATH, precompressMaxSize=2097152, aliasCheck=null, headers={Cache-Control=max-age=0}, skipFileFunction=null, mimeTypes={}, roles=[]). File system location: 'file:///tmp/w2fix/jav-011/javalin/target/test-classes/public/immutable/'
[main] INFO io.javalin.Javalin - Static file handler added: StaticFileConfig(hostedPath=/, directory=/public/protected, location=CLASSPATH, precompressMaxSize=2097152, aliasCheck=null, headers={Cache-Control=max-age=0}, skipFileFunction=null, mimeTypes={}, roles=[]). File system location: 'file:///tmp/w2fix/jav-011/javalin/target/test-classes/public/protected/'
[main] INFO io.javalin.Javalin - Static file handler added: StaticFileConfig(hostedPath=/webjars, directory=META-INF/resources/webjars, location=CLASSPATH, precompressMaxSize=2097152, aliasCheck=null, headers={Cache-Control=max-age=0}, skipFileFunction=null, mimeTypes={}, roles=[]). File system location: '[jar:file:///tmp/m2/org/webjars/swagger-ui/4.10.3/swagger-ui-4.10.3.jar!/META-INF/resources/webjars/, jar:file:///tmp/m2/org/webjars/swagger-ui/4.10.3/swagger-ui-4.10.3.jar!/META-INF/resources/webjars/]'
[main] INFO io.javalin.Javalin - Static file handler added: StaticFileConfig(hostedPath=/, directory=/public/immutable, location=CLASSPATH, precompressMaxSize=2097152, aliasCheck=null, headers={Cache-Control=max-age=0}, skipFileFunction=null, mimeTypes={}, roles=[]). File system location: 'file:///tmp/w2fix/jav-011/javalin/target/test-classes/public/immutable/'
[main] INFO io.javalin.Javalin - Static file handler added: StaticFileConfig(hostedPath=/, directory=/public/protected, location=CLASSPATH, precompressMaxSize=2097152, aliasCheck=null, headers={Cache-Control=max-age=0}, skipFileFunction=null, mimeTypes={}, roles=[]). File system location: 'file:///tmp/w2fix/jav-011/javalin/target/test-classes/public/protected/'
[main] INFO io.javalin.Javalin - Static file handler added: StaticFileConfig(hostedPath=/, directory=public, location=CLASSPATH, precompressMaxSize=1, aliasCheck=null, headers={Cache-Control=max-age=0}, skipFileFunction=null, mimeTypes={}, roles=[]). File system location: 'file:///tmp/w2fix/jav-011/javalin/target/test-classes/public/'
[main] INFO io.javalin.Javalin - Static file handler added: StaticFileConfig(hostedPath=/, directory=/public, location=CLASSPATH, precompressMaxSize=2097152, aliasCheck=null, headers={Cache-Control=max-age=0}, skipFileFunction=null, mimeTypes={}, roles=[]). File system location: 'file:///tmp/w2fix/jav-011/javalin/target/test-classes/public/'
[main] INFO io.javalin.Javalin - Static file handler added: StaticFileConfig(hostedPath=/webjars, directory=META-INF/resources/webjars, location=CLASSPATH, precompressMaxSize=2097152, aliasCheck=null, headers={Cache-Control=max-age=0}, skipFileFunction=null, mimeTypes={}, roles=[]). File system location: '[jar:file:///tmp/m2/org/webjars/swagger-ui/4.10.3/swagger-ui-4.10.3.jar!/META-INF/resources/webjars/, jar:file:///tmp/m2/org/webjars/swagger-ui/4.10.3/swagger-ui-4.10.3.jar!/META-INF/resources/webjars/]'
[main] INFO io.javalin.Javalin - Static file handler added: StaticFileConfig(hostedPath=/, directory=/public/immutable, location=CLASSPATH, precompressMaxSize=2097152, aliasCheck=null, headers={Cache-Control=max-age=0}, skipFileFunction=null, mimeTypes={}, roles=[]). File system location: 'file:///tmp/w2fix/jav-011/javalin/target/test-classes/public/immutable/'
[main] INFO io.javalin.Javalin - Static file handler added: StaticFileConfig(hostedPath=/, directory=/public/protected, location=CLASSPATH, precompressMaxSize=2097152, aliasCheck=null, headers={Cache-Control=max-age=0}, skipFileFunction=null, mimeTypes={}, roles=[]). File system location: 'file:///tmp/w2fix/jav-011/javalin/target/test-classes/public/protected/'
[main] INFO io.javalin.Javalin - Static file handler added: StaticFileConfig(hostedPath=/webjars, directory=META-INF/resources/webjars, location=CLASSPATH, precompressMaxSize=-1, aliasCheck=null, headers={Cache-Control=max-age=31622400}, skipFileFunction=null, mimeTypes={}, roles=[]). File system location: '[jar:file:///tmp/m2/org/webjars/swagger-ui/4.10.3/swagger-ui-4.10.3.jar!/META-INF/resources/webjars/, jar:file:///tmp/m2/org/webjars/swagger-ui/4.10.3/swagger-ui-4.10.3.jar!/META-INF/resources/webjars/]'
[main] INFO io.javalin.Javalin - Static file handler added: StaticFileConfig(hostedPath=/webjars, directory=META-INF/resources/webjars, location=CLASSPATH, precompressMaxSize=2097152, aliasCheck=null, headers={Cache-Control=max-age=0}, skipFileFunction=null, mimeTypes={}, roles=[]). File system location: '[jar:file:///tmp/m2/org/webjars/swagger-ui/4.10.3/swagger-ui-4.10.3.jar!/META-INF/resources/webjars/, jar:file:///tmp/m2/org/webjars/swagger-ui/4.10.3/swagger-ui-4.10.3.jar!/META-INF/resources/webjars/]'
[main] INFO io.javalin.Javalin - Static file handler added: StaticFileConfig(hostedPath=/, directory=/public/immutable, location=CLASSPATH, precompressMaxSize=2097152, aliasCheck=null, headers={Cache-Control=max-age=0}, skipFileFunction=null, mimeTypes={}, roles=[]). File system location: 'file:///tmp/w2fix/jav-011/javalin/target/test-classes/public/immutable/'
[main] INFO io.javalin.Javalin - Static file handler added: StaticFileConfig(hostedPath=/, directory=/public/protected, location=CLASSPATH, precompressMaxSize=2097152, aliasCheck=null, headers={Cache-Control=max-age=0}, skipFileFunction=null, mimeTypes={}, roles=[]). File system location: 'file:///tmp/w2fix/jav-011/javalin/target/test-classes/public/protected/'
[main] INFO io.javalin.Javalin - Static file handler added: StaticFileConfig(hostedPath=/webjars, directory=META-INF/resources/webjars, location=CLASSPATH, precompressMaxSize=2097152, aliasCheck=null, headers={Cache-Control=max-age=0}, skipFileFunction=null, mimeTypes={}, roles=[]). File system location: '[jar:file:///tmp/m2/org/webjars/swagger-ui/4.10.3/swagger-ui-4.10.3.jar!/META-INF/resources/webjars/, jar:file:///tmp/m2/org/webjars/swagger-ui/4.10.3/swagger-ui-4.10.3.jar!/META-INF/resources/webjars/]'
[main] INFO io.javalin.Javalin - Static file handler added: StaticFileConfig(hostedPath=/, directory=/public/immutable, location=CLASSPATH, precompressMaxSize=2097152, aliasCheck=null, headers={Cache-Control=max-age=0}, skipFileFunction=null, mimeTypes={}, roles=[]). File system location: 'file:///tmp/w2fix/jav-011/javalin/target/test-classes/public/immutable/'
[main] INFO io.javalin.Javalin - Static file handler added: StaticFileConfig(hostedPath=/, directory=/public/protected, location=CLASSPATH, precompressMaxSize=2097152, aliasCheck=null, headers={Cache-Control=max-age=0}, skipFileFunction=null, mimeTypes={}, roles=[]). File system location: 'file:///tmp/w2fix/jav-011/javalin/target/test-classes/public/protected/'
[main] INFO io.javalin.Javalin - Static file handler added: StaticFileConfig(hostedPath=/, directory=public, location=CLASSPATH, precompressMaxSize=0, aliasCheck=null, headers={Cache-Control=max-age=0}, skipFileFunction=null, mimeTypes={}, roles=[]). File system location: 'file:///tmp/w2fix/jav-011/javalin/target/test-classes/public/'
[INFO] Tests run: 11, Failures: 0, Errors: 0, Skipped: 0, Time elapsed: 1.662 s -- in io.javalin.staticfiles.TestStaticFilesPrecompressor
[INFO] 
[INFO] Results:
[INFO] 
[INFO] Tests run: 11, Failures: 0, Errors: 0, Skipped: 0
[INFO] 
[INFO] ------------------------------------------------------------------------
[INFO] BUILD SUCCESS
[INFO] ------------------------------------------------------------------------
[INFO] Total time:  10.262 s
[INFO] Finished at: 2026-09-30T23:21:18-04:00
[INFO] ------------------------------------------------------------------------
