########## part 1/2: instrumentation-api-incubator
# green: branch bug002-urlparser-ipv6 (64cbc793ee85736692b5dce3ae8d89620849d054) = fix + regression tests
== harness: repo=/tmp/wt-green suite=incubator HEAD=64cbc793ee85736692b5dce3ae8d89620849d054 dirty=0
== javac: javac 25.0.4.1
/tmp/wt-green/instrumentation-api/src/main/java/io/opentelemetry/instrumentation/api/internal/SupportabilityMetrics.java:114: warning: [removal] getSecurityManager() in System has been deprecated and marked for removal
    if (System.getSecurityManager() == null) {
              ^
/tmp/wt-green/instrumentation-api/src/main/java/io/opentelemetry/instrumentation/api/internal/SupportabilityMetrics.java:117: warning: [removal] AccessController in java.security has been deprecated and marked for removal
    return java.security.AccessController.doPrivileged(action);
                        ^
2 warnings
== junit selection: --select-method io.opentelemetry.instrumentation.api.incubator.semconv.net.internal.UrlParserTest#testGetHostAndPortWithIpv6 --select-class io.opentelemetry.instrumentation.api.incubator.semconv.service.peer.internal.ServicePeerResolverTest
WARNING: A terminally deprecated method in sun.misc.Unsafe has been called
WARNING: sun.misc.Unsafe::objectFieldOffset has been called by net.bytebuddy.dynamic.loading.ClassInjector$UsingUnsafe$Dispatcher$CreationAction (file:/tmp/deps/byte-buddy-1.18.14.jar)
WARNING: Please consider reporting this to the maintainers of class net.bytebuddy.dynamic.loading.ClassInjector$UsingUnsafe$Dispatcher$CreationAction
WARNING: sun.misc.Unsafe::objectFieldOffset will be removed in a future release
Sep 27, 2026 4:19:35 PM io.opentelemetry.instrumentation.api.incubator.semconv.service.peer.internal.ServicePeerResolver lambda$new$0
WARNING: Invalid service_peer_mapping entry - peer is required: Mock for DeclarativeConfigProperties, hashCode: 1628305283
Sep 27, 2026 4:19:35 PM io.opentelemetry.instrumentation.api.incubator.semconv.service.peer.internal.ServicePeerResolver lambda$new$0
WARNING: Invalid service_peer_mapping entry - at least one of service_name or service_namespace is required: Mock for DeclarativeConfigProperties, hashCode: 475024998
╷
├─ JUnit Platform Suite ✔
├─ JUnit Jupiter ✔
│  ├─ ServicePeerResolverTest ✔
│  │  ├─ configuredTargetDoesNotAlsoMatchItsFirstHost() ✔
│  │  ├─ oracleDescriptorDoesNotAlsoMatchParsedHost(String) ✔
│  │  │  ├─ [1] oracle:thin:@(description=(address=(host=h1))(address=(host=h2))) ✔
│  │  │  └─ [2] oracle:thin:@(DESCRIPTION=(ADDRESS = (HOST=h1))(ADDRESS = (HOST=h2))) ✔
│  │  ├─ shouldSkipEntryWithNullPeer() ✔
│  │  ├─ shouldSkipEntryWithNullNameAndNamespace() ✔
│  │  ├─ commaInPathStillUsesHostAndPathMatching() ✔
│  │  ├─ nonEmptyWithValidMapping() ✔
│  │  ├─ shouldResolve(String, Integer, String, String, String) ✔
│  │  │  ├─ [1] example.com, null, null, baseSvc, baseNs ✔
│  │  │  ├─ [2] example.com, 8080, null, portSvc, null ✔
│  │  │  ├─ [3] example.com, 8080, /api, null, apiNs ✔
│  │  │  ├─ [4] example.com, 9090, null, baseSvc, baseNs ✔
│  │  │  ├─ [5] example.com, 8080, /other, portSvc, null ✔
│  │  │  ├─ [6] unknown.com, null, null, null, null ✔
│  │  │  ├─ [7] nsonly.com, null, null, null, nsOnly ✔
│  │  │  ├─ [8] 1.2.3.4, null, /api, ipApiSvc, null ✔
│  │  │  ├─ [9] 1.2.3.4, 8080, /api, ipPortApi, ipPortApiNs ✔
│  │  │  ├─ [10] 1.2.3.4, 8080, null, ipSvc, ipNs ✔
│  │  │  ├─ [11] 1.2.3.4, 9000, /api, ipSvc, ipNs ✔
│  │  │  ├─ [12] ::1, 8080, null, ipv6PortSvc, null ✔
│  │  │  └─ [13] ::1, 9090, null, null, null ✔
│  │  └─ emptyWhenNoMappings() ✔
│  └─ UrlParserTest ✔
│     └─ testGetHostAndPortWithIpv6() ✔
└─ JUnit Vintage ✔

Test run finished after 370 ms
[         7 containers found      ]
[         0 containers skipped    ]
[         7 containers started    ]
[         0 containers aborted    ]
[         7 containers successful ]
[         0 containers failed     ]
[        22 tests found           ]
[         0 tests skipped         ]
[        22 tests started         ]
[         0 tests aborted         ]
[        22 tests successful      ]
[         0 tests failed          ]

== junit exit code: 0

########## part 2/2: reactor-netty-1.0 javaagent UrlParser
# green: branch bug002-urlparser-ipv6 (64cbc793ee85736692b5dce3ae8d89620849d054) = fix + regression tests
== harness: repo=/tmp/wt-green suite=reactor HEAD=64cbc793ee85736692b5dce3ae8d89620849d054 dirty=0
== javac: javac 25.0.4.1
== junit selection: --select-method io.opentelemetry.javaagent.instrumentation.reactornetty.v1_0.UrlParserTest#testGetHostAndPortWithIpv6
╷
├─ JUnit Platform Suite ✔
├─ JUnit Jupiter ✔
│  └─ UrlParserTest ✔
│     └─ testGetHostAndPortWithIpv6() ✔
└─ JUnit Vintage ✔

Test run finished after 64 ms
[         4 containers found      ]
[         0 containers skipped    ]
[         4 containers started    ]
[         0 containers aborted    ]
[         4 containers successful ]
[         0 containers failed     ]
[         1 tests found           ]
[         0 tests skipped         ]
[         1 tests started         ]
[         0 tests aborted         ]
[         1 tests successful      ]
[         0 tests failed          ]

== junit exit code: 0
