
Redirect (tests/redirect.spec.ts)
  ✔ redirect to given url (145.38ms)
  ✔ redirect to given url with query string (8.01ms)
  ✔ redirect to given url without overriding global query string forwarding (4.69ms)
  ✔ redirect to given url can disable global query string forwarding (4.04ms)
  ✔ redirect to given url and forward current query string (5.13ms)
  ✔ redirect to given url with custom query string (2.84ms)
  ✔ redirect to given url with custom query string overwriting the forward rules (3.02ms)
  ✔ redirect to given url with custom query given as object (2.99ms)
  ✔ do not set query string when originally there was no query string (3.83ms)
  ✔ redirect to given url and set custom statusCode (6.25ms)
  ✔ redirect to given url and set custom statusCode using fluent API (1.9ms)
  ✔ redirect back to referrer (3.72ms)
  ✔ redirect back to referrer with existing query string (2.33ms)
  ✔ redirect back to referrer with query string (2.19ms)
  ✔ redirect back to root (/) when referrer header is not set (3.6ms)
  ✔ redirect back to root (/) when referrer header is empty (2.93ms)
  ✔ redirect to given route (4.97ms)
  ✔ redirect to given route with params (2.9ms)
  ✔ encode route params before redirecting (0.83ms)
  ✔ redirect to given route with domain (0.66ms)
  ✔ redirect to given route and forward query string (3.05ms)
  ✔ redirect to given route and add qs via makeRoute (2.88ms)
  ✔ throw when given route is not found (2.26ms)
  ✔ merge query string values when withQs is called multiple times (2.58ms)
  ✔ merge query string with current url qs values (2.7ms)
  ✔ append query string to url that already has a query string (1.89ms)
  ✔ do not set query string original url has no qs (1.98ms)
  ✔ clear existing qs (3.51ms)

 PASSED 

Tests  28 passed (28)
 Time  240ms

Client URLBuilder | defaultOptions (tests/client/url_builder.spec.ts)
  ✔ defaultOptions prefixUrl is applied to all generated URLs (1.41ms)
  ✔ defaultOptions prefixUrl works with method-specific builders (1.18ms)
  ✔ per-call prefixUrl overrides defaultOptions prefixUrl (0.8ms)
  ✔ per-call options merge with defaultOptions (0.52ms)
  ✔ per-call prefixUrl empty string removes default prefix (0.52ms)
  ✔ defaultOptions qs is applied to all generated URLs (0.36ms)
  ✔ per-call qs overrides defaultOptions qs (0.49ms)

Cookie Client (tests/cookies/client.spec.ts)
  ✔ sign cookie (1.61ms)
  ✔ encrypt cookie (1.49ms)
  ✔ encode cookie (0.75ms)
  ✔ parse plain cookie (0.27ms)
  ✔ parse encrypted cookie (0.4ms)
  ✔ parse signed cookie (0.29ms)

Cookie | driver | encrypted (tests/cookies/drivers/encrypted.spec.ts)
  ✔ encrypt value (0.8ms)
  ✔ do not encrypt null or undefined values (0.4ms)
  ✔ decrypt value (0.81ms)
  ✔ do not decrypt invalid string value (0.55ms)

Cookie | driver | signed (tests/cookies/drivers/signed.spec.ts)
  ✔ sign value (0.38ms)
  ✔ do not sign null or undefined values (0.49ms)
  ✔ unsign value (0.28ms)
  ✔ do not unsign invalid string value (0.32ms)

Cookie | parse (tests/cookies/parser.spec.ts)
  ✔ get signed cookies (2.17ms)
  ✔ get signed cookies from the cache (1.22ms)
  ✔ get encrypted cookies (2.16ms)
  ✔ get encrypted cookies from the cache (0.75ms)
  ✔ get plain cookies (2.15ms)
  ✔ get plain cookies from the cache (0.76ms)
  ✔ get non-stringified plain cookies (0.4ms)

Cookie | parse | tampering (tests/cookies/parser.spec.ts)
  ✔ detect tampered encrypted cookie (2.03ms)
  ✔ detect tampered signed cookie (0.52ms)
  ✔ detect when signed cookies is tampered as plain cookie (0.46ms)
  ✔ detect when encrypted cookies is tampered as plain cookie (0.42ms)

Cookie | parse | swap (tests/cookies/parser.spec.ts)
  ✔ detect encrypted cookies swap (0.62ms)
  ✔ detect signed cookies swap (1.12ms)

Cookie | serialize (tests/cookies/serializer.spec.ts)
  ✔ serialize and sign cookie (0.91ms)
  ✔ serialize and encrypt cookie (0.74ms)
  ✔ serialize and base64 encode cookie (0.31ms)
  ✔ serialize and don't stringify cookie (0.47ms)
  ✔ set cookie domain (0.49ms)
  ✔ set httponly flag (0.29ms)
  ✔ invoke expires callback when defined as a function (1s)
  ✔ do not set expires when it is set to undefined (0.48ms)
  ✔ do not set max age when it is set to undefined (0.34ms)
  ✔ define max age as time expression (0.53ms)
  ✔ define max age in seconds (0.2ms)

Define config (tests/define_config.spec.ts)
  ✔ define server config (1.96ms)
  ✔ give preference to defined config (0.52ms)
  ✔ configure the tree matcher (0.34ms)
  ✔ compile trustProxy config when boolean (1.21ms)
  ✔ compile trustProxy config when string (0.45ms)
  ✔ compile trustProxy config when a function (0.44ms)
  ✔ deep merge user values with defaults (0.43ms)

Define named middleware (tests/define_named_middleware.spec.ts)
  ✔ define a collection of named middleware (1.06ms)
  ✔ infer types for middleware options (0.62ms)
  ✔ infer types for middleware optional options (0.33ms)

Exception handler | handle (tests/exceptions/exception_handler.spec.ts)
  ✔ handle error by pretty printing it using youch (16.9ms)
  ✔ pretty error as JSON when request accepts JSON (4.04ms)
  ✔ pretty error as JSON when request accepts JSONAPI (3.19ms)
  ✔ do not render stack trace when debugging is disabled (1.09ms)
  ✔ escape error message when rendering HTML without debug stack trace (1ms)
  ✔ do not render stack trace in JSON response when debugging is disabled (0.63ms)
  ✔ do not render stack trace in JSON API response when debugging is disabled (0.94ms)
  ✔ use error status code (9.42ms)
  ✔ render error using the error handle method (0.84ms)
  ✔ render status page (0.72ms)
  ✔ do not render status page for API requests (0.75ms)
  ✔ do not render status page when exception has handle method (0.96ms)
  ✔ handle literal values raised as exception (2.76ms)
  ✔ render validation error to a string (1.6ms)
  ✔ escape validation error messages when rendering HTML (2.78ms)
  ✔ overwrite public methods using macros (0.83ms)
  ✔ render validation error to JSON (0.83ms)
  ✔ render validation error to JSONAPI (0.74ms)
  ✔ use status page return value for response (0.77ms)
  ✔ do not overwrite response explicitly set via response.send method (0.77ms)

Exception handler | report (tests/exceptions/exception_handler.spec.ts)
  ✔ report error using logger (2.85ms)
  ✔ report errors with status code in 400 range as a warning (1.01ms)
  ✔ report errors with status code below 400 as info (1.13ms)
  ✔ do not report 400, 422 and 401 error codes (0.85ms)
  ✔ do not report internal exceptions (0.72ms)
  ✔ do not report when error reporting is turned off (1.33ms)
  ✔ report error using the error report method (1.44ms)
  ✔ ignore error codes when reporting error (1.04ms)
  ✔ log request id in logs when request id exists (1.08ms)

Http exception (tests/exceptions/http_exception.spec.ts)
  ✔ create http exception with an error object (0.29ms)
  ✔ create http exception with a string message (0.23ms)
  ✔ create http exception with an error of values (0.28ms)
  ✔ create http exception with an object without message (0.23ms)
  ✔ create http exception with null body (0.18ms)
  ✔ create http exception with undefined body (0.2ms)

Append query string (tests/helpers/append_query_string.spec.ts)
  ✔ return pathname as it is when there is no query string to append (0.56ms)
  ✔ append query string to the pathname (0.45ms)
  ✔ append query string to the pathname with existing query string (0.94ms)

getPreviousUrl (tests/helpers/get_previous_url.spec.ts)
  ✔ return fallback when no referer header is set (0.37ms)
  ✔ return fallback when referer header is empty (0.58ms)
  ✔ accept referer matching the host header (0.87ms)
  ✔ accept referer matching an allowed host (0.39ms)
  ✔ return fallback when referer host does not match (0.43ms)
  ✔ return fallback for malformed referer (0.31ms)
  ✔ accept relative referer URLs (0.33ms)
  ✔ accept referer matching the :authority pseudo header on HTTP/2 (0.4ms)
  ✔ prefer :authority over host when both are present (0.35ms)

isValidRedirectUrl (tests/helpers/is_valid_redirect_url.spec.ts)
  ✔ accept relative URLs starting with / (0.24ms)
  ✔ reject empty or non-string values (0.28ms)
  ✔ reject protocol-relative URLs (0.2ms)
  ✔ reject relative URLs that trick the URL parser (0.13ms)
  ✔ accept absolute URLs when no host constraints are provided (0.16ms)
  ✔ reject malformed absolute URLs (0.28ms)
  ✔ accept absolute URLs matching currentHost (0.17ms)
  ✔ reject absolute URLs not matching currentHost (0.2ms)
  ✔ accept absolute URLs in allowedHosts (0.22ms)
  ✔ reject absolute URLs not in allowedHosts or currentHost (0.21ms)
  ✔ relative URLs ignore host constraints (0.15ms)

Helpers | parse range (tests/helpers/parse_range.spec.ts)
  ✔ parse a range expression to an object (0.25ms)
  ✔ parse when both the numbers of the range are same (0.21ms)
  ✔ raise error when end value is smaller than starting value (0.87ms)
  ✔ return empty object when range has non-numeric values (0.3ms)
  ✔ parse when there is no range expression (0.25ms)
  ✔ return error when no ending value is provided in range (0.36ms)
  ✔ return empty object when ending value is not number (0.17ms)

Http context | local storage (tests/http_context/local_storage.spec.ts)
  ✔ get http context inside a local storage scope (1.06ms)
  ✔ maintain context scope during parallel calls (1.47ms)
  ✔ maintain context scope within setTimeout (4.3ms)

Match route (tests/match_route.spec.ts)
  ✔ return url params when a match is found (0.59ms)
  ✔ return null when unable to find a match (0.37ms)
  ✔ match routes with wildcards (0.39ms)

Middleware info (tests/middleware_info.spec.ts)
  ✔ get middleware info using closures (1.4ms)
  ✔ get named middleware info (1.7ms)
  ✔ get global middleware info (0.82ms)

Redirect (tests/redirect.spec.ts)
  ✔ redirect to given url (19.11ms)
  ✔ redirect to given url with query string (4.95ms)
  ✔ redirect to given url without overriding global query string forwarding (4.5ms)
  ✔ redirect to given url can disable global query string forwarding (4.09ms)
  ✔ redirect to given url and forward current query string (4.98ms)
  ✔ redirect to given url with custom query string (2.76ms)
  ✔ redirect to given url with custom query string overwriting the forward rules (2.79ms)
  ✔ redirect to given url with custom query given as object (3.09ms)
  ✔ do not set query string when originally there was no query string (2.97ms)
  ✔ redirect to given url and set custom statusCode (3.83ms)
  ✔ redirect to given url and set custom statusCode using fluent API (2.75ms)
  ✔ redirect back to referrer (3ms)
  ✔ redirect back to referrer with existing query string (3.29ms)
  ✔ redirect back to referrer with query string (2.84ms)
  ✔ redirect back to root (/) when referrer header is not set (2.61ms)
  ✔ redirect back to root (/) when referrer header is empty (2.62ms)
  ✔ redirect to given route (3.16ms)
  ✔ redirect to given route with params (3.26ms)
  ✔ encode route params before redirecting (0.64ms)
  ✔ redirect to given route with domain (0.61ms)
  ✔ redirect to given route and forward query string (2.61ms)
  ✔ redirect to given route and add qs via makeRoute (4.75ms)
  ✔ throw when given route is not found (2.02ms)
  ✔ merge query string values when withQs is called multiple times (2.19ms)
  ✔ merge query string with current url qs values (2.93ms)
  ✔ append query string to url that already has a query string (2.19ms)
  ✔ do not set query string original url has no qs (3.07ms)
  ✔ clear existing qs (2.98ms)

Request (tests/request.spec.ts)
  ✔ get http request query string (1.88ms)
  ✔ update request initial body (1.73ms)
  ✔ updating request body later must not impact the original body (1.64ms)
  ✔ updating nested properties of request body must not impact the original body (1.88ms)
  ✔ merge query string with all and original (1.86ms)
  ✔ raise error when setInitialBody is called twice (1.87ms)
  ✔ compute original and all even if body was never set (1.78ms)
  ✔ compute all when query string is updated (1.75ms)
  ✔ read input value from request (3.01ms)
  ✔ read nested input value from request (3.51ms)
  ✔ read array input value from request (1.47ms)
  ✔ get all except few keys (2.15ms)
  ✔ get all except few keys from nested object (1.84ms)
  ✔ get only few keys (1.48ms)
  ✔ get request params (1.44ms)
  ✔ get value for a given param (2.71ms)
  ✔ get only few keys from nested object (2.02ms)
  ✔ get request headers (2.15ms)
  ✔ get value for a given request header (1.62ms)
  ✔ get ip address (2.55ms)
  ✔ get ip addresses as an array (1.66ms)
  ✔ get request protocol (1.87ms)
(node:20) Warning: Setting the NODE_TLS_REJECT_UNAUTHORIZED environment variable to '0' makes TLS connections and HTTPS requests insecure by disabling certificate verification.
(Use `node --trace-warnings ...` to show where the warning was created)
  ✔ return boolean telling request is secure or not (396.44ms)
  ✔ get request hostname (4.99ms)
  ✔ return an array of subdomains (5.69ms)
  ✔ do not consider www a subdomain (1.8ms)
  ✔ return true for ajax when X-Requested-With is xmlhttprequest (3.3ms)
  ✔ return false for ajax when X-Requested-With header is missing (3.4ms)
  ✔ return true for ajax when X-Pjax header is set (5.34ms)
  ✔ return true for prefetch when Purpose header is prefetch (2.46ms)
  ✔ return true for prefetch when Sec-Purpose header includes prefetch (2.17ms)
  ✔ return true for prefetch when legacy X-Moz header is prefetch (4.48ms)
  ✔ return false for prefetch when no speculative headers are set (2.21ms)
  ✔ do not trust proxy when trustProxy does not allow it (5.05ms)
  ✔ trust proxy when trustProxy allows it (3.6ms)
  ✔ use the first forwarded host from a trusted proxy (3.04ms)
  ✔ trust all proxies when trustProxy is true (4.31ms)
  ✔ trust no proxy when trustProxy is false (4.21ms)
  ✔ return request url without query string (3.44ms)
  ✔ return request url with query string (4.04ms)
  ✔ return complete request url without query string (1.76ms)
  ✔ return complete request url with query string (1.77ms)
  ✔ call getIp method to return ip address when defined inside config (1.58ms)
  ✔ return default value when referer header does not exists (1.57ms)
  ✔ handle referer header spelling inconsistencies (3.02ms)
  ✔ return raw body as null when does not exists (1.94ms)
  ✔ update request raw body (1.55ms)
  ✔ get null when request hostname is missing (2.73ms)
  ✔ get empty array when for subdomains request hostname is missing (1.93ms)
  ✔ set x-request-id header when id method is called (1.5ms)
  ✔ do not generate request id when generateRequestId is false (5.17ms)
  ✔ do not append ? when query string is empty (1.96ms)
  ✔ find if an identifier matches the request route pattern (2.11ms)
  ✔ find if an identifier matches the request route handler name (3.39ms)
  ✔ find if an identifier matches the request route name (1.98ms)
  ✔ find if an one or more identifiers matches the request route name (1.85ms)
  ✔ get request json representation (2.22ms)

Request | Content negotiation (tests/request.spec.ts)
  ✔ content negotiate the request content-type (3.84ms)
  ✔ return null when request body is empty (1.7ms)
  ✔ return all types from most to least preferred (1.79ms)
  ✔ return the most relavant accept type (2.58ms)
  ✔ return all accept languages (1.78ms)
  ✔ return the most relavant language (2.56ms)
  ✔ return all accept charsets (1.84ms)
  ✔ return most relevant charset (3.1ms)
  ✔ return all encodings (1.98ms)
  ✔ return matching encoding (1.7ms)
  ✔ return false from request.stale when etag and if-match-none are same (4.86ms)

Request | cache (tests/request.spec.ts)
  ✔ return false from hasBody when request has no body (7.81ms)
  ✔ return true from hasBody when request has no body (2.98ms)
  ✔ return true from request.fresh when etag and if-match-none are same (3.4ms)
  ✔ return false from request.fresh when etag and if-match-none are same but method is POST (5.39ms)
  ✔ return false from request.fresh when etag and if-match-none are same but statusCode is 301 (5.07ms)

Request | Method spoofing (tests/request.spec.ts)
  ✔ return request http method (1.56ms)
  ✔ return request spoofed http method when spoofing is enabled (4ms)
  ✔ return original http method when spoofing is enabled but original method is GET (1.84ms)

Request | Cookies (tests/request.spec.ts)
  ✔ get all unparsed cookies (1.88ms)
  ✔ get all unsigned cookies via plainCookies (4.21ms)
  ✔ get all signed cookies (3.72ms)
  ✔ get value for a single cookie (13.14ms)
  ✔ use default value when actual value is missing (14.16ms)
  ✔ get value for a single plain cookie (3.86ms)
  ✔ use default value when actual plain cookie value is missing (5.55ms)
  ✔ get value for a single not encoded cookie (8.16ms)
  ✔ get value for a single not encoded cookie using options object (2.56ms)
  ✔ specify plain cookie default value via options object (2.54ms)
  ✔ get value for a single encrypted (4.99ms)
  ✔ use default value when actual value is missing (4.45ms)

Verify signed url (tests/request.spec.ts)
  ✔ return false when signature is not defined (2.63ms)
  ✔ return false when signature cannot be decrypted (3.99ms)
  ✔ return true when signature is valid (4.84ms)
  ✔ return true when signature is valid without any querystring (5.76ms)
  ✔ return false when signature is valid but expired (3.67ms)
  ✔ return true when expiry is in future (8.03ms)
  ✔ return false when purpose is different (4.96ms)
  ✔ return request url set during factory creation (0.49ms)
  ✔ define request url from route (0.71ms)

Response (tests/response.spec.ts)
  ✔ set http response headers (3.92ms)
  ✔ get recently set headers (4.29ms)
  ✔ get header from http res object (4.77ms)
  ✔ set x-request-id header (3.28ms)
  ✔ set x-request-id header when the response has no body (5.97ms)
  ✔ get merged from http res object (6.63ms)
  ✔ append header to existing header (4.78ms)
  ✔ add header via append when header doesn't exists already (2.93ms)
  ✔ append to the header value when it's an array (5.25ms)
  ✔ do not set header when already exists (8.87ms)
  ✔ remove existing response header (5.52ms)
  ✔ set HTTP status (7.31ms)
  ✔ parse buffer and set correct response header (9.22ms)
  ✔ parse Uint8Array and set correct response header (7ms)
  ✔ parse string and set correct response header (6.93ms)
  ✔ parse HTML string and return correct response header (7.91ms)
  ✔ get regex in response (3.64ms)
  ✔ parse array and set correct response type (3.43ms)
  ✔ parse object and set correct response type (3.41ms)
  ✔ do not set content type for empty strings (6.09ms)
  ✔ do not set content-type for null (3.05ms)
  ✔ do not write send body and headers unless finish is called explicitly (4.2ms)
  ✔ write send body and headers when finish is called explicitly (3.14ms)
  ✔ do not write response twice if finish is called twice (6.91ms)
  ✔ hasContent must return true after send has been called (3.03ms)
  ✔ hasLazyBody must return true after send has been called (3.91ms)
  ✔ hasLazyBody and hasFileToStream must return true after download has been called (3.24ms)
  ✔ hasContent must return false after download has been called (4.1ms)
  ✔ hasLazyBody and hasStream must return true after stream has been called (3.66ms)
  ✔ hasContent must return false after stream has been called (7.95ms)
  ✔ write jsonp response (5.59ms)
  ✔ use explicit value for callback name (3.55ms)
  ✔ use config value when explicit value is not defined and their is no query string (3.05ms)
  ✔ stream response (10.12ms)
  ✔ raise error when we try to stream a non-existing file (2.48ms)
  ✔ raise error when input is not a stream (6.11ms)
  ✔ raise error when input is a writable stream (8.52ms)
  ✔ should not hit the maxListeners when making more than 10 calls (37.34ms)
  ✔ raise error when stream raises one (12.66ms)
  ✔ send stream errors vs raising them (8.87ms)
  ✔ download file with correct content type (11.79ms)
  ✔ write errors as response when downloading folder (8.05ms)
  ✔ write errors as response when file is missing (7.37ms)
  ✔ return custom message and status when file is missing (16.92ms)
  ✔ do not stream file on HEAD calls (10.72ms)
  ✔ do not stream file when cache is fresh (10.55ms)
  ✔ set HTTP status to 304 when cache is fresh and request is HEAD (9.93ms)
  ✔ set HTTP status to 304 when cache is fresh and request is GET (6.87ms)
  ✔ serve actual response when cache is fresh but request method is POST (8.2ms)
  ✔ do not override status when cache is fresh but redirect status code is set (13.55ms)
  ✔ download file with correct content disposition (30.01ms)
  ✔ download file with custom file name (21.89ms)
  ✔ download file with custom disposition (13.54ms)
  ✔ add multiple vary fields (6.87ms)
  ✔ add multiple vary fields as an array (27.81ms)
  ✔ set status code to 204 when body is empty (16.27ms)
  ✔ do not override explicit status even when body is empty (12.55ms)
  ✔ remove previously set content headers when status code is 304 (11.7ms)
  ✔ generate etag when set to true (6.17ms)
  ✔ set HTTP status to 304 when cache is fresh and request is GET (6.35ms)
  ✔ convert number to string when sending as response (9.66ms)
  ✔ convert boolean to string when sending as response (6.13ms)
  ✔ convert date to string when sending as response (9.83ms)
  ✔ raise error when response data type is not valid (4.33ms)
  ✔ convert serializable objects to JSON representation (4.42ms)
  ✔ send response as 200 when request method is HEAD and cache is not fresh (14.39ms)
  ✔ stream the file when request method is GET and cache is not fresh (5.74ms)
  ✔ set response type with custom charset (5.06ms)
  ✔ set signed cookie (5.54ms)
  ✔ set plain cookie (4.74ms)
  ✔ set encrypted cookie (6.82ms)
  ✔ do not send cookies with null or undefined values (7.92ms)
  ✔ set cookie with custom domain (7.45ms)
  ✔ clear cookie by setting expiry and maxAge in past (7.68ms)
  ✔ abort request by raising exception (5.55ms)
  ✔ abort request with json body (5.41ms)
  ✔ abort request with custom status code (7.78ms)
  ✔ abortIf: abort request when condition is truthy (6.12ms)
  ✔ abortIf: do not abort request when condition is falsy (2.77ms)
  ✔ abortUnless: abort request when condition is falsy (18.82ms)
  ✔ abortUnless: do not abort request when condition is truthy (10.98ms)
  ✔ set appropriate status from the description methods (6.83ms)
  ✔ send null in body with an explicit http status code (8.63ms)
  ✔ do not send body or calculate content-length for a 304 response (4.2ms)
  ✔ get response body (3ms)
  ✔ return null when body is a stream (6.77ms)
  ✔ return response status when not defined explicitly (11.89ms)
  ✔ return response status when defined explicitly (4.13ms)
  ✔ listen for the event when response finishes (5.64ms)
  ✔ send JSON using web-native Response (12.59ms)
  ✔ redirect using web-native Response (4.94ms)
  ✔ set headers set by the web-native Response (15.37ms)
  ✔ preserve multiple Set-Cookie headers from a web-native Response (9.04ms)
  ✔ merge Set-Cookie headers from a web-native Response with existing headers (4.24ms)

Route handler info (tests/route_info.spec.ts)
  ✔ get route handler info using closure (0.64ms)
  ✔ get route controller info using dynamic import reference (1.28ms)
  ✔ get route controller info using dynamic import reference from a collection (1.51ms)
  ✔ get route controller info using direct reference (1.13ms)

Brisk Route (tests/router/brisk.spec.ts)
  ✔ define handler for the route (1.46ms)
  ✔ define handler via the redirect method (0.91ms)
  ✔ define handler via the redirectToPath method (0.66ms)

Route | execute (tests/router/execute.spec.ts)
  ✔ execute route handler function (7.57ms)
  ✔ execute route controller specified as a string (4.48ms)
  ✔ execute route controller specified as lazy import (3.53ms)
  ✔ execute route controller specified as a class constructor (3.36ms)
  ✔ execute route middleware defined as a function (2.64ms)
  ✔ do not execute handler when middleware does not call the next method (2.92ms)
  ✔ execute global middleware before the route middleware (3.18ms)
  ✔ do not run route middleware when global middleware does not call next (3.2ms)
  ✔ catch global middleware exceptions (5.47ms)
  ✔ catch route handler exceptions (2.52ms)
  ✔ pass arguments to the named middleware (4.02ms)

Route Group (tests/router/group.spec.ts)
  ✔ define resource inside the group (1.26ms)

Route group | prefix (tests/router/group.spec.ts)
  ✔ define routes prefix (0.97ms)
  ✔ define routes prefix in nested groups (1.34ms)
  ✔ define routes prefix on resourceful routes (2.16ms)
  ✔ define prefix on a brisk route (1.09ms)

Route group | as (tests/router/group.spec.ts)
  ✔ prepend name to the existing route names (0.99ms)
  ✔ prepend name inside nested groups (0.58ms)
  ✔ prepend name to resourceful routes (0.45ms)
  ✔ prepend name to the existing brisk route names (0.5ms)

Route group | middleware (tests/router/group.spec.ts)
  ✔ prepend middleware to existing route middleware (0.69ms)
  ✔ prepend multiple middleware to existing route middleware (0.49ms)
  ✔ keep group own middleware in right order (0.52ms)
  ✔ define nested group middleware in right order (1.04ms)
  ✔ define middleware on nested group route and resource (1.66ms)
  ✔ prepend middleware to existing brisk route middleware (0.57ms)

Route group | domain (tests/router/group.spec.ts)
  ✔ define routes domain (1.27ms)
  ✔ define route domain in nested groups (1.46ms)
  ✔ define domain on resourceful routes (0.51ms)
  ✔ define brisk route domain (0.42ms)

Route group | matchers (tests/router/group.spec.ts)
  ✔ add matcher to group routes (1.48ms)
  ✔ add matcher to nested group routes (0.59ms)
  ✔ do not overwrite matcher defined explicitly on the route (0.45ms)
  ✔ add matcher resource routes (0.58ms)
  ✔ add matcher to brisk routes in the group (0.78ms)

Legacy URL builder (tests/router/legacy_url_builder.spec.ts)
  ✔ create url for a route (0.68ms)
  ✔ create url for a route by its name (0.45ms)
  ✔ create url for a route by its name for the home path (0.54ms)
  ✔ create url for a route by the handler name (0.36ms)
  ✔ create url for a route by the handler name for the home path (0.36ms)
  ✔ raise error when unable to lookup route (0.45ms)
  ✔ create url without performing route lookup (0.27ms)
  ✔ define params as an object (0.26ms)
  ✔ do not overwrite existing params when undefined params are shared (0.26ms)
  ✔ raise error when one or params are missing (1.47ms)
  ✔ allow missing params when param is optional (0.56ms)
  ✔ make route with wildcard params (0.39ms)
  ✔ define wildcard param as an object (0.35ms)
  ✔ raise error when wildcard params are missing (0.48ms)
  ✔ prefix url (0.5ms)
  ✔ define query string with arrays (0.5ms)
  ✔ create and verify signed URLs (0.84ms)
  ✔ create and verify signed URLs with query string (1.55ms)
  ✔ build route with params and extension (0.84ms)

Matchers (tests/router/matchers.spec.ts)
  ✔ get matcher for a number (1.51ms)
  ✔ get matcher for a uuid (0.85ms)
  ✔ get matcher for a slug (0.82ms)
  ✔ slug matcher does not backtrack excessively on invalid input (1.05ms)

Route Resource (tests/router/resource.spec.ts)
  ✔ define resource routes (0.53ms)
  ✔ cleanup leading and trailing slashes (0.42ms)
  ✔ define resource with a parent path (0.92ms)
  ✔ raise error when resource name is a slash (0.47ms)
  ✔ define nested resource routes (2.82ms)
  ✔ add shallow nested resource routes (1.61ms)
  ✔ mark non-api routes deleted (1ms)
  ✔ mark all routes as deleted except the defined one's (0.53ms)
  ✔ mark routes for defined actions as deleted (0.42ms)
  ✔ tap into route by action name (0.42ms)
  ✔ tap into multiple routes by action names (0.34ms)
  ✔ do not tap into deleted routes (0.42ms)
  ✔ define matcher for params (1.93ms)
  ✔ create snake_case route names when resource name is in dash case (0.44ms)
  ✔ create snake_case param and route names when nested resource name is in dash-case (0.52ms)
  ✔ define base prefix for resource route names (0.33ms)
  ✔ allow re-defining resource name for multiple times (0.85ms)
  ✔ do not normalize resource name (0.32ms)
  ✔ rename the resource param (0.47ms)
  ✔ rename the resource param multiple times (0.47ms)
  ✔ define custom param name for nested resource (0.36ms)
  ✔ rename param name for a shallow resource (0.36ms)
  ✔ define resource controller as a class reference (0.51ms)
  ✔ define resource controller as a lazy import reference (0.38ms)
  ✔ define middleware on all routes (1.22ms)
  ✔ define middleware on selected routes (0.77ms)
  ✔ apply middleware in the order they are defined (0.46ms)

Route parser (tests/router/route_parser.spec.ts)
  ✔ parse route with params (0.26ms)
  ✔ parse route params with extensions (0.25ms)
  ✔ do not allow extensions with optional params (0.2ms)
  ✔ parse route params wildcard (0.18ms)

Route (tests/router/route.spec.ts)
  ✔ create a route instance (0.26ms)
  ✔ prefix route (0.43ms)
  ✔ apply multiple prefixes in reverse order (0.27ms)
  ✔ handle leading slash in pattern (0.24ms)
  ✔ handle leading slash in pattern along with prefix (0.27ms)
  ✔ define matcher for param as a string (0.35ms)
  ✔ define matcher for param as a regular expression (0.34ms)
  ✔ define match and cast methods for a param (0.3ms)
  ✔ do not overwrite existing params (0.21ms)
  ✔ define global matchers for params (0.36ms)
  ✔ give preference to local matcher over global (0.31ms)
  ✔ define route domain (0.51ms)
  ✔ do not overwrite route domain unless explicitly stated (0.37ms)
  ✔ use function as a route middleware (1.11ms)
  ✔ use multiple middleware (0.56ms)
  ✔ define a named middleware by reference (0.41ms)
  ✔ use multiple named middleware (0.32ms)
  ✔ give name to the route (2.74ms)
  ✔ prefix to the route name (0.41ms)
  ✔ throw error when prefix without an existing name (0.52ms)
  ✔ update route pattern (0.31ms)
  ✔ auto name route after its string based controller and method (0.24ms)
  ✔ auto name route after its lazily imported controller and method (0.28ms)
  ✔ auto name route after its eagerly imported controller and method (0.37ms)

Router | add (tests/router/router.spec.ts)
  ✔ add routes (5.18ms)
  ✔ raise error when route name is duplicate (1.06ms)
  ✔ create nested groups (0.9ms)
  ✔ apply middleware in nested groups (0.89ms)
  ✔ apply domain in nested groups (1.77ms)
  ✔ apply route matchers on nested groups (0.6ms)
  ✔ apply route matchers using shorthand methods (0.62ms)
  ✔ test empty string param against the matcher (0.63ms)
  ✔ apply route names in group (0.6ms)
  ✔ define global matcher as a string (0.46ms)
  ✔ define global matcher as a regex (0.67ms)
  ✔ define global matcher as an object (0.96ms)

Router | commit (tests/router/router.spec.ts)
  ✔ commit routes to the store (1.72ms)
  ✔ commit routes group to the store (1.11ms)
  ✔ define resource inside a group (1.23ms)
  ✔ define resource inside nested groups (0.54ms)
  ✔ define shallow resource (0.61ms)
  ✔ define nested resource (1.74ms)
  ✔ do not commit route when deleted flag is set to true (1.01ms)

Router | match (tests/router/router.spec.ts)
  ✔ do not match "/users" against "/users/:id" (6.4ms)
  ✔ match "/users" route registered after "/users/:id" (1.62ms)
  ✔ do not match "/posts" against "/posts/:slug?.json" (1.19ms)
  ✔ do not let a malformed repeated-separator route shadow the root route (0.46ms)
  ✔ normalize an empty route pattern to root without matching an empty request path (0.82ms)
  ✔ match routes using specificity precedence (1.65ms)
  ✔ match route using URL (0.91ms)
  ✔ apply uuid matcher when matching route (1.02ms)
  ✔ match route for a specific domain (2.47ms)

Brisk route (tests/router/router.spec.ts)
  ✔ define brisk route (0.49ms)
  ✔ define brisk route inside a group (0.86ms)
  ✔ register brisk route to store (0.51ms)

Router | Make url (tests/router/router.spec.ts)
  ✔ make url to a given route (0.4ms)
  ✔ make url to a given route by it's name (0.46ms)
  ✔ make url to a given route by it's controller method (0.31ms)
  ✔ make url for a specific domain (0.53ms)
  ✔ prefix url (0.39ms)
  ✔ disable routes lookup (0.5ms)

Make signed url (tests/router/router.spec.ts)
  ✔ make signed url to a given route (0.54ms)
  ✔ make signed url to a given route by it's name (1.83ms)
  ✔ make signed url to a given route by it's controller method (1.79ms)
  ✔ make url for a specific domain (0.78ms)
  ✔ make signed url with expiry (0.6ms)
  ✔ make signed url with custom query string (0.43ms)
  ✔ prefix url (0.4ms)
  ✔ disable route lookup (0.65ms)

Regression (tests/router/router.spec.ts)
  ✔ route where matchers should win over group matchers (0.61ms)
  ✔ apply prefixes in the correct order (0.46ms)
  ✔ route domain should win over group domain (1.22ms)
  ✔ apply route names in the right order (0.69ms)

Named middleware (tests/router/router.spec.ts)
  ✔ create a collection of named middleware factories (0.56ms)

Router | handler (tests/router/router.spec.ts)
  ✔ define route handler as a lazy loaded controller (1.34ms)
  ✔ define route handler as controller reference (0.67ms)

Router | parse route pattern (tests/router/router.spec.ts)
  ✔ parse static route pattern (0.35ms)
  ✔ parse route pattern with params (0.37ms)
  ✔ parse route pattern with optional params (0.56ms)
  ✔ parse route pattern with wildcard params (0.53ms)

Router | toJSON (tests/router/router.spec.ts)
  ✔ convert routes with different style of handlers to JSON (0.47ms)
  ✔ convert routes with global middleware to JSON (0.5ms)
  ✔ convert routes with inline and middleware (1.74ms)

Router | find (tests/router/router.spec.ts)
  ✔ find a route by route pattern (0.45ms)
  ✔ find a route by route name (0.62ms)
  ✔ find a route by route controller name (1.47ms)
  ✔ return null when unable to find route (0.9ms)
  ✔ do not match route handler name when it is defined as function (0.61ms)
  ✔ find a route across domains (0.42ms)
  ✔ limit search to a specific domain (0.36ms)
  ✔ limit search to a specific method (1.29ms)

Lookup store | findByOrFail (tests/router/router.spec.ts)
  ✔ find a route by route pattern (0.9ms)
  ✔ find a route by route name (0.43ms)
  ✔ find a route by route controller name (0.69ms)
  ✔ raise error when unable to lookup route (0.55ms)

Lookup store | has (tests/router/router.spec.ts)
  ✔ check if a route exists (0.56ms)

Router | generateTypes (tests/router/router.spec.ts)
  ✔ generate url builder types (1.77ms)
  ✔ generate url builder types across domains (0.89ms)
  ✔ do not prefix domain to the route identifier when routes are not duplicate across domains (0.81ms)

Router | macroable (tests/router/router.spec.ts)
  ✔ add macro to router (0.49ms)
  ✔ add getter to router (0.67ms)

Store | add (tests/router/store.spec.ts)
  ✔ add route without explicit domain (0.48ms)
  ✔ add route with a custom domain (0.4ms)
  ✔ raise error when duplicate routes are found (0.34ms)
  ✔ raise error when duplicate params are found (0.48ms)
  ✔ allow static path name same as the param name (0.35ms)
  ✔ allow duplicate routes across multiple methods (0.38ms)
  ✔ allow duplicate routes across multiple domains (0.36ms)
  ✔ add route for multiple methods (0.45ms)
  ✔ add multiple routes (0.38ms)

Store | match (tests/router/store.spec.ts)
  ✔ preserve registration order for equivalent static routes with repeated trailing separators (0.7ms)
  ✔ preserve registration order across static, parameter, optional, and wildcard routes (0.69ms)
  ✔ preserve separator semantics for static routes (0.47ms)
  ✔ return the same route object for repeated matches and routes with multiple methods (0.58ms)
  ✔ decode parameter and wildcard values only when requested (1.88ms)
  ✔ extract subdomains when matching an indexed static route on an explicit domain (0.62ms)
  ✔ apply matchers and casts on a dynamic route before an indexed static route (1.11ms)
  ✔ find route for a given url (0.4ms)
  ✔ find route and parse route params (0.32ms)
  ✔ find route and parse optional route params (0.3ms)
  ✔ match routes in the order they are registered (0.25ms)
  ✔ test params against matchers before matching (0.34ms)
  ✔ match hostname against route domain (0.23ms)
  ✔ match hostname against a dynamic route domain (0.22ms)
  ✔ return empty array when no domains have been registered (0.18ms)
  ✔ return empty array when unable to match the route domain (0.2ms)
  ✔ match routes for a domain (0.25ms)
  ✔ match routes for a dynamic domain (0.34ms)
  ✔ return null when unable to match the method (0.61ms)
  ✔ return null when unable to match the domain (0.99ms)
  ✔ return null when unable to match the route pattern (0.63ms)
  ✔ do not match param against regex when param is optional and missing (1.76ms)
  ✔ match param against regex when param is optional but defined in url (0.76ms)
  ✔ cast params using route matchers (0.71ms)
  ✔ do not cast optional params when not passed in the URL (0.42ms)
  ✔ cast multiple params (0.65ms)

Router types (tests/router/types.spec.ts)
  ✔ infer route handlers from controller constructor (0.55ms)
  ✔ preserve the legacy route token type (1.16ms)

URLBuilder (tests/router/url_builder.spec.ts)
  ✔ create url for a route by its name (1.13ms)
  ✔ encode route params as path segments (0.65ms)
  ✔ create url for specific methods (1.48ms)
  ✔ create url for a route by its name for the home path (0.98ms)
  ✔ create and verify signed routes (0.98ms)
  ✔ create and verify signed routes for specific methods (4.58ms)
  ✔ create and verify signed URLs with query string (2.91ms)
  ✔ create and verify signed URLs with route lookup disabled (3.93ms)
  ✔ raise error when unable to lookup route (0.64ms)
  ✔ raise error when unable to lookup route for a given method (0.79ms)
  ✔ allow missing params when param is optional (0.46ms)
  ✔ make route with wildcard params (0.71ms)
  ✔ encode each wildcard param as a path segment (0.66ms)
  ✔ raise error when wildcard params are missing (0.61ms)
  ✔ prefix url (0.41ms)
  ✔ define query string with arrays (0.63ms)
  ✔ create and verify signed URLs (2.16ms)
  ✔ create and verify signed URLs with query string (0.71ms)
  ✔ find route across domains (0.45ms)
  ✔ make url for a route from specific domain (0.44ms)
  ✔ create signed url for a route from specific domain (0.94ms)
  ✔ throw error when mentioned domain is unknown (0.87ms)

URLBuilder | types (tests/router/url_builder.spec.ts)
  ✔ return all available routes for a given method (0.54ms)
  ✔ create a URL builder from routes list (0.78ms)
  ✔ return arguments accepted by the URL builder for a given route (0.28ms)
  ✔ accept route patterns when signed URL route lookup is disabled (0.97ms)

Safe decode URI (tests/safe_decode_uri.spec.ts)
  ✔ decode URI (0.73ms)
  ✔ decode URI with query string (0.33ms)
  ✔ decode URI with unicode values (0.29ms)
  ✔ should instruct to decode params when it contains a %2 (0.98ms)
  ✔ throw URIError on malformed UTF-8 sequences (2.15ms)
  ✔ decode URI and parse query string params (0.75ms)

Server (tests/server.spec.ts)
  ✔ get router instance used by the server (3.69ms)
  ✔ store http server instance (1.15ms)
  ✔ emit request finished route handler (15.14ms)
  ✔ pass config to node http server (4.05ms)

Server | Response handling (tests/server.spec.ts)
  ✔ invoke router handler (18.94ms)
  ✔ use route handler return value when response.send is not called (4.18ms)
  ✔ use route handler return value when handler is not async (2.21ms)
  ✔ use route handler return value when middleware does not return it (2.98ms)
  ✔ use route handler return value when server middleware does not return it (1.9ms)
  ✔ do not use return value when response.send is called (1.71ms)
  ✔ redirect to given route (5.19ms)
  ✔ redirect to given path (6.18ms)
  ✔ invoke a domain specific router handler (4.68ms)
  ✔ return 404 when route for a top level domain does not exists (5.99ms)
  ✔ redirect to a route using route.redirect method (3.37ms)
  ✔ redirect to a route and forward the incoming query string (4.14ms)
  ✔ redirect to a path using route.redirectToPath method (2.17ms)
  ✔ redirect to a path and forward the incoming query string (2.07ms)
  ✔ redirect to a route with custom status code (3.01ms)
  ✔ redirect to a path with custom status code (1.94ms)
  ✔ decode unicodes in route params and query string (2.76ms)
  ✔ respond with 400 when request URI contains malformed UTF-8 sequences (3.36ms)
  ✔ invoke onBadUrl callback when defined and request URI is malformed (2.12ms)

Server | middleware (tests/server.spec.ts)
  ✔ execute server middleware before route handler (2.94ms)
  ✔ execute server middleware before route middleware and handler (4.46ms)
  ✔ terminate request from server middleware (2.25ms)
  ✔ terminate request from server by raising exception (1.81ms)
  ✔ run upstream code when server middleware raises an exception (3.8ms)
  ✔ run upstream code when route middleware raises an exception (2.54ms)
  ✔ run upstream code when route handler raises an exception (4.93ms)
  ✔ get list of server middleware stack (2.2ms)

Server | error handler (tests/server.spec.ts)
  ✔ pass server middleware errors to the error handler (2.84ms)
  ✔ pass router middleware errors to the error handler (3.55ms)
  ✔ pass named middleware errors to the error handler (2.81ms)
  ✔ pass route handler errors to the error handler (4.93ms)
  ✔ report response serialization errors (2.44ms)
  ✔ report when error handler raises exception (4.75ms)
  ✔ await async report before handling error (107.35ms)

Server (tests/server.spec.ts)
  ✔ raise 404 when route is missing (2.7ms)

Server | force content negotiation (tests/server.spec.ts)
  ✔ find if the signed url signature is valid (2.46ms)
  ✔ access context from the async local storage (3.53ms)
  ✔ run a callback outside the ALS context (5.71ms)
  ✔ disallow async local storage access when not enabled (4.63ms)
  ✔ run a callback outside the ALS context (2.13ms)

Server | Pipeline (tests/server.spec.ts)
  ✔ execute middleware pipeline (2.85ms)
  ✔ run final handler (1.33ms)
  ✔ run error handler when error is thrown (1.33ms)

 PASSED 

Tests  661 passed (661)
 Time  3s
