$ go test -race -count=1 -v -run 'TestRegisterMethodWhileServing' .
=== RUN   TestRegisterMethodWhileServing
==================
WARNING: DATA RACE
Read at 0x00c000101230 by goroutine 9:
  runtime.mapaccess1_faststr()
      /tmp/go/src/internal/runtime/maps/runtime_faststr_swiss.go:103 +0x28c
  github.com/go-chi/chi/v5.(*Mux).routeHTTP()
      /tmp/chi/mux.go:476 +0x22c
  github.com/go-chi/chi/v5.(*Mux).routeHTTP-fm()
      <autogenerated>:1 +0x4c
  net/http.HandlerFunc.ServeHTTP()
      /tmp/go/src/net/http/server.go:2322 +0x48
  github.com/go-chi/chi/v5.(*Mux).ServeHTTP()
      /tmp/chi/mux.go:90 +0x4b0
  github.com/go-chi/chi/v5.TestRegisterMethodWhileServing.func2()
      /tmp/chi/mux_test.go:2171 +0xe0

Previous write at 0x00c000101230 by goroutine 8:
  runtime.mapaccess2_faststr()
      /tmp/go/src/internal/runtime/maps/runtime_faststr_swiss.go:162 +0x29c
  github.com/go-chi/chi/v5.RegisterMethod()
      /tmp/chi/tree.go:83 +0xf4
  github.com/go-chi/chi/v5.TestRegisterMethodWhileServing()
      /tmp/chi/mux_test.go:2174 +0x2c4
  testing.tRunner()
      /tmp/go/src/testing/testing.go:1934 +0x164
  testing.(*T).Run.gowrap1()
      /tmp/go/src/testing/testing.go:1997 +0x3c

Goroutine 9 (running) created at:
  github.com/go-chi/chi/v5.TestRegisterMethodWhileServing()
      /tmp/chi/mux_test.go:2168 +0x2b4
  testing.tRunner()
      /tmp/go/src/testing/testing.go:1934 +0x164
  testing.(*T).Run.gowrap1()
      /tmp/go/src/testing/testing.go:1997 +0x3c

Goroutine 8 (running) created at:
  testing.(*T).Run()
      /tmp/go/src/testing/testing.go:1997 +0x6e0
  testing.runTests.func1()
      /tmp/go/src/testing/testing.go:2477 +0x74
  testing.tRunner()
      /tmp/go/src/testing/testing.go:1934 +0x164
  testing.runTests()
      /tmp/go/src/testing/testing.go:2475 +0x734
  testing.(*M).Run()
      /tmp/go/src/testing/testing.go:2337 +0xaf4
  main.main()
      _testmain.go:163 +0x100
==================
    testing.go:1617: race detected during execution of test
--- FAIL: TestRegisterMethodWhileServing (0.00s)
FAIL
FAIL	github.com/go-chi/chi/v5	0.010s
FAIL
exit=1
